
There are no discarded input sections

Memory Configuration

Name             Origin             Length             Attributes
ROM              0x00000000         0x00004000         xr
RAM              0x00080000         0x00020000         xrw
*default*        0x00000000         0xffffffff

Linker script and memory map


.text           0x00000000      0x880
                0x00000000                        _start = .
 *(.vectors)
 *(.text .text.*)
 .text          0x00000000      0x880 monitor.o
                0x00000880                        . = ALIGN (0x4)
                0x00000880                        _start_end = .

.rodata         0x00000880        0x0
 *(.rodata .rodata.*)
                0x00000880                        . = ALIGN (0x4)

.data           0x00000880      0x47c
                0x00000880                        __data_load = LOADADDR (.data)
                0x00000880                        __data_start = .
 *(.data .data.*)
 .data          0x00000880      0x47c monitor.o
                0x00000cfc                        . = ALIGN (0x4)
                0x00000cfc                        __data_end = .

.checksum       0x00000cfc        0x4
                0x00000cfc                        . = ALIGN (0x4)
                0x00000cfc                        __checksum_addr = .
                0x00000cfc        0x4 LONG 0x0

.bss            0x00000d00      0x93c
                0x00000d00                        __bss_start = .
 *(.bss .bss.*)
 .bss           0x00000d00      0x939 monitor.o
 *(COMMON)
                0x0000163c                        . = ALIGN (0x4)
 *fill*         0x00001639        0x3 
                0x0000163c                        __bss_end = .

/DISCARD/
 *(.comment)
 *(.note.*)
LOAD monitor.o
OUTPUT(monitor.elf elf32-m68k)
