
There are no discarded input sections

Memory Configuration

Name             Origin             Length             Attributes
ROM              0x00000000         0x00004000         xr
RAM              0x00080000         0x00020000         xrw
*default*        0x00000000         0xffffffff

Linker script and memory map


.text           0x00000000      0x880
                0x00000000                        _start = .
 *(.vectors)
 *(.text .text.*)
 .text          0x00000000      0x880 monitor.o
                0x00000880                        . = ALIGN (0x4)
                0x00000880                        _start_end = .

.rodata         0x00000880        0x0
 *(.rodata .rodata.*)
                0x00000880                        . = ALIGN (0x4)

.data           0x00000880      0x470
                0x00000880                        __data_load = LOADADDR (.data)
                0x00000880                        __data_start = .
 *(.data .data.*)
 .data          0x00000880      0x46f monitor.o
                0x00000cf0                        . = ALIGN (0x4)
 *fill*         0x00000cef        0x1 
                0x00000cf0                        __data_end = .

.bss            0x00000cf0      0x930
                0x00000cf0                        __bss_start = .
 *(.bss .bss.*)
 .bss           0x00000cf0      0x930 monitor.o
 *(COMMON)
                0x00001620                        . = ALIGN (0x4)
                0x00001620                        __bss_end = .

/DISCARD/
 *(.comment)
 *(.note.*)
LOAD monitor.o
OUTPUT(monitor.elf elf32-m68k)
