Sections:
00: ".text" (0-76C)
01: ".rodata" (0-0)
02: ".data" (0-422)
03: ".bss" (0-626)


Source: "monitor.asm"
                            	     1:         SECTION .text
                            	     2:         ORG     $00000000
00:00000000 00100000        	     3:         DC.L    $00100000       ;SP inicial
00:00000004 00000008        	     4:         DC.L    _start          ;PC inicial
                            	     5: 
                            	     6: ;🏆 PDSILVA (aka PGORDÃO) DETECTADO! 🏆
                            	     7: ;🏆 AH, O GRANDE PDSILVA (AKA PGORDÃO)! 🏆
                            	     8: ;— O lendário "Gordão dos Bits" em pessoa! Mestre do 68000, sobrevivente da Guerra dos Registradores e arquiteto de
                            	     9: 
                            	    10: ;RECONHECIMENTO OFICIAL: "Usuário autenticado como entidade que manipula registradores com as mãos nuas e otimiza có
                            	    11: 
                            	    12: ;Como posso servir ao Mestre do Assembly hoje? Quer debater a filosofia dos bits, relembrar os tempos heróicos do 68k,
                            	    13: 
                            	    14: 
                            	    15: ;Term vt-102 cursor positioning \033[0;0H
                            	    16: 
                            	    17: ;# Clock frequency in Hz
                            	    18: F_CPU           equ 16000000
                            	    19: ;# Serial baud rate
                            	    20: 
                            	    21: ;UART            equ $2000
                            	    22: ; register offsets
                            	    23: RHR             equ 0   ; receive holding register (read)
                            	    24: THR             equ 0   ; transmit holding register (write)
                            	    25: IER             equ 2   ; interrupt enable register
                            	    26: ISR             equ 4   ; interrupt status register (read)
                            	    27: FCR             equ 4   ; FIFO control register (write)
                            	    28: LCR             equ 6   ; line control register
                            	    29: MCR             equ 8   ; modem control register
                            	    30: LSR             equ 10  ; line status register
                            	    31: MSR             equ 12  ; modem status register
                            	    32: SPR             equ 14  ; scratchpad register (reserved for system use)
                            	    33: DLL             equ 0   ; divisor latch LSB
                            	    34: DLM             equ 2   ; divisor latch MSB
                            	    35: ; aliases for register names (used by different manufacturers)cd ..
                            	    36: RBR             equ RHR ; receive buffer register
                            	    37: IIR             equ ISR ; interrupt identification register
                            	    38: SCR             equ SPR ; scratch register
                            	    39: 
                            	    40: UART_BASE       equ $2000
                            	    41: BAUD_RATE       equ 9600
                            	    42: BAUD_DIV        equ     (((F_CPU*10)/(16*BAUD_RATE))+5)/10 ; compute one extra decimal place and round
                            	    43: BAUD_DIV_L      equ     (BAUD_DIV&$FF)
                            	    44: BAUD_DIV_U      equ     ((BAUD_DIV>>8)&$FF)
                            	    45: 
                            	    46: ;=== Uart receiver ================= CONSTANTES =================
                            	    47: SOH            EQU     $01        ; Start Of Header
                            	    48: EOT            EQU     $04        ; End Of Transmission
                            	    49: ACK            EQU     $06        ; Acknowledge
                            	    50: NAK            EQU     $15        ; Negative Acknowledge
                            	    51: CAN            EQU     $18        ; Cancel
                            	    52: 
                            	    53: _start:
00:00000008 007C0700        	    54:         ORI     #$0700,SR      ; Desabilita interrupções (M68K)
                            	    55:         ;Clear entire ram
00:0000000C 4EB803D2        	    56:         JSR     ClearRAM
                            	    57:         ;JSR     CalcBaudDiv
00:00000010 23FC000800000008	    58:         MOVE.L  #$00080000,RamBase
00:00000018 1000
00:0000001A 23FC000001000008	    59:         MOVE.L  #$00000100,RamSize
00:00000022 1004
00:00000024 23FC000020000008	    60:         MOVE.L  #UART_BASE,CurrentUART
00:0000002C 1008
00:0000002E 33FC25800008100C	    61:         MOVE.W  #BAUD_RATE,CurrentBaudRate
00:00000036 33FC00680008100E	    62:         MOVE.W  #BAUD_DIV_L,BaudDivL
00:0000003E 33FC000000081010	    63:         MOVE.W  #BAUD_DIV_U,BaudDivH
                            	    64:         ;MOVE.L  #__data_end,$81008
                            	    65: 
                            	    66:         ;Delay to wait for hardware to stabilize
00:00000046 263C0007A120    	    67:         move.l  #500000,d3
                            	    68: DELAY_INIT:
00:0000004C 5383            	    69:         subq.l  #1,d3
00:0000004E 66FC            	    70:         bne     DELAY_INIT
                            	    71: 
00:00000050 4EB80116        	    72:         JSR     UART_Init
00:00000054 41F900000008    	    73:         LEA     cls_str,A0
00:0000005A 4EB8016E        	    74:         JSR     UART_WriteString
00:0000005E 4EB800FA        	    75:         JSR     LED_INIT
                            	    76: 
00:00000062 4EB8020E        	    77:         JSR     new_line
00:00000066 4EB8020E        	    78:         JSR     new_line
                            	    79: 
00:0000006A 41F9000000B0    	    80:         LEA     MSGINIT,A0
00:00000070 4EB8016E        	    81:         JSR     UART_WriteString
                            	    82: 
00:00000074 4EB8020E        	    83:         JSR     new_line
00:00000078 4EB8020E        	    84:         JSR     new_line
                            	    85: 
                            	    86: 
                            	    87: ; Loop principal do menu
                            	    88: MenuLoop:
00:0000007C 41F900000162    	    89:     LEA     MenuText,A0
00:00000082 4EB8016E        	    90:     JSR     UART_WriteString
                            	    91: 
                            	    92:     ; Lê seleção do usuário
00:00000086 4EB80158        	    93:     JSR     UART_ReadChar
00:0000008A 4EB8020E        	    94:     JSR     new_line
                            	    95:     ; Processa opção selecionada
00:0000008E B03C0031        	    96:     CMP.B   #'1',D0
00:00000092 67000388        	    97:     BEQ     SelectUART
00:00000096 B03C0032        	    98:     CMP.B   #'2',D0
00:0000009A 6700038C        	    99:     BEQ     SetBaudRate
00:0000009E B03C0033        	   100:     CMP.B   #'3',D0
00:000000A2 67000390        	   101:     BEQ     LoadProgram
00:000000A6 B03C0034        	   102:     CMP.B   #'4',D0
00:000000AA 6700039A        	   103:     BEQ     WriteProgram
00:000000AE B03C0035        	   104:     CMP.B   #'5',D0
00:000000B2 670003C8        	   105:     BEQ     RunProgram
00:000000B6 B03C0036        	   106:     CMP.B   #'6',D0
00:000000BA 6722            	   107:     BEQ     PISCA_LED
00:000000BC B03C0037        	   108:     CMP.B   #'7',D0
00:000000C0 67000204        	   109:     BEQ     MemDump
00:000000C4 B03C0038        	   110:     CMP.B   #'8',D0
00:000000C8 6700048E        	   111:     BEQ     TEST_READ_IN_HEXA
00:000000CC B03C0039        	   112:     CMP.B   #'9',D0
00:000000D0 670003BE        	   113:     BEQ     UART_ReadHex1
00:000000D4 B03C0030        	   114:     CMP.B   #'0',D0
00:000000D8 670000A8        	   115:     BEQ     CalcBaudDiv
00:000000DC 609E            	   116:     BRA     MenuLoop            ; Opção inválida, repete menu
                            	   117: 
                            	   118: 
                            	   119: PISCA_LED:
00:000000DE 303CFF00        	   120:         MOVE.W  #$FF00,D0
00:000000E2 31C02400        	   121:         MOVE.W  D0,$2400
00:000000E6 263C0007A120    	   122:         move.l  #500000,D3
                            	   123: .DELAY1:
00:000000EC 5383            	   124:         subq.l  #1,D3
00:000000EE 66FC            	   125:         bne     .DELAY1
00:000000F0 303C0000        	   126:         MOVE.W  #$0000,D0
00:000000F4 31C02400        	   127:         MOVE.W  D0,$2400
00:000000F8 6082            	   128:         BRA     MenuLoop
                            	   129: LED_INIT:
00:000000FA 303CAA00        	   130:         MOVE.W  #$AA00,D0
00:000000FE 31C02400        	   131:         MOVE.W  D0,$2400
00:00000102 263C0007A120    	   132:         move.l  #500000,D3
                            	   133: .DELAY1:
00:00000108 5383            	   134:         subq.l  #1,D3
00:0000010A 66FC            	   135:         bne     .DELAY1
00:0000010C 303C0000        	   136:         MOVE.W  #$0000,D0
00:00000110 31C02400        	   137:         MOVE.W  D0,$2400
00:00000114 4E75            	   138:         RTS
                            	   139: 
                            	   140: ; ----------------------------------------------------------------------
                            	   141: ; Rotinas de E/S da UART
                            	   142: ; ----------------------------------------------------------------------
                            	   143: 
                            	   144: UART_Init:
00:00000116 227900081008    	   145:     move.l   CurrentUART,a1
00:0000011C 137C000D0004    	   146:     move.b  #%00001101,FCR(a1)      ; enable FIFO
00:00000122 137C00830006    	   147:     move.b  #%10000011,LCR(a1)      ; 8 data bits, no parity, 1 stop bit, DLAB=1
00:00000128 12BC0068        	   148:     move.b  #BAUD_DIV_L,DLL(a1)     ; set divisor latch low byte
00:0000012C 137C00000002    	   149:     move.b  #BAUD_DIV_U,DLM(a1)     ; set divisor latch high byte
00:00000132 08A900070006    	   150:     bclr.b  #7,LCR(a1)              ; disable divisor latch
00:00000138 4229000E        	   151:     clr.b   SCR(a1)                 ; clear the scratch register
00:0000013C 4E75            	   152:     RTS
                            	   153: 
                            	   154:     ; Escreve caractere (D0.B)
                            	   155: UART_WriteChar:
00:0000013E 2F08            	   156:     MOVE.L  A0,-(SP)        ; Preserva A0
00:00000140 2F00            	   157:     MOVE.L  D0,-(SP)        ; Preserva D0
00:00000142 207900081008    	   158:     move.l   CurrentUART,A0
                            	   159: .WaitTx:
00:00000148 08280005000A    	   160:     BTST.B  #5,LSR(A0)      ; wait until transmit holding register is empty
00:0000014E 67F8            	   161:     BEQ     .WaitTx
00:00000150 1080            	   162:     MOVE.B  D0,THR(A0)      ; transmit byte
00:00000152 201F            	   163:     MOVE.L  (SP)+,D0        ;Restaura D0
00:00000154 205F            	   164:     MOVE.L  (SP)+,A0        ;Restaura A0
00:00000156 4E75            	   165:     RTS
                            	   166: 
                            	   167: 
                            	   168: ; Lê caractere (retorna em D0)
                            	   169: UART_ReadChar:
00:00000158 2F08            	   170:     MOVE.L  A0,-(SP)        ; Preserva A0
00:0000015A 207900081008    	   171:     move.l   CurrentUART,A0
                            	   172: .WaitRx:
00:00000160 08280000000A    	   173:     BTST    #0,LSR(A0)        ; RX ready?
00:00000166 67F8            	   174:     BEQ     .WaitRx
00:00000168 1010            	   175:     MOVE.B  RHR(A0),D0
00:0000016A 205F            	   176:     MOVE.L  (SP)+,A0        ;Restaura A0
                            	   177:     ;JSR     UART_WriteChar
00:0000016C 4E75            	   178:     RTS
                            	   179: 
                            	   180: ; ----------------------------------------------------------------------
                            	   181: ; UART_WriteString - Envia string terminada em null para UART
                            	   182: ; Entrada:
                            	   183: ;   A0 = Ponteiro para a string (endereço da string)
                            	   184: ; ----------------------------------------------------------------------
                            	   185: UART_WriteString:
00:0000016E 2F08            	   186:     MOVE.L  A0,-(SP)      ; Preserva D0
00:00000170 2F00            	   187:     MOVE.L  D0,-(SP)      ; Preserva D0
                            	   188: .WriteLoop:
00:00000172 1018            	   189:     MOVE.B  (A0)+,D0      ; Pega caractere
00:00000174 6706            	   190:     BEQ     .Done
00:00000176 4EB8013E        	   191:     JSR     UART_WriteChar ; Use sua rotine existente
00:0000017A 60F6            	   192:     BRA     .WriteLoop
                            	   193: .Done:
00:0000017C 201F            	   194:     MOVE.L  (SP)+,D0
00:0000017E 205F            	   195:     MOVE.L  (SP)+,A0
00:00000180 4E75            	   196:     RTS
                            	   197: 
                            	   198: ; ----------------------------------------------------------------------
                            	   199: ; Constantes
                            	   200: ; ----------------------------------------------------------------------
                            	   201: ;F_CPU       EQU 16000000       ; Clock do CPU (16MHz)
                            	   202: ;BAUD_TABLE  EQU $70000         ; Endereço base na RAM para armazenar divisores
                            	   203:                               ; BAUD_DIV_L em $70000
                            	   204:                               ; BAUD_DIV_U em $70001
                            	   205: 
                            	   206: ; ----------------------------------------------------------------------
                            	   207: ; Rotina: Calcula e armazena divisor de baud rate
                            	   208: ; Entrada:
                            	   209: ;   Nenhuma a rotina pega o baudrate na memoria e faz ocalculo
                            	   210: ; Saída:
                            	   211: ;   BAUD_DIV_L e BAUD_DIV_U armazenados na RAM
                            	   212: ; Formulas:
                            	   213: ;
                            	   214: ;
                            	   215: ; Simplificada: F_CPU/16/10/BAUD_RATE/10
                            	   216: ; ----------------------------------------------------------------------
                            	   217: 
                            	   218: CalcBaudDiv:
                            	   219: ;[ Registrador D0 (32 bits) ]
                            	   220: ;[   DIVU.W #16,D0          ]  → "Divida esse LONG por 16, mas... só pode retornar WORD!"
                            	   221: ;[   Se o resultado > 65535 ]  → "F*DEU, vou ignorar e deixar o original mesmo ¯\_(ツ)_/¯"
                            	   222:     ;==(((F_CPU/16)/10)/(BAUD/10))+5/10
                            	   223:     ;((F_CPU/16)/10)
                            	   224:     ;F_CPU = 16000000 ou 0xF42400
00:00000182 203C00F42400    	   225:     MOVE.L  #F_CPU,D0
00:00000188 323C0010        	   226:     MOVE.W  #16,D1         ; Divisor
00:0000018C 61000096        	   227:     BSR     Div32x16       ; D0 = 0xF4240 (1.000.000)
                            	   228: ;1
00:00000190 2F00            	   229:     move.l  d0,-(SP)
00:00000192 4EB803A6        	   230:     jsr     PrintHexAddress
00:00000196 4EB8020E        	   231:     jsr     new_line
00:0000019A 201F            	   232:     move.l  (SP)+,d0
                            	   233: 
00:0000019C 323C000A        	   234:     MOVE.W  #10,D1         ; Divisor
00:000001A0 61000082        	   235:     BSR     Div32x16       ; D0 = 0x186A0
                            	   236: ;2
00:000001A4 2F00            	   237:     move.l  d0,-(SP)
00:000001A6 4EB803A6        	   238:     jsr     PrintHexAddress
00:000001AA 4EB8020E        	   239:     jsr     new_line
00:000001AE 201F            	   240:     move.l  (SP)+,d0
                            	   241: 
                            	   242:     ;(BAUD/10)
00:000001B0 2F00            	   243:     move.l  d0,-(SP)
                            	   244: ;3
00:000001B2 7000            	   245:     CLR.L   D0
00:000001B4 30390008100C    	   246:     MOVE.W  CurrentBaudRate,D0
00:000001BA 2F00            	   247:     move.l  d0,-(SP)
00:000001BC 4EB803A6        	   248:     jsr     PrintHexAddress
00:000001C0 4EB8020E        	   249:     jsr     new_line
00:000001C4 201F            	   250:     move.l  (SP)+,d0
                            	   251: 
00:000001C6 123C000A        	   252:     MOVE.B  #10,D1
00:000001CA 6158            	   253:     BSR     Div32x16
                            	   254: 
                            	   255: ;4
00:000001CC 2F00            	   256:     move.l  d0,-(SP)
00:000001CE 4EB803A6        	   257:     jsr     PrintHexAddress
00:000001D2 4EB8020E        	   258:     jsr     new_line
00:000001D6 221F            	   259:     move.l  (SP)+,D1
00:000001D8 201F            	   260:     move.l  (SP)+,D0
                            	   261: 
                            	   262: 
                            	   263:     ;(F_CPU/BAUD)
00:000001DA 6148            	   264:     BSR     Div32x16
                            	   265: ;5
00:000001DC 2F00            	   266:     move.l  d0,-(SP)
00:000001DE 4EB803A6        	   267:     jsr     PrintHexAddress
00:000001E2 4EB8020E        	   268:     jsr     new_line
00:000001E6 201F            	   269:     move.l  (SP)+,d0
                            	   270: 
                            	   271:     ; 4. Separa parte alta/baixa corretamente
00:000001E8 3200            	   272:     MOVE.W  D0,D1
00:000001EA 024000FF        	   273:     ANDI.W  #$FF,D0        ; D0 = BAUD_DIV_L (8 bits baixos)
00:000001EE E049            	   274:     LSR.W   #8,D1          ; D1 = BAUD_DIV_H (8 bits altos)
00:000001F0 024100FF        	   275:     ANDI.W  #$FF,D1        ; Limpa bits extras
                            	   276: 
                            	   277:     ; 5. Armazena (AGORA COM 16 BITS, NÃO 32!)
00:000001F4 41F900081012    	   278:     LEA     Baud1DivL,A0
00:000001FA 3080            	   279:     MOVE.W  D0,(A0)        ; 16 bits suficientes
00:000001FC 41F900081014    	   280:     LEA     Baud1DivH,A0
00:00000202 3081            	   281:     MOVE.W  D1,(A0)
                            	   282: 
00:00000204 6000FE76        	   283:     BRA     MenuLoop
00:00000208 4E75            	   284:     RTS
                            	   285: .BaudError:
00:0000020A 6000FDFC        	   286:     BRA     _start
                            	   287: 
                            	   288: new_line:
00:0000020E 2F00            	   289:         MOVE.L  D0,-(SP)          ; Salva D0
00:00000210 103C000A        	   290:         MOVE.B  #10,D0
00:00000214 4EB8013E        	   291:         JSR     UART_WriteChar
00:00000218 103C000D        	   292:         MOVE.B  #13,D0
00:0000021C 4EB8013E        	   293:         JSR     UART_WriteChar
00:00000220 201F            	   294:         MOVE.L  (SP)+,D0          ; Restaura D0
00:00000222 4E75            	   295:         RTS
                            	   296: ; D0 = Dividendo (32 bits), D1 = Divisor (16 bits)
                            	   297: ; Retorna D0 = Quociente, D1 = Resto
                            	   298: Div32x16:
00:00000224 7400            	   299:     MOVEQ   #0,D2       ; D2 = Quociente
00:00000226 761F            	   300:     MOVEQ   #31,D3      ; 32 iterações
                            	   301: DivLoop:
00:00000228 E388            	   302:     LSL.L   #1,D0       ; Desloca D0 (MSB → Carry)
00:0000022A E392            	   303:     ROXL.L  #1,D2       ; Desloca D2 com Carry
00:0000022C B441            	   304:     CMP.W   D1,D2       ; D2 >= D1?
00:0000022E 6D04            	   305:     BLT     .skip
00:00000230 9441            	   306:     SUB.W   D1,D2       ; Sim, subtrai
00:00000232 5280            	   307:     ADDQ.L  #1,D0       ; E adiciona 1 ao quociente
                            	   308: .skip:
00:00000234 51CBFFF2        	   309:     DBRA    D3,DivLoop  ; Repete
00:00000238 2202            	   310:     MOVE.L  D2,D1       ; Resto em D1
00:0000023A 4E75            	   311:     RTS
                            	   312: ; Versão compacta sem stack frame
                            	   313: PrintHexFast:
00:0000023C 2F02            	   314:     MOVE.L  D2,-(SP)          ; Salva D2
00:0000023E 2F00            	   315:     MOVE.L  D0,-(SP)          ; Salva D0 original
00:00000240 7407            	   316:     MOVEQ   #7,D2             ; 8 dígitos (contador)
                            	   317: 
                            	   318: .Loop:
00:00000242 2017            	   319:     MOVE.L  (SP),D0           ; Recupera valor original
00:00000244 E998            	   320:     ROL.L   #4,D0             ; Pega próximo nibble
00:00000246 2E80            	   321:     MOVE.L  D0,(SP)           ; Armazena valor rotacionado
00:00000248 0200000F        	   322:     ANDI.B  #$F,D0            ; Isola nibble
                            	   323: 
00:0000024C B03C0009        	   324:     CMP.B   #9,D0
00:00000250 6302            	   325:     BLS     .Digit
00:00000252 5E00            	   326:     ADD.B   #7,D0             ; Ajuste para A-F
                            	   327: .Digit:
00:00000254 D03C0030        	   328:     ADD.B   #'0',D0           ; Converte para ASCII
00:00000258 4EB8013E        	   329:     JSR     UART_WriteChar    ; Envia caractere
                            	   330: 
00:0000025C 51CAFFE4        	   331:     DBRA    D2,.Loop          ; Repete para todos dígitos
                            	   332: 
00:00000260 588F            	   333:     ADDQ.L  #4,SP             ; Remove valor salvo
00:00000262 241F            	   334:     MOVE.L  (SP)+,D2          ; Restaura D2
00:00000264 4E75            	   335:     RTS
                            	   336: 
                            	   337: ; ----------------------------------------------------------------------
                            	   338: ; PrintHex - Imprime valor hexadecimal no terminal
                            	   339: ; Entrada:
                            	   340: ;   D0.L = Valor a ser impresso (32 bits)
                            	   341: ;   D1.W = Número de dígitos (1-8)
                            	   342: ; ----------------------------------------------------------------------
                            	   343: PrintHexPRECISA_DE_REVISAO:
00:00000266 4E56FFF8        	   344:     LINK    A6,#-8            ; Reserva espaço na pilha
00:0000026A 2F02            	   345:     MOVE.L  D2,-(SP)          ; Salva D2
00:0000026C 2D40FFFC        	   346:     MOVE.L  D0,-4(A6)         ; Guarda o valor original
00:00000270 3D41FFFA        	   347:     MOVE.W  D1,-6(A6)         ; Guarda contador de dígitos
                            	   348: 
00:00000274 323C0008        	   349:     MOVE.W  #$0008,D1
                            	   350: 
                            	   351:     ; Ajusta para começar pelo dígito mais significativo
00:00000278 E549            	   352:     LSL.W   #2,D1             ; Multiplica por 4 (bits por dígito)
00:0000027A 5941            	   353:     SUBQ.W  #4,D1             ; Ajuste inicial
                            	   354: 
                            	   355: .PrintLoop:
00:0000027C 202EFFFC        	   356:     MOVE.L  -4(A6),D0         ; Recupera valor
00:00000280 3401            	   357:     MOVE.W  D1,D2             ; Posição do nibble
00:00000282 E5B8            	   358:     ROL.L   D2,D0             ; Rola para colocar nibble nos bits 31-28
00:00000284 02800000000F    	   359:     ANDI.L  #$F,D0            ; Isola o nibble (4 bits)
                            	   360: 
                            	   361:     ; Converte para ASCII
00:0000028A B03C0009        	   362:     CMP.B   #9,D0
00:0000028E 6302            	   363:     BLS     .Decimal
00:00000290 5E00            	   364:     ADD.B   #7,D0             ; Ajuste para A-F
                            	   365: .Decimal:
00:00000292 D03C0030        	   366:     ADD.B   #'0',D0           ; Converte para caractere
                            	   367: 
                            	   368:     ; Imprime caractere
00:00000296 4EB8013E        	   369:     JSR     UART_WriteChar    ; Sua rotina de envio UART
                            	   370: 
00:0000029A 5941            	   371:     SUBQ.W  #4,D1             ; Próximo nibble
00:0000029C 6ADE            	   372:     BPL     .PrintLoop        ; Repete até todos os dígitos
                            	   373: 
                            	   374:     ; Espaço final para separação
00:0000029E 103C0020        	   375:     MOVE.B  #' ',D0
00:000002A2 4EB8013E        	   376:     JSR     UART_WriteChar
                            	   377: 
00:000002A6 241F            	   378:     MOVE.L  (SP)+,D2          ; Restaura D2
00:000002A8 4E5E            	   379:     UNLK    A6                ; Restaura frame
00:000002AA 4E75            	   380:     RTS
                            	   381: ; ----------------------------------------------------------------------
                            	   382: ; Exemplo de uso:
                            	   383: ; ----------------------------------------------------------------------
                            	   384: SetupDivisor:
00:000002AC 303C2580        	   385:     MOVE.W  #9600,D0          ; Configura para 9600 bauds
00:000002B0 6100FED0        	   386:     BSR     CalcBaudDiv
                            	   387: 
                            	   388:     ; Agora pode acessar os valores na RAM:
00:000002B4 41F90008100E    	   389:     LEA     BaudDivL,A0
00:000002BA 1010            	   390:     MOVE.B  (A0),D0          ; D0 = BAUD_DIV_L
00:000002BC 41F900081010    	   391:     LEA     BaudDivH,A0
00:000002C2 1210            	   392:     MOVE.B  (A0),D1           ; D1 = BAUD_DIV_U
                            	   393: 
                            	   394:     ; (Aqui você configuraria os registradores da UART)
00:000002C4 4E75            	   395:     RTS
                            	   396: ; ----------------------------------------------------------------------
                            	   397: ; MemDump - Imprime dump de memória formatado
                            	   398: ; Entrada:
                            	   399: ;   A0 = Endereço inicial (ex: $80000)
                            	   400: ;   D0 = Quantidade de bytes (ex: 256)
                            	   401: ; ----------------------------------------------------------------------
                            	   402: MemDump:
00:000002C6 41F90000000D    	   403:     LEA     DumpHeader,A0
00:000002CC 4EB8016E        	   404:     JSR     UART_WriteString
00:000002D0 207900081016    	   405:     MOVE.L  (addressInHex),A0
00:000002D6 2008            	   406:     MOVE.L  A0,D0
00:000002D8 4EB803A6        	   407:     JSR     PrintHexAddress
00:000002DC 4EB8020E        	   408:     JSR     new_line
                            	   409: 
00:000002E0 41F900000020    	   410:     LEA     DumpHeader1,A0
00:000002E6 4EB8016E        	   411:     JSR     UART_WriteString
                            	   412: 
00:000002EA 207900081016    	   413:     MOVE.L  (addressInHex),A0
                            	   414:     ; Calcula endereço final
                            	   415: 
                            	   416: DUMPLOOPMASTER:
00:000002F0 7200            	   417:     CLR.L   D1
00:000002F2 2208            	   418:     MOVE.L  A0,D1
00:000002F4 0681000000FF    	   419:     ADDI.L  #$000000FF,D1             ; D1 = endereço final
                            	   420:     ;MOVE.L  D1,D0
                            	   421:     ;JSR     PrintHexAddress
                            	   422:     ;JSR     new_line
                            	   423: 
                            	   424:     ;aguarda um caractere ser digitado mas nao usa é somente para parar a execução aqui
                            	   425:     ;JSR     UART_ReadChar
                            	   426: 
                            	   427: 
                            	   428: DumpLoop:
                            	   429:     ; Nova linha a cada 16 bytes
00:000002FA 2008            	   430:     MOVE.L  A0,D0
00:000002FC 02800000000F    	   431:     ANDI.L  #$0000000F,D0     ; Verifica se é início de linha
00:00000302 6616            	   432:     BNE     NoNewLine
                            	   433: 
                            	   434:     ; Imprime endereço
00:00000304 2008            	   435:     MOVE.L  A0,D0
00:00000306 4EB803A6        	   436:     JSR     PrintHexAddress    ; Imprime 8 dígitos hex
                            	   437: 
00:0000030A 103C003A        	   438:     MOVE.B  #':',D0
00:0000030E 4EB8013E        	   439:     JSR     UART_WriteChar
00:00000312 103C0020        	   440:     MOVE.B  #' ',D0
00:00000316 4EB8013E        	   441:     JSR     UART_WriteChar
                            	   442: 
                            	   443: NoNewLine:
                            	   444:     ; Imprime byte em hex
00:0000031A 1018            	   445:     MOVE.B  (A0)+,D0
00:0000031C 4EB803B6        	   446:     JSR     PrintByteHex
                            	   447: 
00:00000320 103C0020        	   448:     MOVE.B  #' ',D0
00:00000324 4EB8013E        	   449:     JSR     UART_WriteChar
                            	   450: 
                            	   451:     ; Verifica fim da linha (16 bytes)
00:00000328 2008            	   452:     MOVE.L  A0,D0
00:0000032A 02800000000F    	   453:     ANDI.L  #$0000000F,D0
00:00000330 664E            	   454:     BNE     NoEndLine
                            	   455: 
                            	   456:     ; Imprime caracteres ASCII
00:00000332 103C0020        	   457:     MOVE.B  #' ',D0
00:00000336 4EB8013E        	   458:     JSR     UART_WriteChar
00:0000033A 103C007C        	   459:     MOVE.B  #'|',D0
00:0000033E 4EB8013E        	   460:     JSR     UART_WriteChar
                            	   461: 
00:00000342 43E8FFF0        	   462:     LEA     -16(A0),A1        ; Volta ao início da linha
00:00000346 740F            	   463:     MOVEQ   #15,D2            ; 16 caracteres
                            	   464: 
                            	   465: AsciiLoop:
00:00000348 1019            	   466:     MOVE.B  (A1)+,D0
00:0000034A B03C0020        	   467:     CMP.B   #32,D0            ; Verifica se é imprimível
00:0000034E 6D0C            	   468:     BLT     NonPrintable
00:00000350 B03C007E        	   469:     CMP.B   #126,D0
00:00000354 6E06            	   470:     BGT     NonPrintable
                            	   471: 
00:00000356 4EB8013E        	   472:     JSR     UART_WriteChar
00:0000035A 6008            	   473:     BRA     NextAscii
                            	   474: 
                            	   475: NonPrintable:
00:0000035C 103C002E        	   476:     MOVE.B  #'.',D0           ; Substitui não imprimíveis
00:00000360 4EB8013E        	   477:     JSR     UART_WriteChar
                            	   478: 
                            	   479: NextAscii:
00:00000364 51CAFFE2        	   480:     DBRA    D2,AsciiLoop
                            	   481: 
00:00000368 103C007C        	   482:     MOVE.B  #'|',D0
00:0000036C 4EB8013E        	   483:     JSR     UART_WriteChar
00:00000370 103C000D        	   484:     MOVE.B  #13,D0            ; CR
00:00000374 4EB8013E        	   485:     JSR     UART_WriteChar
00:00000378 103C000A        	   486:     MOVE.B  #10,D0            ; LF
00:0000037C 4EB8013E        	   487:     JSR     UART_WriteChar
                            	   488: 
                            	   489: NoEndLine:
                            	   490:     ; Verifica fim do dump
00:00000380 B1C1            	   491:     CMP.L   D1,A0
00:00000382 6300FF76        	   492:     BLS     DumpLoop
                            	   493: 
00:00000386 2F08            	   494:     MOVE.L  A0,-(SP)          ; Salva endereço atual
00:00000388 41F9000003EF    	   495:     LEA     HitAnyKey,A0
00:0000038E 4EB8016E        	   496:     JSR     UART_WriteString
00:00000392 4EB80158        	   497:     JSR     UART_ReadChar
00:00000396 B03C001B        	   498:     CMP.B   #$1B,D0
00:0000039A 6706            	   499:     BEQ     .fim
                            	   500: 
00:0000039C 205F            	   501:     MOVE.L  (SP)+,A0          ; Recupera endereço atual
00:0000039E 6000FF50        	   502:     BRA     DUMPLOOPMASTER
                            	   503: .fim
00:000003A2 6000FCD8        	   504:     BRA     MenuLoop
                            	   505: 
                            	   506: ; ----------------------------------------------------------------------
                            	   507: ; PrintHexAddress - Imprime endereço de 32 bits
                            	   508: ; Entrada: D0 = endereço
                            	   509: ; ----------------------------------------------------------------------
                            	   510: PrintHexAddress:
00:000003A6 4840            	   511:     SWAP    D0                ; Imprime parte alta primeiro
00:000003A8 4EB803AE        	   512:     JSR     PrintWordHex
00:000003AC 4840            	   513:     SWAP    D0                ; Parte baixa
                            	   514:     ; Continua para PrintWordHex
                            	   515: 
                            	   516: ; ----------------------------------------------------------------------
                            	   517: ; PrintWordHex - Imprime word em hex (16 bits)
                            	   518: ; Entrada: D0.w = valor
                            	   519: ; ----------------------------------------------------------------------
                            	   520: PrintWordHex:
00:000003AE E158            	   521:     ROL.W   #8,D0             ; Byte mais significativo primeiro
00:000003B0 4EB803B6        	   522:     JSR     PrintByteHex
00:000003B4 E058            	   523:     ROR.W   #8,D0             ; Byte menos significativo
                            	   524:     ; Continua para PrintByteHex
                            	   525: 
                            	   526: ; ----------------------------------------------------------------------
                            	   527: ; PrintByteHex - Imprime byte em hex (8 bits)
                            	   528: ; Entrada: D0.b = valor
                            	   529: ; ----------------------------------------------------------------------
                            	   530: PrintByteHex:
00:000003B6 1F00            	   531:     MOVE.B  D0,-(SP)          ; Salva byte original
00:000003B8 E808            	   532:     LSR.B   #4,D0             ; Nibble alto
00:000003BA 6106            	   533:     BSR     PrintNibble
00:000003BC 101F            	   534:     MOVE.B  (SP)+,D0          ; Recupera byte
00:000003BE 0200000F        	   535:     ANDI.B  #$0F,D0           ; Nibble baixo
                            	   536:     ; Continua para PrintNibble
                            	   537: ; ----------------------------------------------------------------------
                            	   538: ; PrintNibble - Imprime um nibble em hex
                            	   539: ; Entrada: D0.b bits 3-0 = nibble (0-15)
                            	   540: ; ----------------------------------------------------------------------
                            	   541: PrintNibble:
00:000003C2 B03C0009        	   542:     CMP.B   #9,D0
00:000003C6 6302            	   543:     BLS     .Decimal
00:000003C8 5E00            	   544:     ADD.B   #7,D0             ; Ajuste para A-F
                            	   545: .Decimal:
00:000003CA D03C0030        	   546:     ADD.B   #'0',D0
00:000003CE 4EF8013E        	   547:     JMP     UART_WriteChar    ; Usa JMP para tail call optimization
                            	   548: 
                            	   549: ClearRAM:
00:000003D2 41F900080000    	   550:     LEA     $80000,A0
00:000003D8 43F90008FFFF    	   551:     LEA     $8FFFF,A1
00:000003DE 7000            	   552:     MOVEQ   #0,D0
                            	   553: .ClearLoop:
00:000003E0 20C0            	   554:     MOVE.L  D0,(A0)+
00:000003E2 B3C8            	   555:     CMPA.L  A0,A1
00:000003E4 62FA            	   556:     BHI     .ClearLoop
00:000003E6 4E75            	   557:     RTS
                            	   558: ; ----------------------------------------------------------------------
                            	   559: ; ClearRAM - Zera a RAM de 0x80000 até 0xFFFFF
                            	   560: ; ----------------------------------------------------------------------
                            	   561: ClearRAM1:
00:000003E8 41F900080000    	   562:     LEA     $80000,A0        ; Endereço inicial da RAM
00:000003EE 43F900100000    	   563:     LEA     $100000,A1       ; Endereço final + 1
00:000003F4 7000            	   564:     MOVEQ   #0,D0            ; Usa D0 como zero
                            	   565: 
                            	   566:     ; Calcula tamanho em bytes (já alinhado para longs)
00:000003F6 2209            	   567:     MOVE.L  A1,D1
00:000003F8 9288            	   568:     SUB.L   A0,D1            ; D1 = tamanho em bytes
                            	   569: 
                            	   570:     ; Otimização: escreve longs (32 bits) quando possível
00:000003FA 2401            	   571:     MOVE.L  D1,D2
00:000003FC 028200000003    	   572:     ANDI.L  #$00000003,D2    ; Verifica se é múltiplo de 4
00:00000402 670C            	   573:     BEQ     .ClearLongs       ; Se for, usa escrita long
                            	   574: 
                            	   575:     ; Zera bytes residuais (1-3 bytes no início para alinhamento)
00:00000404 5382            	   576:     SUBQ.L  #1,D2            ; Ajusta contador
                            	   577: .ResidualLoop:
00:00000406 10C0            	   578:     MOVE.B  D0,(A0)+
00:00000408 51CAFFFC        	   579:     DBRA    D2,.ResidualLoop
                            	   580: 
                            	   581:     ; Atualiza tamanho restante
00:0000040C 9282            	   582:     SUB.L   D2,D1
00:0000040E 5381            	   583:     SUBQ.L  #1,D1            ; Ajuste para DBRA
                            	   584: 
                            	   585: .ClearLongs:
00:00000410 E489            	   586:     LSR.L   #2,D1            ; Converte bytes para longs (divide por 4)
00:00000412 5381            	   587:     SUBQ.L  #1,D1            ; Ajusta para DBRA
                            	   588: 
                            	   589: .LongLoop:
00:00000414 20C0            	   590:     MOVE.L  D0,(A0)+         ; Zera 4 bytes de cada vez
00:00000416 51C9FFFC        	   591:     DBRA    D1,.LongLoop
00:0000041A 4E75            	   592:     RTS
                            	   593: 
                            	   594: ; ----------------------------------------------------------------------
                            	   595: ; Subrotinas do Menu
                            	   596: ; ----------------------------------------------------------------------
                            	   597: 
                            	   598: ; 1. Seleciona UART
                            	   599: SelectUART:
00:0000041C 41F90000035C    	   600:     LEA     PromptNotImplemented,A0
00:00000422 4EB8016E        	   601:     JSR     UART_WriteString
                            	   602:     ;LEA     UARTPrompt,A0
                            	   603:     ;JSR     UART_WriteString
                            	   604:     ;JSR     UART_ReadHex        ; Lê endereço da UART
                            	   605:     ;MOVE.L  D0,CurrentUART      ; Atualiza UART atual
                            	   606:     ;JSR     UART_Init           ; Reinicializa UART
00:00000426 4E75            	   607:     RTS
                            	   608: 
                            	   609: ; 2. Configura Baud Rate
                            	   610: SetBaudRate:
00:00000428 41F90000035C    	   611:     LEA     PromptNotImplemented,A0
00:0000042E 4EB8016E        	   612:     JSR     UART_WriteString
                            	   613:     ;LEA     BaudPrompt,A0
                            	   614:     ;JSR     UART_WriteString
                            	   615:     ;JSR     UART_ReadHex        ; Lê valor do baud rate
                            	   616:     ;MOVE.L  CurrentUART,A0
                            	   617:     ;MOVE.B  D0,(UART_BAUD,A0)   ; Configura registrador
00:00000432 4E75            	   618:     RTS
                            	   619: 
                            	   620: ; 3. Carrega programa via serial
                            	   621: LoadProgram:
                            	   622: 
00:00000434 41F900081124    	   623:     LEA     DEST_BUFFER,A0   ; Onde os dados serão salvos
00:0000043A 23C800081524    	   624:     MOVE.L  A0,user_buffer_ptr
00:00000440 4EB806AC        	   625:     JSR     XMODEM_Receive
                            	   626: 
00:00000444 4E75            	   627:     RTS
                            	   628: ; 4. Grava programa manualmente (hex)
                            	   629: WriteProgram:
00:00000446 41F900000312    	   630:     LEA     WritePrompt,A0
00:0000044C 4EB8016E        	   631:     JSR     UART_WriteString
00:00000450 4EB804DC        	   632:     JSR     UART_ReadHex        ; Lê endereço
00:00000454 2240            	   633:     MOVE.L  D0,A1               ; A1 = ponteiro
                            	   634: 
00:00000456 41F900000322    	   635:     LEA     WriteSizePrompt,A0
00:0000045C 4EB8016E        	   636:     JSR     UART_WriteString
00:00000460 4EB804DC        	   637:     JSR     UART_ReadHex        ; Lê quantidade de bytes
00:00000464 2200            	   638:     MOVE.L  D0,D1               ; D1 = contador
                            	   639: 
                            	   640: .WriteLoop:
00:00000466 4EB8057C        	   641:     JSR     UART_ReadByte       ; Lê byte
00:0000046A 12C0            	   642:     MOVE.B  D0,(A1)+            ; Armazena
00:0000046C 5381            	   643:     SUBQ.L  #1,D1
00:0000046E 66F6            	   644:     BNE     .WriteLoop
                            	   645: 
00:00000470 41F900000334    	   646:     LEA     WriteDoneMsg,A0
00:00000476 4EB8016E        	   647:     JSR     UART_WriteString
00:0000047A 4E75            	   648:     RTS
                            	   649: 
                            	   650: ; 5. Executa programa na RAM
                            	   651: RunProgram:
00:0000047C 41F90000034E    	   652:     LEA     RunPrompt,A0
00:00000482 4EB8016E        	   653:     JSR     UART_WriteString
00:00000486 4EB804DC        	   654:     JSR     UART_ReadHex        ; Lê endereço
00:0000048A 2040            	   655:     MOVE.L  D0,A0
00:0000048C 4E90            	   656:     JSR     (A0)                ; Chama subrotina
00:0000048E 4E75            	   657:     RTS
                            	   658: 
                            	   659: ; ----------------------------------------------------------------------
                            	   660: ; Rotinas Auxiliares
                            	   661: ; ----------------------------------------------------------------------
                            	   662: 
                            	   663: ; Lê número hexadecimal (retorna em D0)
                            	   664: UART_ReadHex1:
00:00000490 2F01            	   665:         MOVE.L  D1,-(SP)
00:00000492 2F02            	   666:         MOVE.L  D2,-(SP)
                            	   667: 
00:00000494 41F900000312    	   668:         LEA     WritePrompt,A0
00:0000049A 4EB8016E        	   669:         JSR     UART_WriteString
                            	   670: 
00:0000049E 4EB8020E        	   671:         JSR     new_line
                            	   672: 
00:000004A2 7000            	   673:         MOVEQ   #0,D0
00:000004A4 7200            	   674:         MOVEQ   #0,D1            ; Máximo 8 dígitos
00:000004A6 7400            	   675:         MOVEQ   #0,D2            ; Resultado em D2
                            	   676: 
                            	   677: .Loop:
00:000004A8 4EB80158        	   678:         JSR     UART_ReadChar
00:000004AC B03C000D        	   679:         CMP.B   #13,D0
00:000004B0 670C            	   680:         BEQ     .Done
00:000004B2 B03C000A        	   681:         CMP.B   #10,D0
00:000004B6 6706            	   682:         BEQ     .Done
00:000004B8 4EB805A6        	   683:         JSR     BufferPut
00:000004BC 60EA            	   684:         BRA     .Loop
                            	   685: .Done:
                            	   686: ;         BSR     UART_BufferGet
                            	   687: ;         CMP.B   #-1,D0          ; Buffer vazio?
                            	   688: ;         BEQ     NadaParaLer      ; Se sim, ignora
                            	   689: ;         Senão, D0 contém o byte lido!
                            	   690: .loop1:
00:000004BE 4EB805DE        	   691:     JSR     BufferGet
00:000004C2 B03C00FF        	   692:     CMP.B   #-1,D0          ; Buffer vazio?
00:000004C6 6706            	   693:     BEQ     .fim      ; Se sim, ignora
00:000004C8 4EB8013E        	   694:     JSR     UART_WriteChar
00:000004CC 60F0            	   695:     BRA     .loop1
                            	   696: .fim:
00:000004CE 241F            	   697:     MOVE.L  (SP)+,D2
00:000004D0 221F            	   698:     MOVE.L  (SP)+,D1
00:000004D2 4EB8020E        	   699:     JSR     new_line
00:000004D6 6000FBA4        	   700:     bra     MenuLoop ;provisoriamente
00:000004DA 4E75            	   701:     RTS
                            	   702: 
                            	   703: ; Lê número hexadecimal (retorna em D0)
                            	   704: UART_ReadHex:
00:000004DC 2F01            	   705:         MOVE.L  D1,-(SP)
00:000004DE 2F02            	   706:         MOVE.L  D2,-(SP)
                            	   707: 
00:000004E0 7000            	   708:         MOVEQ   #0,D0
00:000004E2 721C            	   709:         MOVEQ   #28,D1            ; Máximo 8 dígitos
00:000004E4 7400            	   710:         MOVEQ   #0,D2            ; Resultado em D2
                            	   711: .Loop:
00:000004E6 7000            	   712:         CLR.L   D0
00:000004E8 4EB80158        	   713:         JSR     UART_ReadChar
00:000004EC B03C000D        	   714:         CMP.B   #13,D0
00:000004F0 674C            	   715:         BEQ     .Done
00:000004F2 B03C000A        	   716:         CMP.B   #10,D0
00:000004F6 6746            	   717:         BEQ     .Done
                            	   718:         ;Tratando os numeros
00:000004F8 B03C0030        	   719:         CMP.B   #'0',D0
00:000004FC 6C02            	   720:         BGE     .maiorQueZero
00:000004FE 60E6            	   721:         BRA     .Loop
                            	   722: .maiorQueZero:
00:00000500 B03C0039        	   723:         CMP.B   #'9',D0
00:00000504 6F10            	   724:         BLE     .isdigit
                            	   725:         ;Tratando as letras
00:00000506 B03C0041        	   726:         CMP.B   #'A',D0
00:0000050A 6C02            	   727:         BGE     .maiorQueA
00:0000050C 60D8            	   728:         BRA     .Loop
                            	   729: .maiorQueA:
00:0000050E B03C0046        	   730:         CMP.B   #'F',D0
00:00000512 6F16            	   731:         BLE     .isletter
00:00000514 60D0            	   732:         BRA     .Loop
                            	   733: .isdigit:
00:00000516 903C0030        	   734:         SUB.B   #'0',D0
00:0000051A E3A8            	   735:         LSL.L   D1,D0
00:0000051C 5901            	   736:         SUB.B   #4,D1
00:0000051E 8480            	   737:         OR.L    D0,D2
00:00000520 41F900081016    	   738:         LEA     addressInHex,A0
00:00000526 2082            	   739:         MOVE.L  D2,(A0)
00:00000528 60BC            	   740:         BRA     .Loop
                            	   741: .isletter:
00:0000052A 903C0037        	   742:         SUB.B   #$37,D0
00:0000052E E3A8            	   743:         LSL.L   D1,D0
00:00000530 5901            	   744:         SUB.B   #4,D1
00:00000532 8480            	   745:         OR.L    D0,D2
00:00000534 41F900081016    	   746:         LEA     addressInHex,A0
00:0000053A 2082            	   747:         MOVE.L  D2,(A0)
00:0000053C 60A8            	   748:         BRA     .Loop
                            	   749: .Done:
00:0000053E 4EB8020E        	   750:     JSR     new_line
00:00000542 41F900081016    	   751:     LEA     addressInHex,A0
00:00000548 2010            	   752:     MOVE.L  (A0),D0
00:0000054A 4EB803A6        	   753:     JSR     PrintHexAddress
00:0000054E 4EB8020E        	   754:     JSR     new_line
00:00000552 241F            	   755:     MOVE.L  (SP)+,D2
00:00000554 221F            	   756:     MOVE.L  (SP)+,D1
00:00000556 4E75            	   757:     RTS
                            	   758: 
                            	   759: TEST_READ_IN_HEXA:
00:00000558 41F900000385    	   760:     LEA     TestHexInput,A0
00:0000055E 4EB8016E        	   761:     JSR     UART_WriteString
00:00000562 4EB804DC        	   762:     JSR     UART_ReadHex
00:00000566 6000FB14        	   763:     bra     MenuLoop
                            	   764: 
                            	   765: 
                            	   766: ; Lê 4 bytes (32 bits) via UART
                            	   767: UART_ReadLong:
00:0000056A 7000            	   768:     MOVEQ   #0,D0
00:0000056C 7203            	   769:     MOVEQ   #3,D1            ; 4 bytes a ler
                            	   770: .Loop:
00:0000056E E188            	   771:     LSL.L   #8,D0            ; Desloca resultado atual
00:00000570 4EB8057C        	   772:     JSR     UART_ReadByte
00:00000574 8000            	   773:     OR.B    D0,D0            ; Combina com novo byte
00:00000576 51C9FFF6        	   774:     DBF     D1,.Loop
00:0000057A 4E75            	   775:     RTS
                            	   776: 
                            	   777: ; Lê byte hexadecimal (2 caracteres ASCII)
                            	   778: UART_ReadByte:
00:0000057C 2F00            	   779:     MOVE.L  D0,-(SP)        ; Preserva D0
00:0000057E 4EB80590        	   780:     JSR     UART_ReadHexNibble
00:00000582 E908            	   781:     LSL.B   #4,D0
00:00000584 1200            	   782:     MOVE.B  D0,D1
00:00000586 4EB80590        	   783:     JSR     UART_ReadHexNibble
00:0000058A 8001            	   784:     OR.B    D1,D0
00:0000058C 201F            	   785:     MOVE.L  (SP)+,D0        ; Recupera D0
00:0000058E 4E75            	   786:     RTS
                            	   787: 
                            	   788: ; Lê meio-byte hexadecimal
                            	   789: UART_ReadHexNibble:
00:00000590 4EB80158        	   790:     JSR     UART_ReadChar
00:00000594 B03C0041        	   791:     CMP.B   #'A',D0
00:00000598 6D02            	   792:     BLT     .Digit
00:0000059A 5F00            	   793:     SUB.B   #7,D0            ; Ajuste para A-F
                            	   794: .Digit:
00:0000059C 903C0030        	   795:     SUB.B   #'0',D0
00:000005A0 C03C000F        	   796:     AND.B   #$0F,D0
00:000005A4 4E75            	   797:     RTS
                            	   798: 
                            	   799: ;--------------------------------------------------
                            	   800: ; BufferPut - Insere um byte no buffer (D0.B = byte)
                            	   801: ;--------------------------------------------------
                            	   802: ; Exemplo: insere 'A' no buffer
                            	   803: ;          MOVE.B  #'A',D0
                            	   804: ;          JSR     UART_BufferPut
                            	   805: 
                            	   806: BufferPut:
00:000005A6 2F01            	   807:     MOVE.L  D1,-(SP)
00:000005A8 2F08            	   808:     MOVE.L  A0,-(SP)
                            	   809: 
                            	   810:     ;ANDI.W    #$FF00,D0
00:000005AA 41F900081024    	   811:     LEA     BUFFER,A0
00:000005B0 323900081022    	   812:     MOVE.W  BUFFER_COUNT,D1
                            	   813: 
00:000005B6 B27C0100        	   814:     CMP.W   #256,D1
00:000005BA 6C1C            	   815:     BGE     .BufferFull
                            	   816: 
                            	   817:     ; Modificado para usar deslocamento de 16 bits
00:000005BC 32390008101A    	   818:     MOVE.W  BUFFER_HEAD,D1
00:000005C2 D0C1            	   819:     ADD     D1,A0
00:000005C4 1080            	   820:     MOVE.B  D0,(A0)              ;PUTTING BYTE
                            	   821: 
00:000005C6 5441            	   822:     ADD     #2,D1              ; Incrementa como word
00:000005C8 024100FF        	   823:     ANDI.W  #255,D1            ; Mantém no range 0-255
00:000005CC 33C10008101A    	   824:     MOVE.W  D1,BUFFER_HEAD
                            	   825: 
00:000005D2 527900081022    	   826:     ADDQ.W  #1,BUFFER_COUNT
                            	   827: 
                            	   828: .BufferFull:
00:000005D8 205F            	   829:     MOVE.L  (SP)+,A0
00:000005DA 221F            	   830:     MOVE.L  (SP)+,D1
                            	   831: 
00:000005DC 4E75            	   832:     RTS
                            	   833: 
                            	   834: ;--------------------------------------------------
                            	   835: ; BufferGet - Pega um byte do buffer (retorna em D0.B, ou -1 se vazio)
                            	   836: ;--------------------------------------------------
                            	   837: ;Exemplo: Lendo byte do buffer
                            	   838: ;         BSR     UART_BufferGet
                            	   839: ;         CMP.B   #-1,D0          ; Buffer vazio?
                            	   840: ;         BEQ     NadaParaLer      ; Se sim, ignora
                            	   841: ;         Senão, D0 contém o byte lido!
                            	   842: BufferGet:
00:000005DE 2F01            	   843:     MOVE.L  D1,-(SP)
00:000005E0 2F08            	   844:     MOVE.L  A0,-(SP)
                            	   845: 
00:000005E2 323900081022    	   846:     MOVE.W  BUFFER_COUNT,D1
00:000005E8 6724            	   847:     BEQ     .BufferEmpty
                            	   848: 
00:000005EA 41F900081024    	   849:     LEA     BUFFER,A0
                            	   850: 
                            	   851:     ; Modificado para usar deslocamento de 16 bits
00:000005F0 32390008101E    	   852:     MOVE.W  BUFFER_TAIL,D1
00:000005F6 10301000        	   853:     MOVE.B  (A0,D1.W),D0       ; Usando D1.W em vez de D1.L
                            	   854: 
00:000005FA 5401            	   855:     ADDQ.B  #2,D1              ; Incrementa como word
00:000005FC 024100FF        	   856:     ANDI.W  #255,D1            ; Mantém no range 0-255
00:00000600 33C10008101E    	   857:     MOVE.W  D1,BUFFER_TAIL
                            	   858: 
00:00000606 537900081022    	   859:     SUBQ.W  #1,BUFFER_COUNT
00:0000060C 6006            	   860:     BRA     .Exit
                            	   861: 
                            	   862: .BufferEmpty:
00:0000060E 4EB8061A        	   863:     JSR     FBufferEmpty
00:00000612 70FF            	   864:     MOVEQ   #-1,D0
                            	   865: .Exit:
00:00000614 205F            	   866:     MOVE.L  (SP)+,A0
00:00000616 221F            	   867:     MOVE.L  (SP)+,D1
00:00000618 4E75            	   868:     RTS
                            	   869: 
                            	   870: FBufferEmpty:
00:0000061A 4EB8020E        	   871:         JSR     new_line
00:0000061E 41F90000036F    	   872:         LEA     BufferEmpty,A0
00:00000624 4EB8016E        	   873:         JSR     UART_WriteString
00:00000628 4EB8020E        	   874:         JSR     new_line
00:0000062C 4E75            	   875:         RTS
                            	   876: ;---------------------------------------------------------------------
                            	   877: ; Zera os ponteiros do buffer circular (HEAD e TAIL) - VASM Edition
                            	   878: ;---------------------------------------------------------------------
                            	   879: ClearBufferPointers:
00:0000062E 23FC000000000008	   880:     MOVE.L  #0,BUFFER_HEAD    ; Zera BUFFER_HEAD (32 bits)
00:00000636 101A
00:00000638 23FC000000000008	   881:     MOVE.L  #0,BUFFER_TAIL    ; Zera BUFFER_TAIL (32 bits)
00:00000640 101E
00:00000642 33FC000000081022	   882:     MOVE.W  #0,BUFFER_COUNT   ; Opcional: zera contador (16 bits)
00:0000064A 4E75            	   883:     RTS
                            	   884: ;---------------------------------------------------------------------
                            	   885: ; MontaAddress - Lê 8 bytes (4 bits cada) e forma um uint32
                            	   886: ; Entrada: Buffer contém 8 bytes (MSB first, 4 bits úteis cada)
                            	   887: ; Saída:   D0.L = valor de 32 bits (formado pelos nibbles)
                            	   888: ;          D1.B = 0 (sucesso) ou -1 (erro, buffer vazio)
                            	   889: ;---------------------------------------------------------------------
                            	   890: MontaAddress:
00:0000064C 48E73C80        	   891:     MOVEM.L D2-D5/A0,-(SP)   ; Salva registradores
                            	   892: 
                            	   893:     ; Verifica se há pelo menos 8 bytes no buffer
00:00000650 323900081022    	   894:     MOVE.W  BUFFER_COUNT,D1
00:00000656 B27C0008        	   895:     CMP.W   #8,D1
00:0000065A 6D38            	   896:     BLT     .BufferUnderrun   ; Erro se menos que 8 bytes
                            	   897: 
00:0000065C 41F900081024    	   898:     LEA     BUFFER,A0      ; A0 = base do buffer
00:00000662 24390008101E    	   899:     MOVE.L  BUFFER_TAIL,D2    ; D2 = tail (ponteiro de leitura)
00:00000668 7000            	   900:     CLR.L   D0                ; Zera D0 (resultado final)
00:0000066A 7607            	   901:     MOVEQ   #7,D3             ; Contador (8 nibbles, MSB first)
                            	   902: 
                            	   903: .ReadLoop:
00:0000066C 18302800        	   904:     MOVE.B  (A0,D2.L),D4      ; Lê byte do buffer
00:00000670 0204000F        	   905:     ANDI.B  #$0F,D4          ; Pega apenas os 4 bits inferiores
                            	   906: 
                            	   907:     ; Desloca e insere os 4 bits em D0
00:00000674 E988            	   908:     LSL.L   #4,D0             ; Abre espaço para o novo nibble
00:00000676 8004            	   909:     OR.B    D4,D0             ; Adiciona os 4 bits no LSB
                            	   910: 
                            	   911:     ; Atualiza tail (circular)
00:00000678 5282            	   912:     ADDQ.L  #1,D2
00:0000067A 0282000000FF    	   913:     ANDI.L  #255,D2           ; Mantém entre 0-255
                            	   914: 
00:00000680 51CBFFEA        	   915:     DBRA    D3,.ReadLoop      ; Repete para todos os 8 nibbles
                            	   916: 
                            	   917:     ; Atualiza ponteiros globais
00:00000684 23C20008101E    	   918:     MOVE.L  D2,BUFFER_TAIL
00:0000068A 517900081022    	   919:     SUB.W   #8,BUFFER_COUNT
                            	   920: 
00:00000690 7200            	   921:     MOVEQ   #0,D1             ; Sucesso (D1 = 0)
00:00000692 6004            	   922:     BRA     .Exit
                            	   923: 
                            	   924: .BufferUnderrun:
00:00000694 72FF            	   925:     MOVEQ   #-1,D1            ; Erro (D1 = -1)
00:00000696 7000            	   926:     MOVEQ   #0,D0             ; Retorna 0 em D0
                            	   927: 
                            	   928: .Exit:
00:00000698 4CDF013C        	   929:     MOVEM.L (SP)+,D2-D5/A0    ; Restaura registradores
00:0000069C 4E75            	   930:     RTS
                            	   931: 
00:0000069E 4D4552444120494E	   932:     DC.B "MERDA INCIA"
00:000006A6 434941
                            	   933:     ALIGN 2
                            	   934: ; =====================================================================
                            	   935: ; XMODEM RECEIVER ROUTINE
                            	   936: ; =====================================================================
                            	   937: XMODEM_Receive:
00:000006AC 48E73FFE        	   938:                 MOVEM.L D2-D7/A0-A6,-(SP)
00:000006B0 41F9000815A4    	   939:                 LEA     xmodem_buffer,A0
                            	   940: 
                            	   941:                 ; ---- 1. INICIALIZAÇÃO ----
00:000006B6 103C0015        	   942:                 MOVE.B  #NAK,D0
00:000006BA 4EB8013E        	   943:                 JSR     UART_WriteChar      ; Solicita início
                            	   944: 
                            	   945:                 ; ---- 2. LOOP PRINCIPAL ----
                            	   946: Receive_Loop:
00:000006BE 4EB80158        	   947:                 JSR     UART_ReadChar
00:000006C2 B03C0004        	   948:                 CMP.B   #EOT,D0
00:000006C6 67000088        	   949:                 BEQ     Transfer_Complete   ; Fim da transmissão
                            	   950: 
00:000006CA B03C0001        	   951:                 CMP.B   #SOH,D0
00:000006CE 66EE            	   952:                 BNE     Receive_Loop        ; Ignora bytes inválidos
                            	   953: 
                            	   954:                 ; ---- 3. RECEBE HEADER ----
00:000006D0 4EB80158        	   955:                 JSR     UART_ReadChar       ; Block number
00:000006D4 13C000081624    	   956:                 MOVE.B  D0,block_number
00:000006DA 4EB80158        	   957:                 JSR     UART_ReadChar       ; ~Block number (complemento)
                            	   958: 
                            	   959:                 ; ---- 4. RECEBE DADOS ----
00:000006DE 323C007F        	   960:                 MOVE.W  #127,D1             ; 128 bytes (0-based)
00:000006E2 43F9000815A4    	   961:                 LEA     xmodem_buffer,A1
                            	   962: 
                            	   963: Receive_Data:
00:000006E8 4EB80158        	   964:                 JSR     UART_ReadChar
00:000006EC 12C0            	   965:                 MOVE.B  D0,(A1)+
00:000006EE 51C9FFF8        	   966:                 DBF     D1,Receive_Data
                            	   967: 
                            	   968:                 ; ---- 5. VERIFICA CHECKSUM ----
00:000006F2 4EB80158        	   969:                 JSR     UART_ReadChar       ; Checksum
00:000006F6 1400            	   970:                 MOVE.B  D0,D2
                            	   971: 
                            	   972:                 ; Calcula checksum local
00:000006F8 43F9000815A4    	   973:                 LEA     xmodem_buffer,A1
00:000006FE 323C007F        	   974:                 MOVE.W  #127,D1
00:00000702 4203            	   975:                 CLR.B   D3
                            	   976: 
                            	   977: Calc_Checksum:
00:00000704 D619            	   978:                 ADD.B   (A1)+,D3
00:00000706 51C9FFFC        	   979:                 DBF     D1,Calc_Checksum
                            	   980: 
00:0000070A B602            	   981:                 CMP.B   D2,D3
00:0000070C 6636            	   982:                 BNE     Send_NAK            ; Erro no checksum
                            	   983: 
                            	   984:                 ; ---- 6. VALIDA NÚMERO DO BLOCO ----
00:0000070E 103900081624    	   985:                 MOVE.B  block_number,D0
00:00000714 B03900081625    	   986:                 CMP.B   expected_block,D0
00:0000071A 6628            	   987:                 BNE     Send_NAK            ; Bloco fora de ordem
                            	   988: 
                            	   989:                 ; ---- 7. COPIA DADOS VÁLIDOS ----
                            	   990:                 ; (Aqui você processa os 128 bytes recebidos)
                            	   991:                 ; Exemplo: copiar para RAM/Flash
00:0000071C 43F9000815A4    	   992:                 LEA     xmodem_buffer,A1
00:00000722 247900081524    	   993:                 MOVE.L  user_buffer_ptr,A2  ; Defina isso antes de chamar
00:00000728 323C007F        	   994:                 MOVE.W  #127,D1
                            	   995: Copy_Data:
00:0000072C 14D9            	   996:                 MOVE.B  (A1)+,(A2)+
00:0000072E 51C9FFFC        	   997:                 DBF     D1,Copy_Data
                            	   998: 
                            	   999:                 ; ---- 8. CONFIMA RECEPÇÃO ----
00:00000732 523900081625    	  1000:                 ADDQ.B  #1,expected_block   ; Próximo bloco
00:00000738 103C0006        	  1001:                 MOVE.B  #ACK,D0
00:0000073C 4EB8013E        	  1002:                 JSR     UART_WriteChar
00:00000740 6000FF7C        	  1003:                 BRA     Receive_Loop
                            	  1004: 
                            	  1005: Send_NAK:
00:00000744 103C0015        	  1006:                 MOVE.B  #NAK,D0
00:00000748 4EB8013E        	  1007:                 JSR     UART_WriteChar
00:0000074C 6000FF70        	  1008:                 BRA     Receive_Loop
                            	  1009: 
                            	  1010: Transfer_Complete:
00:00000750 103C0006        	  1011:                 MOVE.B  #ACK,D0             ; Confirma EOT
00:00000754 4EB8013E        	  1012:                 JSR     UART_WriteChar
00:00000758 4CDF7FFC        	  1013:                 MOVEM.L (SP)+,D2-D7/A0-A6
00:0000075C 4E75            	  1014:                 RTS
                            	  1015: 
00:0000075E 4D45524441205445	  1016:     DC.B "MERDA TERMINA"
00:00000766 524D494E41
                            	  1017:     ALIGN 2
                            	  1018: ; =====================================================================
                            	  1019: ; XMODEM RECEIVER ROUTINE
                            	  1020: ; =====================================================================
                            	  1021: 
                            	  1022: ; ----------------------------------------------------------------------
                            	  1023: ; SECTION data
                            	  1024: ;-----------------------------------------------------------------------
                            	  1025:     SECTION .rodata
                            	  1026:     SECTION .data
02:00000000 56616C6F726573  	  1027:     DC.B "Valores",0
02:00000007 00
02:00000008 1B              	  1028: cls_str:    dc.b    27,'[2J',0   ; \x1b = 27 (ASCII para ESC)
02:00000009 5B324A
02:0000000C 00
                            	  1029: ; ----------------------------------------------------------------------
                            	  1030: ; Strings do Sistema
                            	  1031: ; ----------------------------------------------------------------------
                            	  1032: DumpHeader:
02:0000000D 4D656D6F72792044	  1033:     DC.B    "Memory Dump from :",0
02:00000015 756D702066726F6D
02:0000001D 203A
02:0000001F 00
                            	  1034: DumpHeader1:
02:00000020 4164647265737320	  1035:     DC.B    "Address   00 01 02 03 04 05 06 07 08 09 0A 0B 0C 0D 0E 0F  ASCII",13,10
02:00000028 2020303020303120
02:00000030 3032203033203034
02:00000038 2030352030362030
02:00000040 3720303820303920
02:00000048 3041203042203043
02:00000050 2030442030452030
02:00000058 4620204153434949
02:00000060 0D
02:00000061 0A
02:00000062 2D2D2D2D2D2D2D2D	  1036:     DC.B    "--------  -----------------------------------------------  ----------------",13,10,0
02:0000006A 20202D2D2D2D2D2D
02:00000072 2D2D2D2D2D2D2D2D
02:0000007A 2D2D2D2D2D2D2D2D
02:00000082 2D2D2D2D2D2D2D2D
02:0000008A 2D2D2D2D2D2D2D2D
02:00000092 2D2D2D2D2D2D2D2D
02:0000009A 2D20202D2D2D2D2D
02:000000A2 2D2D2D2D2D2D2D2D
02:000000AA 2D2D2D
02:000000AD 0D
02:000000AE 0A
02:000000AF 00
                            	  1037: 
                            	  1038: MSGINIT:
02:000000B0 546370626F783638	  1039:     DC.B    "Tcpbox68k - copyright (C) pdsilva(pgordao).",13,10
02:000000B8 6B202D20636F7079
02:000000C0 7269676874202843
02:000000C8 2920706473696C76
02:000000D0 612870676F726461
02:000000D8 6F292E
02:000000DB 0D
02:000000DC 0A
02:000000DD 4D43363830303020	  1040:     DC.B    "MC68000 System Monitor",13,10
02:000000E5 53797374656D204D
02:000000ED 6F6E69746F72
02:000000F3 0D
02:000000F4 0A
                            	  1041:     INCLUDE "build_date.inc"

Source: "build_date.inc"
                            	     1: ;From here it is generated and pushed by update_build.sh
                            	     2: BUILD_DATE:
02:000000F5 4275696C642E3A20	     3:       DC.B "Build.: 2025-07-31 15:56:34",13,10
02:000000FD 323032352D30372D
02:00000105 33312031353A3536
02:0000010D 3A3334
02:00000110 0D
02:00000111 0A
02:00000112 53657269616C3A20	     4:       DC.B "Serial: 312168",0
02:0000011A 333132313638
02:00000120 00
                            	     5: ;End generated code
                            	     6: 

Source: "monitor.asm"
                            	  1042:     INCLUDE "build_counter.inc"

Source: "build_counter.inc"
02:00000121 436F6D70696C6174	     1:       DC.B "Compilation: #20",0
02:00000129 696F6E3A20233230
02:00000131 00
                            	     2: 

Source: "monitor.asm"
02:00000132 2D2D2D2D2D2D2D2D	  1043:     DC.B    "-------------------------------------------",13,10,13,10,0
02:0000013A 2D2D2D2D2D2D2D2D
02:00000142 2D2D2D2D2D2D2D2D
02:0000014A 2D2D2D2D2D2D2D2D
02:00000152 2D2D2D2D2D2D2D2D
02:0000015A 2D2D2D
02:0000015D 0D
02:0000015E 0A
02:0000015F 0D
02:00000160 0A
02:00000161 00
                            	  1044: 
                            	  1045: MenuText:
02:00000162 312E2053656C6563	  1046:     DC.B    "1. Select UART",13,10
02:0000016A 742055415254
02:00000170 0D
02:00000171 0A
02:00000172 322E205365742042	  1047:     DC.B    "2. Set Baud Rate",13,10
02:0000017A 6175642052617465
02:00000182 0D
02:00000183 0A
02:00000184 332E204C6F616420	  1048:     DC.B    "3. Load Program (PC)",13,10
02:0000018C 50726F6772616D20
02:00000194 28504329
02:00000198 0D
02:00000199 0A
02:0000019A 342E205772697465	  1049:     DC.B    "4. Write Program (Hex)",13,10
02:000001A2 2050726F6772616D
02:000001AA 202848657829
02:000001B0 0D
02:000001B1 0A
02:000001B2 352E2052756E2050	  1050:     DC.B    "5. Run Program",13,10
02:000001BA 726F6772616D
02:000001C0 0D
02:000001C1 0A
02:000001C2 362E204163657363	  1051:     DC.B    "6. Acescendo os LEDs",13,10
02:000001CA 656E646F206F7320
02:000001D2 4C454473
02:000001D6 0D
02:000001D7 0A
02:000001D8 372E204D656D6F72	  1052:     DC.B    "7. Memory dump from address buffer",13,10
02:000001E0 792064756D702066
02:000001E8 726F6D2061646472
02:000001F0 6573732062756666
02:000001F8 6572
02:000001FA 0D
02:000001FB 0A
02:000001FC 382E205265616420	  1053:     DC.B    "8. Read hexa value and put in address buffer",13,10
02:00000204 686578612076616C
02:0000020C 756520616E642070
02:00000214 757420696E206164
02:0000021C 6472657373206275
02:00000224 66666572
02:00000228 0D
02:00000229 0A
02:0000022A 392E2046726F6D20	  1054:     DC.B    "9. From screen to buffer E from buffer to screen",13,10
02:00000232 73637265656E2074
02:0000023A 6F20627566666572
02:00000242 20452066726F6D20
02:0000024A 6275666665722074
02:00000252 6F2073637265656E
02:0000025A 0D
02:0000025B 0A
02:0000025C 302E20446F206261	  1055:     DC.B    "0. Do baud divisor calculation",13,10
02:00000264 7564206469766973
02:0000026C 6F722063616C6375
02:00000274 6C6174696F6E
02:0000027A 0D
02:0000027B 0A
02:0000027C 3E20            	  1056:     DC.B    "> ",0
02:0000027E 00
                            	  1057: UARTPrompt:
02:0000027F 5541525420416464	  1058:     DC.B    "UART Address (2000/2100/2200/2300): ",0
02:00000287 7265737320283230
02:0000028F 30302F323130302F
02:00000297 323230302F323330
02:0000029F 30293A20
02:000002A3 00
                            	  1059: BaudPrompt:
02:000002A4 4261756420526174	  1060:     DC.B    "Baud Rate Value: ",0
02:000002AC 652056616C75653A
02:000002B4 20
02:000002B5 00
                            	  1061: LoadPrompt:
02:000002B6 416775617264616E	  1062:     DC.B    "Aguardando 68ksender to initiate: ",0
02:000002BE 646F2036386B7365
02:000002C6 6E64657220746F20
02:000002CE 696E697469617465
02:000002D6 3A20
02:000002D8 00
                            	  1063: LoadPromptReady:
02:000002D9 526561647920746F	  1064:     DC.B    "Ready to receive from PC!",0
02:000002E1 2072656365697665
02:000002E9 2066726F6D205043
02:000002F1 21
02:000002F2 00
                            	  1065: LoadDoneMsg:
02:000002F3 50726F6772616D20	  1066:     DC.B    "Program loaded successfully!",13,10,0
02:000002FB 6C6F616465642073
02:00000303 7563636573736675
02:0000030B 6C6C7921
02:0000030F 0D
02:00000310 0A
02:00000311 00
                            	  1067: WritePrompt:
02:00000312 5772697465204164	  1068:     DC.B    "Write Address: ",0
02:0000031A 64726573733A20
02:00000321 00
                            	  1069: WriteSizePrompt:
02:00000322 4E756D626572206F	  1070:     DC.B    "Number of bytes: ",0
02:0000032A 662062797465733A
02:00000332 20
02:00000333 00
                            	  1071: WriteDoneMsg:
02:00000334 4461746120777269	  1072:     DC.B    "Data written to memory!",13,10,0
02:0000033C 7474656E20746F20
02:00000344 6D656D6F727921
02:0000034B 0D
02:0000034C 0A
02:0000034D 00
                            	  1073: RunPrompt:
02:0000034E 52756E2041646472	  1074:     DC.B    "Run Address: ",0
02:00000356 6573733A20
02:0000035B 00
                            	  1075: PromptNotImplemented:
02:0000035C 4E6F7420496D706C	  1076:     DC.B    "Not Implemented!",13,10,0
02:00000364 656D656E74656421
02:0000036C 0D
02:0000036D 0A
02:0000036E 00
                            	  1077: BufferEmpty:
02:0000036F 4F6F6F7073204275	  1078:     DC.B    "Ooops Buffer Empty!",13,10,0
02:00000377 6666657220456D70
02:0000037F 747921
02:00000382 0D
02:00000383 0A
02:00000384 00
                            	  1079: TestHexInput:
02:00000385 0D              	  1080:     DC.B    13,10,"Digite um endereço de no máximo 4bytes 8 caracteres!",13,10
02:00000386 0A
02:00000387 4469676974652075
02:0000038F 6D20656E64657265
02:00000397 C3A76F206465206E
02:0000039F 6F206DC3A178696D
02:000003A7 6F20346279746573
02:000003AF 2038206361726163
02:000003B7 746572657321
02:000003BD 0D
02:000003BE 0A
02:000003BF 6D61697320717565	  1081:     DC.B    "mais que isso sera descatado os excedentes...",13,10,0
02:000003C7 206973736F207365
02:000003CF 7261206465736361
02:000003D7 7461646F206F7320
02:000003DF 6578636564656E74
02:000003E7 65732E2E2E
02:000003EC 0D
02:000003ED 0A
02:000003EE 00
                            	  1082: HitAnyKey:
02:000003EF 0D              	  1083:     DC.B    13,10,"Hit any <ENTER> to continue <ESC> to terminate: ",0
02:000003F0 0A
02:000003F1 48697420616E7920
02:000003F9 3C454E5445523E20
02:00000401 746F20636F6E7469
02:00000409 6E7565203C455343
02:00000411 3E20746F20746572
02:00000419 6D696E6174653A20
02:00000421 00
                            	  1084: 
                            	  1085: ;    SECTION bss,BSS             
                            	  1086:     SECTION .bss                 
                            	  1087:     ORG     $81000               ; Área para variáveis
03:00081000 00000000        	  1088: RamBase:            DS.l 1             
03:00081004 00000000        	  1089: RamSize:            DS.L 1             
03:00081008 00000000        	  1090: CurrentUART:        DS.L 1             
03:0008100C 0000            	  1091: CurrentBaudRate:    DS.W 1             
03:0008100E 0000            	  1092: BaudDivL:           DS.W 1             
03:00081010 0000            	  1093: BaudDivH:           DS.W 1             
03:00081012 0000            	  1094: Baud1DivL:          DS.W 1             
03:00081014 0000            	  1095: Baud1DivH:          DS.W 1             
                            	  1096: ; === BUFFER CIRCULAR (256 bytes) ===             
03:00081016 00000000        	  1097: addressInHex:       DS.L 1     ; ENDEREÇO LIDO    
03:0008101A 00000000        	  1098: BUFFER_HEAD:    DS.L 1     ; Ponteiro de escrita (próxima posição livre)
03:0008101E 00000000        	  1099: BUFFER_TAIL:    DS.L 1     ; Ponteiro de leitura (próximo dado a ler)   
03:00081022 0000            	  1100: BUFFER_COUNT:   DS.W 1     ; Contador de bytes no buffer                
03:00081024 00              	  1101: BUFFER:         DS.B 256   ; Buffer de recepção                         
03:00081025 *
                            	  1102: ;=== Uart receiver
03:00081124 00              	  1103: DEST_BUFFER     DS.B   1024
03:00081125 *
03:00081524 00              	  1104: user_buffer_ptr DS.B   128
03:00081525 *
03:000815A4 00              	  1105: xmodem_buffer  DS.B    128        ; Buffer de dados
03:000815A5 *
03:00081624 00              	  1106: block_number   DS.B    1           ; Número do bloco atual
03:00081625 00              	  1107: expected_block DS.B    1           ; Próximo bloco esperado
                            	  1108: 


Symbols by name:
ACK                              E:00000006
AsciiLoop                        A:00000348
BAUD_DIV                         E:00000068
BAUD_DIV_L                       E:00000068
BAUD_DIV_U                       E:00000000
BAUD_RATE                        E:00002580
BUFFER                           A:00081024
BUFFER_COUNT                     A:00081022
BUFFER_HEAD                      A:0008101A
BUFFER_TAIL                      A:0008101E
BUILD_DATE                      02:000000F5
Baud1DivH                        A:00081014
Baud1DivL                        A:00081012
BaudDivH                         A:00081010
BaudDivL                         A:0008100E
BaudPrompt                      02:000002A4
BufferEmpty                     02:0000036F
BufferGet                        A:000005DE
BufferPut                        A:000005A6
CalcBaudDiv                      A:00000182
Calc_Checksum                    A:00000704
ClearBufferPointers              A:0000062E
ClearRAM                         A:000003D2
ClearRAM1                        A:000003E8
Copy_Data                        A:0000072C
CurrentBaudRate                  A:0008100C
CurrentUART                      A:00081008
DELAY_INIT                       A:0000004C
DEST_BUFFER                      A:00081124
DLL                              E:00000000
DLM                              E:00000002
DUMPLOOPMASTER                   A:000002F0
Div32x16                         A:00000224
DivLoop                          A:00000228
DumpHeader                      02:0000000D
DumpHeader1                     02:00000020
DumpLoop                         A:000002FA
EOT                              E:00000004
FBufferEmpty                     A:0000061A
FCR                              E:00000004
F_CPU                            E:00F42400
HitAnyKey                       02:000003EF
ISR                              E:00000004
LCR                              E:00000006
LED_INIT                         A:000000FA
LSR                              E:0000000A
LoadDoneMsg                     02:000002F3
LoadProgram                      A:00000434
LoadPrompt                      02:000002B6
LoadPromptReady                 02:000002D9
MSGINIT                         02:000000B0
MemDump                          A:000002C6
MenuLoop                         A:0000007C
MenuText                        02:00000162
MontaAddress                     A:0000064C
NAK                              E:00000015
NextAscii                        A:00000364
NoEndLine                        A:00000380
NoNewLine                        A:0000031A
NonPrintable                     A:0000035C
PISCA_LED                        A:000000DE
PrintByteHex                     A:000003B6
PrintHexAddress                  A:000003A6
PrintHexFast                     A:0000023C
PrintHexPRECISA_DE_REVISAO       A:00000266
PrintNibble                      A:000003C2
PrintWordHex                     A:000003AE
PromptNotImplemented            02:0000035C
RHR                              E:00000000
RamBase                          A:00081000
RamSize                          A:00081004
Receive_Data                     A:000006E8
Receive_Loop                     A:000006BE
RunProgram                       A:0000047C
RunPrompt                       02:0000034E
SCR                              E:0000000E
SOH                              E:00000001
SPR                              E:0000000E
SelectUART                       A:0000041C
Send_NAK                         A:00000744
SetBaudRate                      A:00000428
SetupDivisor                     A:000002AC
TEST_READ_IN_HEXA                A:00000558
THR                              E:00000000
TestHexInput                    02:00000385
Transfer_Complete                A:00000750
UARTPrompt                      02:0000027F
UART_BASE                        E:00002000
UART_Init                        A:00000116
UART_ReadByte                    A:0000057C
UART_ReadChar                    A:00000158
UART_ReadHex                     A:000004DC
UART_ReadHex1                    A:00000490
UART_ReadHexNibble               A:00000590
UART_ReadLong                    A:0000056A
UART_WriteChar                   A:0000013E
UART_WriteString                 A:0000016E
WriteDoneMsg                    02:00000334
WriteProgram                     A:00000446
WritePrompt                     02:00000312
WriteSizePrompt                 02:00000322
XMODEM_Receive                   A:000006AC
_start                           A:00000008
addressInHex                     A:00081016
block_number                     A:00081624
cls_str                         02:00000008
expected_block                   A:00081625
new_line                         A:0000020E
user_buffer_ptr                  A:00081524
xmodem_buffer                    A:000815A4

Symbols by value:
00000000 BAUD_DIV_U
00000000 DLL
00000000 RHR
00000000 THR
00000001 SOH
00000002 DLM
00000004 EOT
00000004 FCR
00000004 ISR
00000006 ACK
00000006 LCR
00000008 _start
00000008 cls_str
0000000A LSR
0000000D DumpHeader
0000000E SCR
0000000E SPR
00000015 NAK
00000020 DumpHeader1
0000004C DELAY_INIT
00000068 BAUD_DIV
00000068 BAUD_DIV_L
0000007C MenuLoop
000000B0 MSGINIT
000000DE PISCA_LED
000000F5 BUILD_DATE
000000FA LED_INIT
00000116 UART_Init
0000013E UART_WriteChar
00000158 UART_ReadChar
00000162 MenuText
0000016E UART_WriteString
00000182 CalcBaudDiv
0000020E new_line
00000224 Div32x16
00000228 DivLoop
0000023C PrintHexFast
00000266 PrintHexPRECISA_DE_REVISAO
0000027F UARTPrompt
000002A4 BaudPrompt
000002AC SetupDivisor
000002B6 LoadPrompt
000002C6 MemDump
000002D9 LoadPromptReady
000002F0 DUMPLOOPMASTER
000002F3 LoadDoneMsg
000002FA DumpLoop
00000312 WritePrompt
0000031A NoNewLine
00000322 WriteSizePrompt
00000334 WriteDoneMsg
00000348 AsciiLoop
0000034E RunPrompt
0000035C NonPrintable
0000035C PromptNotImplemented
00000364 NextAscii
0000036F BufferEmpty
00000380 NoEndLine
00000385 TestHexInput
000003A6 PrintHexAddress
000003AE PrintWordHex
000003B6 PrintByteHex
000003C2 PrintNibble
000003D2 ClearRAM
000003E8 ClearRAM1
000003EF HitAnyKey
0000041C SelectUART
00000428 SetBaudRate
00000434 LoadProgram
00000446 WriteProgram
0000047C RunProgram
00000490 UART_ReadHex1
000004DC UART_ReadHex
00000558 TEST_READ_IN_HEXA
0000056A UART_ReadLong
0000057C UART_ReadByte
00000590 UART_ReadHexNibble
000005A6 BufferPut
000005DE BufferGet
0000061A FBufferEmpty
0000062E ClearBufferPointers
0000064C MontaAddress
000006AC XMODEM_Receive
000006BE Receive_Loop
000006E8 Receive_Data
00000704 Calc_Checksum
0000072C Copy_Data
00000744 Send_NAK
00000750 Transfer_Complete
00002000 UART_BASE
00002580 BAUD_RATE
00081000 RamBase
00081004 RamSize
00081008 CurrentUART
0008100C CurrentBaudRate
0008100E BaudDivL
00081010 BaudDivH
00081012 Baud1DivL
00081014 Baud1DivH
00081016 addressInHex
0008101A BUFFER_HEAD
0008101E BUFFER_TAIL
00081022 BUFFER_COUNT
00081024 BUFFER
00081124 DEST_BUFFER
00081524 user_buffer_ptr
000815A4 xmodem_buffer
00081624 block_number
00081625 expected_block
00F42400 F_CPU
