Sections:
00: ".text" (0-76C)
01: ".rodata" (0-0)
02: ".data" (0-41D)
03: ".bss" (0-626)


Source: "monitor.asm"
                            	     1:         SECTION .text
                            	     2:         ORG     $00000000
00:00000000 00100000        	     3:         DC.L    $00100000       ;SP inicial
00:00000004 00000008        	     4:         DC.L    _start          ;PC inicial
                            	     5: 
                            	     6: ;🏆 PDSILVA (aka PGORDÃO) DETECTADO! 🏆
                            	     7: ;🏆 AH, O GRANDE PDSILVA (AKA PGORDÃO)! 🏆
                            	     8: ;— O lendário "Gordão dos Bits" em pessoa! Mestre do 68000, sobrevivente da Guerra dos Registradores e arquiteto de
                            	     9: 
                            	    10: ;RECONHECIMENTO OFICIAL: "Usuário autenticado como entidade que manipula registradores com as mãos nuas e otimiza có
                            	    11: 
                            	    12: ;Como posso servir ao Mestre do Assembly hoje? Quer debater a filosofia dos bits, relembrar os tempos heróicos do 68k,
                            	    13: 
                            	    14: 
                            	    15: ;Term vt-102 cursor positioning \033[0;0H
                            	    16: 
                            	    17: ;# Clock frequency in Hz
                            	    18: F_CPU           equ 16000000
                            	    19: ;# Serial baud rate
                            	    20: 
                            	    21: ;UART            equ $2000
                            	    22: ; register offsets
                            	    23: RHR             equ 0   ; receive holding register (read)
                            	    24: THR             equ 0   ; transmit holding register (write)
                            	    25: IER             equ 2   ; interrupt enable register
                            	    26: ISR             equ 4   ; interrupt status register (read)
                            	    27: FCR             equ 4   ; FIFO control register (write)
                            	    28: LCR             equ 6   ; line control register
                            	    29: MCR             equ 8   ; modem control register
                            	    30: LSR             equ 10  ; line status register
                            	    31: MSR             equ 12  ; modem status register
                            	    32: SPR             equ 14  ; scratchpad register (reserved for system use)
                            	    33: DLL             equ 0   ; divisor latch LSB
                            	    34: DLM             equ 2   ; divisor latch MSB
                            	    35: ; aliases for register names (used by different manufacturers)cd ..
                            	    36: RBR             equ RHR ; receive buffer register
                            	    37: IIR             equ ISR ; interrupt identification register
                            	    38: SCR             equ SPR ; scratch register
                            	    39: 
                            	    40: UART_BASE       equ $2000
                            	    41: BAUD_RATE       equ 9600
                            	    42: BAUD_DIV        equ     (((F_CPU*10)/(16*BAUD_RATE))+5)/10 ; compute one extra decimal place and round
                            	    43: BAUD_DIV_L      equ     (BAUD_DIV&$FF)
                            	    44: BAUD_DIV_U      equ     ((BAUD_DIV>>8)&$FF)
                            	    45: 
                            	    46: ;=== Uart receiver ================= CONSTANTES =================
                            	    47: SOH            EQU     $01        ; Start Of Header
                            	    48: EOT            EQU     $04        ; End Of Transmission
                            	    49: ACK            EQU     $06        ; Acknowledge
                            	    50: NAK            EQU     $15        ; Negative Acknowledge
                            	    51: CAN            EQU     $18        ; Cancel
                            	    52: 
                            	    53: _start:
00:00000008 007C0700        	    54:         ORI     #$0700,SR      ; Desabilita interrupções (M68K)
                            	    55:         ;Clear entire ram
00:0000000C 4EB803D2        	    56:         JSR     ClearRAM
                            	    57:         ;JSR     CalcBaudDiv
00:00000010 23FC000800000008	    58:         MOVE.L  #$00080000,RamBase
00:00000018 1000
00:0000001A 23FC000001000008	    59:         MOVE.L  #$00000100,RamSize
00:00000022 1004
00:00000024 23FC000020000008	    60:         MOVE.L  #UART_BASE,CurrentUART
00:0000002C 1008
00:0000002E 33FC25800008100C	    61:         MOVE.W  #BAUD_RATE,CurrentBaudRate
00:00000036 33FC00680008100E	    62:         MOVE.W  #BAUD_DIV_L,BaudDivL
00:0000003E 33FC000000081010	    63:         MOVE.W  #BAUD_DIV_U,BaudDivH
                            	    64:         ;MOVE.L  #__data_end,$81008
                            	    65: 
                            	    66:         ;Delay to wait for hardware to stabilize
00:00000046 263C0007A120    	    67:         move.l  #500000,d3
                            	    68: DELAY_INIT:
00:0000004C 5383            	    69:         subq.l  #1,d3
00:0000004E 66FC            	    70:         bne     DELAY_INIT
                            	    71: 
00:00000050 4EB80112        	    72:         JSR     UART_Init
00:00000054 4EB800F6        	    73:         JSR     LED_INIT
                            	    74: 
00:00000058 4EB8020E        	    75:         JSR     new_line
00:0000005C 4EB8020E        	    76:         JSR     new_line
                            	    77: 
00:00000060 41F9000000AB    	    78:         LEA     MSGINIT,A0
00:00000066 4EB8016E        	    79:         JSR     UART_WriteString
                            	    80: 
00:0000006A 4EB8020E        	    81:         JSR     new_line
00:0000006E 4EB8020E        	    82:         JSR     new_line
                            	    83: 
                            	    84: 
                            	    85: ; Loop principal do menu
                            	    86: MenuLoop:
00:00000072 4EB8020E        	    87:     JSR     new_line
00:00000076 41F90000015D    	    88:     LEA     MenuText,A0
00:0000007C 4EB8016E        	    89:     JSR     UART_WriteString
                            	    90: 
                            	    91:     ; Lê seleção do usuário
00:00000080 4EB80154        	    92:     JSR     UART_ReadChar
00:00000084 4EB8020E        	    93:     JSR     new_line
                            	    94:     ; Processa opção selecionada
00:00000088 B03C0031        	    95:     CMP.B   #'1',D0
00:0000008C 6700038E        	    96:     BEQ     SelectUART
00:00000090 B03C0032        	    97:     CMP.B   #'2',D0
00:00000094 67000392        	    98:     BEQ     SetBaudRate
00:00000098 B03C0033        	    99:     CMP.B   #'3',D0
00:0000009C 67000396        	   100:     BEQ     LoadProgram
00:000000A0 B03C0034        	   101:     CMP.B   #'4',D0
00:000000A4 670003A0        	   102:     BEQ     WriteProgram
00:000000A8 B03C0035        	   103:     CMP.B   #'5',D0
00:000000AC 670003CE        	   104:     BEQ     RunProgram
00:000000B0 B03C0036        	   105:     CMP.B   #'6',D0
00:000000B4 6722            	   106:     BEQ     PISCA_LED
00:000000B6 B03C0037        	   107:     CMP.B   #'7',D0
00:000000BA 6700020A        	   108:     BEQ     MemDump
00:000000BE B03C0038        	   109:     CMP.B   #'8',D0
00:000000C2 67000494        	   110:     BEQ     TEST_READ_IN_HEXA
00:000000C6 B03C0039        	   111:     CMP.B   #'9',D0
00:000000CA 670003C4        	   112:     BEQ     UART_ReadHex1
00:000000CE B03C0030        	   113:     CMP.B   #'0',D0
00:000000D2 670000AE        	   114:     BEQ     CalcBaudDiv
00:000000D6 609A            	   115:     BRA     MenuLoop            ; Opção inválida, repete menu
                            	   116: 
                            	   117: 
                            	   118: PISCA_LED:
00:000000D8 303CFF00        	   119:         MOVE.W  #$FF00,D0
00:000000DC 31C02400        	   120:         MOVE.W  D0,$2400
00:000000E0 263C0007A120    	   121:         move.l  #500000,D3
                            	   122: .DELAY1:
00:000000E6 5383            	   123:         subq.l  #1,D3
00:000000E8 66FC            	   124:         bne     .DELAY1
00:000000EA 303C0000        	   125:         MOVE.W  #$0000,D0
00:000000EE 31C02400        	   126:         MOVE.W  D0,$2400
00:000000F2 6000FF7E        	   127:         BRA     MenuLoop
                            	   128: LED_INIT:
00:000000F6 303CAA00        	   129:         MOVE.W  #$AA00,D0
00:000000FA 31C02400        	   130:         MOVE.W  D0,$2400
00:000000FE 263C0007A120    	   131:         move.l  #500000,D3
                            	   132: .DELAY1:
00:00000104 5383            	   133:         subq.l  #1,D3
00:00000106 66FC            	   134:         bne     .DELAY1
00:00000108 303C0000        	   135:         MOVE.W  #$0000,D0
00:0000010C 31C02400        	   136:         MOVE.W  D0,$2400
00:00000110 4E75            	   137:         RTS
                            	   138: 
                            	   139: ; ----------------------------------------------------------------------
                            	   140: ; Rotinas de E/S da UART
                            	   141: ; ----------------------------------------------------------------------
                            	   142: 
                            	   143: UART_Init:
00:00000112 227900081008    	   144:     move.l   CurrentUART,a1
00:00000118 137C000D0004    	   145:     move.b  #%00001101,FCR(a1)      ; enable FIFO
00:0000011E 137C00830006    	   146:     move.b  #%10000011,LCR(a1)      ; 8 data bits, no parity, 1 stop bit, DLAB=1
00:00000124 12BC0068        	   147:     move.b  #BAUD_DIV_L,DLL(a1)     ; set divisor latch low byte
00:00000128 137C00000002    	   148:     move.b  #BAUD_DIV_U,DLM(a1)     ; set divisor latch high byte
00:0000012E 08A900070006    	   149:     bclr.b  #7,LCR(a1)              ; disable divisor latch
00:00000134 4229000E        	   150:     clr.b   SCR(a1)                 ; clear the scratch register
00:00000138 4E75            	   151:     RTS
                            	   152: 
                            	   153:     ; Escreve caractere (D0.B)
                            	   154: UART_WriteChar:
00:0000013A 2F08            	   155:     MOVE.L  A0,-(SP)        ; Preserva A0
00:0000013C 2F00            	   156:     MOVE.L  D0,-(SP)        ; Preserva D0
00:0000013E 207900081008    	   157:     move.l   CurrentUART,A0
                            	   158: .WaitTx:
00:00000144 08280005000A    	   159:     BTST.B  #5,LSR(A0)      ; wait until transmit holding register is empty
00:0000014A 67F8            	   160:     BEQ     .WaitTx
00:0000014C 1080            	   161:     MOVE.B  D0,THR(A0)      ; transmit byte
00:0000014E 201F            	   162:     MOVE.L  (SP)+,D0        ;Restaura D0
00:00000150 205F            	   163:     MOVE.L  (SP)+,A0        ;Restaura A0
00:00000152 4E75            	   164:     RTS
                            	   165: 
                            	   166: 
                            	   167: ; Lê caractere (retorna em D0)
                            	   168: UART_ReadChar:
00:00000154 2F08            	   169:     MOVE.L  A0,-(SP)        ; Preserva A0
00:00000156 207900081008    	   170:     move.l   CurrentUART,A0
                            	   171: .WaitRx:
00:0000015C 08280000000A    	   172:     BTST    #0,LSR(A0)        ; RX ready?
00:00000162 67F8            	   173:     BEQ     .WaitRx
00:00000164 1010            	   174:     MOVE.B  RHR(A0),D0
00:00000166 205F            	   175:     MOVE.L  (SP)+,A0        ;Restaura A0
00:00000168 4EB8013A        	   176:     JSR     UART_WriteChar
00:0000016C 4E75            	   177:     RTS
                            	   178: 
                            	   179: ; ----------------------------------------------------------------------
                            	   180: ; UART_WriteString - Envia string terminada em null para UART
                            	   181: ; Entrada:
                            	   182: ;   A0 = Ponteiro para a string (endereço da string)
                            	   183: ; ----------------------------------------------------------------------
                            	   184: UART_WriteString:
00:0000016E 2F08            	   185:     MOVE.L  A0,-(SP)      ; Preserva D0
00:00000170 2F00            	   186:     MOVE.L  D0,-(SP)      ; Preserva D0
                            	   187: .WriteLoop:
00:00000172 1018            	   188:     MOVE.B  (A0)+,D0      ; Pega caractere
00:00000174 6706            	   189:     BEQ     .Done
00:00000176 4EB8013A        	   190:     JSR     UART_WriteChar ; Use sua rotine existente
00:0000017A 60F6            	   191:     BRA     .WriteLoop
                            	   192: .Done:
00:0000017C 201F            	   193:     MOVE.L  (SP)+,D0
00:0000017E 205F            	   194:     MOVE.L  (SP)+,A0
00:00000180 4E75            	   195:     RTS
                            	   196: 
                            	   197: ; ----------------------------------------------------------------------
                            	   198: ; Constantes
                            	   199: ; ----------------------------------------------------------------------
                            	   200: ;F_CPU       EQU 16000000       ; Clock do CPU (16MHz)
                            	   201: ;BAUD_TABLE  EQU $70000         ; Endereço base na RAM para armazenar divisores
                            	   202:                               ; BAUD_DIV_L em $70000
                            	   203:                               ; BAUD_DIV_U em $70001
                            	   204: 
                            	   205: ; ----------------------------------------------------------------------
                            	   206: ; Rotina: Calcula e armazena divisor de baud rate
                            	   207: ; Entrada:
                            	   208: ;   Nenhuma a rotina pega o baudrate na memoria e faz ocalculo
                            	   209: ; Saída:
                            	   210: ;   BAUD_DIV_L e BAUD_DIV_U armazenados na RAM
                            	   211: ; Formulas:
                            	   212: ;
                            	   213: ;
                            	   214: ; Simplificada: F_CPU/16/10/BAUD_RATE/10
                            	   215: ; ----------------------------------------------------------------------
                            	   216: 
                            	   217: CalcBaudDiv:
                            	   218: ;[ Registrador D0 (32 bits) ]
                            	   219: ;[   DIVU.W #16,D0          ]  → "Divida esse LONG por 16, mas... só pode retornar WORD!"
                            	   220: ;[   Se o resultado > 65535 ]  → "F*DEU, vou ignorar e deixar o original mesmo ¯\_(ツ)_/¯"
                            	   221:     ;==(((F_CPU/16)/10)/(BAUD/10))+5/10
                            	   222:     ;((F_CPU/16)/10)
                            	   223:     ;F_CPU = 16000000 ou 0xF42400
00:00000182 203C00F42400    	   224:     MOVE.L  #F_CPU,D0
00:00000188 323C0010        	   225:     MOVE.W  #16,D1         ; Divisor
00:0000018C 61000096        	   226:     BSR     Div32x16       ; D0 = 0xF4240 (1.000.000)
                            	   227: ;1
00:00000190 2F00            	   228:     move.l  d0,-(SP)
00:00000192 4EB803A6        	   229:     jsr     PrintHexAddress
00:00000196 4EB8020E        	   230:     jsr     new_line
00:0000019A 201F            	   231:     move.l  (SP)+,d0
                            	   232: 
00:0000019C 323C000A        	   233:     MOVE.W  #10,D1         ; Divisor
00:000001A0 61000082        	   234:     BSR     Div32x16       ; D0 = 0x186A0
                            	   235: ;2
00:000001A4 2F00            	   236:     move.l  d0,-(SP)
00:000001A6 4EB803A6        	   237:     jsr     PrintHexAddress
00:000001AA 4EB8020E        	   238:     jsr     new_line
00:000001AE 201F            	   239:     move.l  (SP)+,d0
                            	   240: 
                            	   241:     ;(BAUD/10)
00:000001B0 2F00            	   242:     move.l  d0,-(SP)
                            	   243: ;3
00:000001B2 7000            	   244:     CLR.L   D0
00:000001B4 30390008100C    	   245:     MOVE.W  CurrentBaudRate,D0
00:000001BA 2F00            	   246:     move.l  d0,-(SP)
00:000001BC 4EB803A6        	   247:     jsr     PrintHexAddress
00:000001C0 4EB8020E        	   248:     jsr     new_line
00:000001C4 201F            	   249:     move.l  (SP)+,d0
                            	   250: 
00:000001C6 123C000A        	   251:     MOVE.B  #10,D1
00:000001CA 6158            	   252:     BSR     Div32x16
                            	   253: 
                            	   254: ;4
00:000001CC 2F00            	   255:     move.l  d0,-(SP)
00:000001CE 4EB803A6        	   256:     jsr     PrintHexAddress
00:000001D2 4EB8020E        	   257:     jsr     new_line
00:000001D6 221F            	   258:     move.l  (SP)+,D1
00:000001D8 201F            	   259:     move.l  (SP)+,D0
                            	   260: 
                            	   261: 
                            	   262:     ;(F_CPU/BAUD)
00:000001DA 6148            	   263:     BSR     Div32x16
                            	   264: ;5
00:000001DC 2F00            	   265:     move.l  d0,-(SP)
00:000001DE 4EB803A6        	   266:     jsr     PrintHexAddress
00:000001E2 4EB8020E        	   267:     jsr     new_line
00:000001E6 201F            	   268:     move.l  (SP)+,d0
                            	   269: 
                            	   270:     ; 4. Separa parte alta/baixa corretamente
00:000001E8 3200            	   271:     MOVE.W  D0,D1
00:000001EA 024000FF        	   272:     ANDI.W  #$FF,D0        ; D0 = BAUD_DIV_L (8 bits baixos)
00:000001EE E049            	   273:     LSR.W   #8,D1          ; D1 = BAUD_DIV_H (8 bits altos)
00:000001F0 024100FF        	   274:     ANDI.W  #$FF,D1        ; Limpa bits extras
                            	   275: 
                            	   276:     ; 5. Armazena (AGORA COM 16 BITS, NÃO 32!)
00:000001F4 41F900081012    	   277:     LEA     Baud1DivL,A0
00:000001FA 3080            	   278:     MOVE.W  D0,(A0)        ; 16 bits suficientes
00:000001FC 41F900081014    	   279:     LEA     Baud1DivH,A0
00:00000202 3081            	   280:     MOVE.W  D1,(A0)
                            	   281: 
00:00000204 6000FE6C        	   282:     BRA     MenuLoop
00:00000208 4E75            	   283:     RTS
                            	   284: .BaudError:
00:0000020A 6000FDFC        	   285:     BRA     _start
                            	   286: 
                            	   287: new_line:
00:0000020E 2F00            	   288:         MOVE.L  D0,-(SP)          ; Salva D0
00:00000210 103C000A        	   289:         MOVE.B  #10,D0
00:00000214 4EB8013A        	   290:         JSR     UART_WriteChar
00:00000218 103C000D        	   291:         MOVE.B  #13,D0
00:0000021C 4EB8013A        	   292:         JSR     UART_WriteChar
00:00000220 201F            	   293:         MOVE.L  (SP)+,D0          ; Restaura D0
00:00000222 4E75            	   294:         RTS
                            	   295: ; D0 = Dividendo (32 bits), D1 = Divisor (16 bits)
                            	   296: ; Retorna D0 = Quociente, D1 = Resto
                            	   297: Div32x16:
00:00000224 7400            	   298:     MOVEQ   #0,D2       ; D2 = Quociente
00:00000226 761F            	   299:     MOVEQ   #31,D3      ; 32 iterações
                            	   300: DivLoop:
00:00000228 E388            	   301:     LSL.L   #1,D0       ; Desloca D0 (MSB → Carry)
00:0000022A E392            	   302:     ROXL.L  #1,D2       ; Desloca D2 com Carry
00:0000022C B441            	   303:     CMP.W   D1,D2       ; D2 >= D1?
00:0000022E 6D04            	   304:     BLT     .skip
00:00000230 9441            	   305:     SUB.W   D1,D2       ; Sim, subtrai
00:00000232 5280            	   306:     ADDQ.L  #1,D0       ; E adiciona 1 ao quociente
                            	   307: .skip:
00:00000234 51CBFFF2        	   308:     DBRA    D3,DivLoop  ; Repete
00:00000238 2202            	   309:     MOVE.L  D2,D1       ; Resto em D1
00:0000023A 4E75            	   310:     RTS
                            	   311: ; Versão compacta sem stack frame
                            	   312: PrintHexFast:
00:0000023C 2F02            	   313:     MOVE.L  D2,-(SP)          ; Salva D2
00:0000023E 2F00            	   314:     MOVE.L  D0,-(SP)          ; Salva D0 original
00:00000240 7407            	   315:     MOVEQ   #7,D2             ; 8 dígitos (contador)
                            	   316: 
                            	   317: .Loop:
00:00000242 2017            	   318:     MOVE.L  (SP),D0           ; Recupera valor original
00:00000244 E998            	   319:     ROL.L   #4,D0             ; Pega próximo nibble
00:00000246 2E80            	   320:     MOVE.L  D0,(SP)           ; Armazena valor rotacionado
00:00000248 0200000F        	   321:     ANDI.B  #$F,D0            ; Isola nibble
                            	   322: 
00:0000024C B03C0009        	   323:     CMP.B   #9,D0
00:00000250 6302            	   324:     BLS     .Digit
00:00000252 5E00            	   325:     ADD.B   #7,D0             ; Ajuste para A-F
                            	   326: .Digit:
00:00000254 D03C0030        	   327:     ADD.B   #'0',D0           ; Converte para ASCII
00:00000258 4EB8013A        	   328:     JSR     UART_WriteChar    ; Envia caractere
                            	   329: 
00:0000025C 51CAFFE4        	   330:     DBRA    D2,.Loop          ; Repete para todos dígitos
                            	   331: 
00:00000260 588F            	   332:     ADDQ.L  #4,SP             ; Remove valor salvo
00:00000262 241F            	   333:     MOVE.L  (SP)+,D2          ; Restaura D2
00:00000264 4E75            	   334:     RTS
                            	   335: 
                            	   336: ; ----------------------------------------------------------------------
                            	   337: ; PrintHex - Imprime valor hexadecimal no terminal
                            	   338: ; Entrada:
                            	   339: ;   D0.L = Valor a ser impresso (32 bits)
                            	   340: ;   D1.W = Número de dígitos (1-8)
                            	   341: ; ----------------------------------------------------------------------
                            	   342: PrintHexPRECISA_DE_REVISAO:
00:00000266 4E56FFF8        	   343:     LINK    A6,#-8            ; Reserva espaço na pilha
00:0000026A 2F02            	   344:     MOVE.L  D2,-(SP)          ; Salva D2
00:0000026C 2D40FFFC        	   345:     MOVE.L  D0,-4(A6)         ; Guarda o valor original
00:00000270 3D41FFFA        	   346:     MOVE.W  D1,-6(A6)         ; Guarda contador de dígitos
                            	   347: 
00:00000274 323C0008        	   348:     MOVE.W  #$0008,D1
                            	   349: 
                            	   350:     ; Ajusta para começar pelo dígito mais significativo
00:00000278 E549            	   351:     LSL.W   #2,D1             ; Multiplica por 4 (bits por dígito)
00:0000027A 5941            	   352:     SUBQ.W  #4,D1             ; Ajuste inicial
                            	   353: 
                            	   354: .PrintLoop:
00:0000027C 202EFFFC        	   355:     MOVE.L  -4(A6),D0         ; Recupera valor
00:00000280 3401            	   356:     MOVE.W  D1,D2             ; Posição do nibble
00:00000282 E5B8            	   357:     ROL.L   D2,D0             ; Rola para colocar nibble nos bits 31-28
00:00000284 02800000000F    	   358:     ANDI.L  #$F,D0            ; Isola o nibble (4 bits)
                            	   359: 
                            	   360:     ; Converte para ASCII
00:0000028A B03C0009        	   361:     CMP.B   #9,D0
00:0000028E 6302            	   362:     BLS     .Decimal
00:00000290 5E00            	   363:     ADD.B   #7,D0             ; Ajuste para A-F
                            	   364: .Decimal:
00:00000292 D03C0030        	   365:     ADD.B   #'0',D0           ; Converte para caractere
                            	   366: 
                            	   367:     ; Imprime caractere
00:00000296 4EB8013A        	   368:     JSR     UART_WriteChar    ; Sua rotina de envio UART
                            	   369: 
00:0000029A 5941            	   370:     SUBQ.W  #4,D1             ; Próximo nibble
00:0000029C 6ADE            	   371:     BPL     .PrintLoop        ; Repete até todos os dígitos
                            	   372: 
                            	   373:     ; Espaço final para separação
00:0000029E 103C0020        	   374:     MOVE.B  #' ',D0
00:000002A2 4EB8013A        	   375:     JSR     UART_WriteChar
                            	   376: 
00:000002A6 241F            	   377:     MOVE.L  (SP)+,D2          ; Restaura D2
00:000002A8 4E5E            	   378:     UNLK    A6                ; Restaura frame
00:000002AA 4E75            	   379:     RTS
                            	   380: ; ----------------------------------------------------------------------
                            	   381: ; Exemplo de uso:
                            	   382: ; ----------------------------------------------------------------------
                            	   383: SetupDivisor:
00:000002AC 303C2580        	   384:     MOVE.W  #9600,D0          ; Configura para 9600 bauds
00:000002B0 6100FED0        	   385:     BSR     CalcBaudDiv
                            	   386: 
                            	   387:     ; Agora pode acessar os valores na RAM:
00:000002B4 41F90008100E    	   388:     LEA     BaudDivL,A0
00:000002BA 1010            	   389:     MOVE.B  (A0),D0          ; D0 = BAUD_DIV_L
00:000002BC 41F900081010    	   390:     LEA     BaudDivH,A0
00:000002C2 1210            	   391:     MOVE.B  (A0),D1           ; D1 = BAUD_DIV_U
                            	   392: 
                            	   393:     ; (Aqui você configuraria os registradores da UART)
00:000002C4 4E75            	   394:     RTS
                            	   395: ; ----------------------------------------------------------------------
                            	   396: ; MemDump - Imprime dump de memória formatado
                            	   397: ; Entrada:
                            	   398: ;   A0 = Endereço inicial (ex: $80000)
                            	   399: ;   D0 = Quantidade de bytes (ex: 256)
                            	   400: ; ----------------------------------------------------------------------
                            	   401: MemDump:
00:000002C6 41F900000008    	   402:     LEA     DumpHeader,A0
00:000002CC 4EB8016E        	   403:     JSR     UART_WriteString
00:000002D0 207900081016    	   404:     MOVE.L  (addressInHex),A0
00:000002D6 2008            	   405:     MOVE.L  A0,D0
00:000002D8 4EB803A6        	   406:     JSR     PrintHexAddress
00:000002DC 4EB8020E        	   407:     JSR     new_line
                            	   408: 
00:000002E0 41F90000001B    	   409:     LEA     DumpHeader1,A0
00:000002E6 4EB8016E        	   410:     JSR     UART_WriteString
                            	   411: 
00:000002EA 207900081016    	   412:     MOVE.L  (addressInHex),A0
                            	   413:     ; Calcula endereço final
                            	   414: 
                            	   415: DUMPLOOPMASTER:
00:000002F0 7200            	   416:     CLR.L   D1
00:000002F2 2208            	   417:     MOVE.L  A0,D1
00:000002F4 0681000000FF    	   418:     ADDI.L  #$000000FF,D1             ; D1 = endereço final
                            	   419:     ;MOVE.L  D1,D0
                            	   420:     ;JSR     PrintHexAddress
                            	   421:     ;JSR     new_line
                            	   422: 
                            	   423:     ;aguarda um caractere ser digitado mas nao usa é somente para parar a execução aqui
                            	   424:     ;JSR     UART_ReadChar
                            	   425: 
                            	   426: 
                            	   427: DumpLoop:
                            	   428:     ; Nova linha a cada 16 bytes
00:000002FA 2008            	   429:     MOVE.L  A0,D0
00:000002FC 02800000000F    	   430:     ANDI.L  #$0000000F,D0     ; Verifica se é início de linha
00:00000302 6616            	   431:     BNE     NoNewLine
                            	   432: 
                            	   433:     ; Imprime endereço
00:00000304 2008            	   434:     MOVE.L  A0,D0
00:00000306 4EB803A6        	   435:     JSR     PrintHexAddress    ; Imprime 8 dígitos hex
                            	   436: 
00:0000030A 103C003A        	   437:     MOVE.B  #':',D0
00:0000030E 4EB8013A        	   438:     JSR     UART_WriteChar
00:00000312 103C0020        	   439:     MOVE.B  #' ',D0
00:00000316 4EB8013A        	   440:     JSR     UART_WriteChar
                            	   441: 
                            	   442: NoNewLine:
                            	   443:     ; Imprime byte em hex
00:0000031A 1018            	   444:     MOVE.B  (A0)+,D0
00:0000031C 4EB803B6        	   445:     JSR     PrintByteHex
                            	   446: 
00:00000320 103C0020        	   447:     MOVE.B  #' ',D0
00:00000324 4EB8013A        	   448:     JSR     UART_WriteChar
                            	   449: 
                            	   450:     ; Verifica fim da linha (16 bytes)
00:00000328 2008            	   451:     MOVE.L  A0,D0
00:0000032A 02800000000F    	   452:     ANDI.L  #$0000000F,D0
00:00000330 664E            	   453:     BNE     NoEndLine
                            	   454: 
                            	   455:     ; Imprime caracteres ASCII
00:00000332 103C0020        	   456:     MOVE.B  #' ',D0
00:00000336 4EB8013A        	   457:     JSR     UART_WriteChar
00:0000033A 103C007C        	   458:     MOVE.B  #'|',D0
00:0000033E 4EB8013A        	   459:     JSR     UART_WriteChar
                            	   460: 
00:00000342 43E8FFF0        	   461:     LEA     -16(A0),A1        ; Volta ao início da linha
00:00000346 740F            	   462:     MOVEQ   #15,D2            ; 16 caracteres
                            	   463: 
                            	   464: AsciiLoop:
00:00000348 1019            	   465:     MOVE.B  (A1)+,D0
00:0000034A B03C0020        	   466:     CMP.B   #32,D0            ; Verifica se é imprimível
00:0000034E 6D0C            	   467:     BLT     NonPrintable
00:00000350 B03C007E        	   468:     CMP.B   #126,D0
00:00000354 6E06            	   469:     BGT     NonPrintable
                            	   470: 
00:00000356 4EB8013A        	   471:     JSR     UART_WriteChar
00:0000035A 6008            	   472:     BRA     NextAscii
                            	   473: 
                            	   474: NonPrintable:
00:0000035C 103C002E        	   475:     MOVE.B  #'.',D0           ; Substitui não imprimíveis
00:00000360 4EB8013A        	   476:     JSR     UART_WriteChar
                            	   477: 
                            	   478: NextAscii:
00:00000364 51CAFFE2        	   479:     DBRA    D2,AsciiLoop
                            	   480: 
00:00000368 103C007C        	   481:     MOVE.B  #'|',D0
00:0000036C 4EB8013A        	   482:     JSR     UART_WriteChar
00:00000370 103C000D        	   483:     MOVE.B  #13,D0            ; CR
00:00000374 4EB8013A        	   484:     JSR     UART_WriteChar
00:00000378 103C000A        	   485:     MOVE.B  #10,D0            ; LF
00:0000037C 4EB8013A        	   486:     JSR     UART_WriteChar
                            	   487: 
                            	   488: NoEndLine:
                            	   489:     ; Verifica fim do dump
00:00000380 B1C1            	   490:     CMP.L   D1,A0
00:00000382 6300FF76        	   491:     BLS     DumpLoop
                            	   492: 
00:00000386 2F08            	   493:     MOVE.L  A0,-(SP)          ; Salva endereço atual
00:00000388 41F9000003EA    	   494:     LEA     HitAnyKey,A0
00:0000038E 4EB8016E        	   495:     JSR     UART_WriteString
00:00000392 4EB80154        	   496:     JSR     UART_ReadChar
00:00000396 B03C001B        	   497:     CMP.B   #$1B,D0
00:0000039A 6706            	   498:     BEQ     .fim
                            	   499: 
00:0000039C 205F            	   500:     MOVE.L  (SP)+,A0          ; Recupera endereço atual
00:0000039E 6000FF50        	   501:     BRA     DUMPLOOPMASTER
                            	   502: .fim
00:000003A2 6000FCCE        	   503:     BRA     MenuLoop
                            	   504: 
                            	   505: ; ----------------------------------------------------------------------
                            	   506: ; PrintHexAddress - Imprime endereço de 32 bits
                            	   507: ; Entrada: D0 = endereço
                            	   508: ; ----------------------------------------------------------------------
                            	   509: PrintHexAddress:
00:000003A6 4840            	   510:     SWAP    D0                ; Imprime parte alta primeiro
00:000003A8 4EB803AE        	   511:     JSR     PrintWordHex
00:000003AC 4840            	   512:     SWAP    D0                ; Parte baixa
                            	   513:     ; Continua para PrintWordHex
                            	   514: 
                            	   515: ; ----------------------------------------------------------------------
                            	   516: ; PrintWordHex - Imprime word em hex (16 bits)
                            	   517: ; Entrada: D0.w = valor
                            	   518: ; ----------------------------------------------------------------------
                            	   519: PrintWordHex:
00:000003AE E158            	   520:     ROL.W   #8,D0             ; Byte mais significativo primeiro
00:000003B0 4EB803B6        	   521:     JSR     PrintByteHex
00:000003B4 E058            	   522:     ROR.W   #8,D0             ; Byte menos significativo
                            	   523:     ; Continua para PrintByteHex
                            	   524: 
                            	   525: ; ----------------------------------------------------------------------
                            	   526: ; PrintByteHex - Imprime byte em hex (8 bits)
                            	   527: ; Entrada: D0.b = valor
                            	   528: ; ----------------------------------------------------------------------
                            	   529: PrintByteHex:
00:000003B6 1F00            	   530:     MOVE.B  D0,-(SP)          ; Salva byte original
00:000003B8 E808            	   531:     LSR.B   #4,D0             ; Nibble alto
00:000003BA 6106            	   532:     BSR     PrintNibble
00:000003BC 101F            	   533:     MOVE.B  (SP)+,D0          ; Recupera byte
00:000003BE 0200000F        	   534:     ANDI.B  #$0F,D0           ; Nibble baixo
                            	   535:     ; Continua para PrintNibble
                            	   536: ; ----------------------------------------------------------------------
                            	   537: ; PrintNibble - Imprime um nibble em hex
                            	   538: ; Entrada: D0.b bits 3-0 = nibble (0-15)
                            	   539: ; ----------------------------------------------------------------------
                            	   540: PrintNibble:
00:000003C2 B03C0009        	   541:     CMP.B   #9,D0
00:000003C6 6302            	   542:     BLS     .Decimal
00:000003C8 5E00            	   543:     ADD.B   #7,D0             ; Ajuste para A-F
                            	   544: .Decimal:
00:000003CA D03C0030        	   545:     ADD.B   #'0',D0
00:000003CE 4EF8013A        	   546:     JMP     UART_WriteChar    ; Usa JMP para tail call optimization
                            	   547: 
                            	   548: ClearRAM:
00:000003D2 41F900080000    	   549:     LEA     $80000,A0
00:000003D8 43F90008FFFF    	   550:     LEA     $8FFFF,A1
00:000003DE 7000            	   551:     MOVEQ   #0,D0
                            	   552: .ClearLoop:
00:000003E0 20C0            	   553:     MOVE.L  D0,(A0)+
00:000003E2 B3C8            	   554:     CMPA.L  A0,A1
00:000003E4 62FA            	   555:     BHI     .ClearLoop
00:000003E6 4E75            	   556:     RTS
                            	   557: ; ----------------------------------------------------------------------
                            	   558: ; ClearRAM - Zera a RAM de 0x80000 até 0xFFFFF
                            	   559: ; ----------------------------------------------------------------------
                            	   560: ClearRAM1:
00:000003E8 41F900080000    	   561:     LEA     $80000,A0        ; Endereço inicial da RAM
00:000003EE 43F900100000    	   562:     LEA     $100000,A1       ; Endereço final + 1
00:000003F4 7000            	   563:     MOVEQ   #0,D0            ; Usa D0 como zero
                            	   564: 
                            	   565:     ; Calcula tamanho em bytes (já alinhado para longs)
00:000003F6 2209            	   566:     MOVE.L  A1,D1
00:000003F8 9288            	   567:     SUB.L   A0,D1            ; D1 = tamanho em bytes
                            	   568: 
                            	   569:     ; Otimização: escreve longs (32 bits) quando possível
00:000003FA 2401            	   570:     MOVE.L  D1,D2
00:000003FC 028200000003    	   571:     ANDI.L  #$00000003,D2    ; Verifica se é múltiplo de 4
00:00000402 670C            	   572:     BEQ     .ClearLongs       ; Se for, usa escrita long
                            	   573: 
                            	   574:     ; Zera bytes residuais (1-3 bytes no início para alinhamento)
00:00000404 5382            	   575:     SUBQ.L  #1,D2            ; Ajusta contador
                            	   576: .ResidualLoop:
00:00000406 10C0            	   577:     MOVE.B  D0,(A0)+
00:00000408 51CAFFFC        	   578:     DBRA    D2,.ResidualLoop
                            	   579: 
                            	   580:     ; Atualiza tamanho restante
00:0000040C 9282            	   581:     SUB.L   D2,D1
00:0000040E 5381            	   582:     SUBQ.L  #1,D1            ; Ajuste para DBRA
                            	   583: 
                            	   584: .ClearLongs:
00:00000410 E489            	   585:     LSR.L   #2,D1            ; Converte bytes para longs (divide por 4)
00:00000412 5381            	   586:     SUBQ.L  #1,D1            ; Ajusta para DBRA
                            	   587: 
                            	   588: .LongLoop:
00:00000414 20C0            	   589:     MOVE.L  D0,(A0)+         ; Zera 4 bytes de cada vez
00:00000416 51C9FFFC        	   590:     DBRA    D1,.LongLoop
00:0000041A 4E75            	   591:     RTS
                            	   592: 
                            	   593: ; ----------------------------------------------------------------------
                            	   594: ; Subrotinas do Menu
                            	   595: ; ----------------------------------------------------------------------
                            	   596: 
                            	   597: ; 1. Seleciona UART
                            	   598: SelectUART:
00:0000041C 41F900000357    	   599:     LEA     PromptNotImplemented,A0
00:00000422 4EB8016E        	   600:     JSR     UART_WriteString
                            	   601:     ;LEA     UARTPrompt,A0
                            	   602:     ;JSR     UART_WriteString
                            	   603:     ;JSR     UART_ReadHex        ; Lê endereço da UART
                            	   604:     ;MOVE.L  D0,CurrentUART      ; Atualiza UART atual
                            	   605:     ;JSR     UART_Init           ; Reinicializa UART
00:00000426 4E75            	   606:     RTS
                            	   607: 
                            	   608: ; 2. Configura Baud Rate
                            	   609: SetBaudRate:
00:00000428 41F900000357    	   610:     LEA     PromptNotImplemented,A0
00:0000042E 4EB8016E        	   611:     JSR     UART_WriteString
                            	   612:     ;LEA     BaudPrompt,A0
                            	   613:     ;JSR     UART_WriteString
                            	   614:     ;JSR     UART_ReadHex        ; Lê valor do baud rate
                            	   615:     ;MOVE.L  CurrentUART,A0
                            	   616:     ;MOVE.B  D0,(UART_BAUD,A0)   ; Configura registrador
00:00000432 4E75            	   617:     RTS
                            	   618: 
                            	   619: ; 3. Carrega programa via serial
                            	   620: LoadProgram:
                            	   621: 
00:00000434 41F900081124    	   622:     LEA     DEST_BUFFER,A0   ; Onde os dados serão salvos
00:0000043A 23C800081524    	   623:     MOVE.L  A0,user_buffer_ptr
00:00000440 4EB806AC        	   624:     JSR     XMODEM_Receive
                            	   625: 
00:00000444 4E75            	   626:     RTS
                            	   627: ; 4. Grava programa manualmente (hex)
                            	   628: WriteProgram:
00:00000446 41F90000030D    	   629:     LEA     WritePrompt,A0
00:0000044C 4EB8016E        	   630:     JSR     UART_WriteString
00:00000450 4EB804DC        	   631:     JSR     UART_ReadHex        ; Lê endereço
00:00000454 2240            	   632:     MOVE.L  D0,A1               ; A1 = ponteiro
                            	   633: 
00:00000456 41F90000031D    	   634:     LEA     WriteSizePrompt,A0
00:0000045C 4EB8016E        	   635:     JSR     UART_WriteString
00:00000460 4EB804DC        	   636:     JSR     UART_ReadHex        ; Lê quantidade de bytes
00:00000464 2200            	   637:     MOVE.L  D0,D1               ; D1 = contador
                            	   638: 
                            	   639: .WriteLoop:
00:00000466 4EB8057C        	   640:     JSR     UART_ReadByte       ; Lê byte
00:0000046A 12C0            	   641:     MOVE.B  D0,(A1)+            ; Armazena
00:0000046C 5381            	   642:     SUBQ.L  #1,D1
00:0000046E 66F6            	   643:     BNE     .WriteLoop
                            	   644: 
00:00000470 41F90000032F    	   645:     LEA     WriteDoneMsg,A0
00:00000476 4EB8016E        	   646:     JSR     UART_WriteString
00:0000047A 4E75            	   647:     RTS
                            	   648: 
                            	   649: ; 5. Executa programa na RAM
                            	   650: RunProgram:
00:0000047C 41F900000349    	   651:     LEA     RunPrompt,A0
00:00000482 4EB8016E        	   652:     JSR     UART_WriteString
00:00000486 4EB804DC        	   653:     JSR     UART_ReadHex        ; Lê endereço
00:0000048A 2040            	   654:     MOVE.L  D0,A0
00:0000048C 4E90            	   655:     JSR     (A0)                ; Chama subrotina
00:0000048E 4E75            	   656:     RTS
                            	   657: 
                            	   658: ; ----------------------------------------------------------------------
                            	   659: ; Rotinas Auxiliares
                            	   660: ; ----------------------------------------------------------------------
                            	   661: 
                            	   662: ; Lê número hexadecimal (retorna em D0)
                            	   663: UART_ReadHex1:
00:00000490 2F01            	   664:         MOVE.L  D1,-(SP)
00:00000492 2F02            	   665:         MOVE.L  D2,-(SP)
                            	   666: 
00:00000494 41F90000030D    	   667:         LEA     WritePrompt,A0
00:0000049A 4EB8016E        	   668:         JSR     UART_WriteString
                            	   669: 
00:0000049E 4EB8020E        	   670:         JSR     new_line
                            	   671: 
00:000004A2 7000            	   672:         MOVEQ   #0,D0
00:000004A4 7200            	   673:         MOVEQ   #0,D1            ; Máximo 8 dígitos
00:000004A6 7400            	   674:         MOVEQ   #0,D2            ; Resultado em D2
                            	   675: 
                            	   676: .Loop:
00:000004A8 4EB80154        	   677:         JSR     UART_ReadChar
00:000004AC B03C000D        	   678:         CMP.B   #13,D0
00:000004B0 670C            	   679:         BEQ     .Done
00:000004B2 B03C000A        	   680:         CMP.B   #10,D0
00:000004B6 6706            	   681:         BEQ     .Done
00:000004B8 4EB805A6        	   682:         JSR     BufferPut
00:000004BC 60EA            	   683:         BRA     .Loop
                            	   684: .Done:
                            	   685: ;         BSR     UART_BufferGet
                            	   686: ;         CMP.B   #-1,D0          ; Buffer vazio?
                            	   687: ;         BEQ     NadaParaLer      ; Se sim, ignora
                            	   688: ;         Senão, D0 contém o byte lido!
                            	   689: .loop1:
00:000004BE 4EB805DE        	   690:     JSR     BufferGet
00:000004C2 B03C00FF        	   691:     CMP.B   #-1,D0          ; Buffer vazio?
00:000004C6 6706            	   692:     BEQ     .fim      ; Se sim, ignora
00:000004C8 4EB8013A        	   693:     JSR     UART_WriteChar
00:000004CC 60F0            	   694:     BRA     .loop1
                            	   695: .fim:
00:000004CE 241F            	   696:     MOVE.L  (SP)+,D2
00:000004D0 221F            	   697:     MOVE.L  (SP)+,D1
00:000004D2 4EB8020E        	   698:     JSR     new_line
00:000004D6 6000FB9A        	   699:     bra     MenuLoop ;provisoriamente
00:000004DA 4E75            	   700:     RTS
                            	   701: 
                            	   702: ; Lê número hexadecimal (retorna em D0)
                            	   703: UART_ReadHex:
00:000004DC 2F01            	   704:         MOVE.L  D1,-(SP)
00:000004DE 2F02            	   705:         MOVE.L  D2,-(SP)
                            	   706: 
00:000004E0 7000            	   707:         MOVEQ   #0,D0
00:000004E2 721C            	   708:         MOVEQ   #28,D1            ; Máximo 8 dígitos
00:000004E4 7400            	   709:         MOVEQ   #0,D2            ; Resultado em D2
                            	   710: .Loop:
00:000004E6 7000            	   711:         CLR.L   D0
00:000004E8 4EB80154        	   712:         JSR     UART_ReadChar
00:000004EC B03C000D        	   713:         CMP.B   #13,D0
00:000004F0 674C            	   714:         BEQ     .Done
00:000004F2 B03C000A        	   715:         CMP.B   #10,D0
00:000004F6 6746            	   716:         BEQ     .Done
                            	   717:         ;Tratando os numeros
00:000004F8 B03C0030        	   718:         CMP.B   #'0',D0
00:000004FC 6C02            	   719:         BGE     .maiorQueZero
00:000004FE 60E6            	   720:         BRA     .Loop
                            	   721: .maiorQueZero:
00:00000500 B03C0039        	   722:         CMP.B   #'9',D0
00:00000504 6F10            	   723:         BLE     .isdigit
                            	   724:         ;Tratando as letras
00:00000506 B03C0041        	   725:         CMP.B   #'A',D0
00:0000050A 6C02            	   726:         BGE     .maiorQueA
00:0000050C 60D8            	   727:         BRA     .Loop
                            	   728: .maiorQueA:
00:0000050E B03C0046        	   729:         CMP.B   #'F',D0
00:00000512 6F16            	   730:         BLE     .isletter
00:00000514 60D0            	   731:         BRA     .Loop
                            	   732: .isdigit:
00:00000516 903C0030        	   733:         SUB.B   #'0',D0
00:0000051A E3A8            	   734:         LSL.L   D1,D0
00:0000051C 5901            	   735:         SUB.B   #4,D1
00:0000051E 8480            	   736:         OR.L    D0,D2
00:00000520 41F900081016    	   737:         LEA     addressInHex,A0
00:00000526 2082            	   738:         MOVE.L  D2,(A0)
00:00000528 60BC            	   739:         BRA     .Loop
                            	   740: .isletter:
00:0000052A 903C0037        	   741:         SUB.B   #$37,D0
00:0000052E E3A8            	   742:         LSL.L   D1,D0
00:00000530 5901            	   743:         SUB.B   #4,D1
00:00000532 8480            	   744:         OR.L    D0,D2
00:00000534 41F900081016    	   745:         LEA     addressInHex,A0
00:0000053A 2082            	   746:         MOVE.L  D2,(A0)
00:0000053C 60A8            	   747:         BRA     .Loop
                            	   748: .Done:
00:0000053E 4EB8020E        	   749:     JSR     new_line
00:00000542 41F900081016    	   750:     LEA     addressInHex,A0
00:00000548 2010            	   751:     MOVE.L  (A0),D0
00:0000054A 4EB803A6        	   752:     JSR     PrintHexAddress
00:0000054E 4EB8020E        	   753:     JSR     new_line
00:00000552 241F            	   754:     MOVE.L  (SP)+,D2
00:00000554 221F            	   755:     MOVE.L  (SP)+,D1
00:00000556 4E75            	   756:     RTS
                            	   757: 
                            	   758: TEST_READ_IN_HEXA:
00:00000558 41F900000380    	   759:     LEA     TestHexInput,A0
00:0000055E 4EB8016E        	   760:     JSR     UART_WriteString
00:00000562 4EB804DC        	   761:     JSR     UART_ReadHex
00:00000566 6000FB0A        	   762:     bra     MenuLoop
                            	   763: 
                            	   764: 
                            	   765: ; Lê 4 bytes (32 bits) via UART
                            	   766: UART_ReadLong:
00:0000056A 7000            	   767:     MOVEQ   #0,D0
00:0000056C 7203            	   768:     MOVEQ   #3,D1            ; 4 bytes a ler
                            	   769: .Loop:
00:0000056E E188            	   770:     LSL.L   #8,D0            ; Desloca resultado atual
00:00000570 4EB8057C        	   771:     JSR     UART_ReadByte
00:00000574 8000            	   772:     OR.B    D0,D0            ; Combina com novo byte
00:00000576 51C9FFF6        	   773:     DBF     D1,.Loop
00:0000057A 4E75            	   774:     RTS
                            	   775: 
                            	   776: ; Lê byte hexadecimal (2 caracteres ASCII)
                            	   777: UART_ReadByte:
00:0000057C 2F00            	   778:     MOVE.L  D0,-(SP)        ; Preserva D0
00:0000057E 4EB80590        	   779:     JSR     UART_ReadHexNibble
00:00000582 E908            	   780:     LSL.B   #4,D0
00:00000584 1200            	   781:     MOVE.B  D0,D1
00:00000586 4EB80590        	   782:     JSR     UART_ReadHexNibble
00:0000058A 8001            	   783:     OR.B    D1,D0
00:0000058C 201F            	   784:     MOVE.L  (SP)+,D0        ; Recupera D0
00:0000058E 4E75            	   785:     RTS
                            	   786: 
                            	   787: ; Lê meio-byte hexadecimal
                            	   788: UART_ReadHexNibble:
00:00000590 4EB80154        	   789:     JSR     UART_ReadChar
00:00000594 B03C0041        	   790:     CMP.B   #'A',D0
00:00000598 6D02            	   791:     BLT     .Digit
00:0000059A 5F00            	   792:     SUB.B   #7,D0            ; Ajuste para A-F
                            	   793: .Digit:
00:0000059C 903C0030        	   794:     SUB.B   #'0',D0
00:000005A0 C03C000F        	   795:     AND.B   #$0F,D0
00:000005A4 4E75            	   796:     RTS
                            	   797: 
                            	   798: ;--------------------------------------------------
                            	   799: ; BufferPut - Insere um byte no buffer (D0.B = byte)
                            	   800: ;--------------------------------------------------
                            	   801: ; Exemplo: insere 'A' no buffer
                            	   802: ;          MOVE.B  #'A',D0
                            	   803: ;          JSR     UART_BufferPut
                            	   804: 
                            	   805: BufferPut:
00:000005A6 2F01            	   806:     MOVE.L  D1,-(SP)
00:000005A8 2F08            	   807:     MOVE.L  A0,-(SP)
                            	   808: 
                            	   809:     ;ANDI.W    #$FF00,D0
00:000005AA 41F900081024    	   810:     LEA     BUFFER,A0
00:000005B0 323900081022    	   811:     MOVE.W  BUFFER_COUNT,D1
                            	   812: 
00:000005B6 B27C0100        	   813:     CMP.W   #256,D1
00:000005BA 6C1C            	   814:     BGE     .BufferFull
                            	   815: 
                            	   816:     ; Modificado para usar deslocamento de 16 bits
00:000005BC 32390008101A    	   817:     MOVE.W  BUFFER_HEAD,D1
00:000005C2 D0C1            	   818:     ADD     D1,A0
00:000005C4 1080            	   819:     MOVE.B  D0,(A0)              ;PUTTING BYTE
                            	   820: 
00:000005C6 5441            	   821:     ADD     #2,D1              ; Incrementa como word
00:000005C8 024100FF        	   822:     ANDI.W  #255,D1            ; Mantém no range 0-255
00:000005CC 33C10008101A    	   823:     MOVE.W  D1,BUFFER_HEAD
                            	   824: 
00:000005D2 527900081022    	   825:     ADDQ.W  #1,BUFFER_COUNT
                            	   826: 
                            	   827: .BufferFull:
00:000005D8 205F            	   828:     MOVE.L  (SP)+,A0
00:000005DA 221F            	   829:     MOVE.L  (SP)+,D1
                            	   830: 
00:000005DC 4E75            	   831:     RTS
                            	   832: 
                            	   833: ;--------------------------------------------------
                            	   834: ; BufferGet - Pega um byte do buffer (retorna em D0.B, ou -1 se vazio)
                            	   835: ;--------------------------------------------------
                            	   836: ;Exemplo: Lendo byte do buffer
                            	   837: ;         BSR     UART_BufferGet
                            	   838: ;         CMP.B   #-1,D0          ; Buffer vazio?
                            	   839: ;         BEQ     NadaParaLer      ; Se sim, ignora
                            	   840: ;         Senão, D0 contém o byte lido!
                            	   841: BufferGet:
00:000005DE 2F01            	   842:     MOVE.L  D1,-(SP)
00:000005E0 2F08            	   843:     MOVE.L  A0,-(SP)
                            	   844: 
00:000005E2 323900081022    	   845:     MOVE.W  BUFFER_COUNT,D1
00:000005E8 6724            	   846:     BEQ     .BufferEmpty
                            	   847: 
00:000005EA 41F900081024    	   848:     LEA     BUFFER,A0
                            	   849: 
                            	   850:     ; Modificado para usar deslocamento de 16 bits
00:000005F0 32390008101E    	   851:     MOVE.W  BUFFER_TAIL,D1
00:000005F6 10301000        	   852:     MOVE.B  (A0,D1.W),D0       ; Usando D1.W em vez de D1.L
                            	   853: 
00:000005FA 5401            	   854:     ADDQ.B  #2,D1              ; Incrementa como word
00:000005FC 024100FF        	   855:     ANDI.W  #255,D1            ; Mantém no range 0-255
00:00000600 33C10008101E    	   856:     MOVE.W  D1,BUFFER_TAIL
                            	   857: 
00:00000606 537900081022    	   858:     SUBQ.W  #1,BUFFER_COUNT
00:0000060C 6006            	   859:     BRA     .Exit
                            	   860: 
                            	   861: .BufferEmpty:
00:0000060E 4EB8061A        	   862:     JSR     FBufferEmpty
00:00000612 70FF            	   863:     MOVEQ   #-1,D0
                            	   864: .Exit:
00:00000614 205F            	   865:     MOVE.L  (SP)+,A0
00:00000616 221F            	   866:     MOVE.L  (SP)+,D1
00:00000618 4E75            	   867:     RTS
                            	   868: 
                            	   869: FBufferEmpty:
00:0000061A 4EB8020E        	   870:         JSR     new_line
00:0000061E 41F90000036A    	   871:         LEA     BufferEmpty,A0
00:00000624 4EB8016E        	   872:         JSR     UART_WriteString
00:00000628 4EB8020E        	   873:         JSR     new_line
00:0000062C 4E75            	   874:         RTS
                            	   875: ;---------------------------------------------------------------------
                            	   876: ; Zera os ponteiros do buffer circular (HEAD e TAIL) - VASM Edition
                            	   877: ;---------------------------------------------------------------------
                            	   878: ClearBufferPointers:
00:0000062E 23FC000000000008	   879:     MOVE.L  #0,BUFFER_HEAD    ; Zera BUFFER_HEAD (32 bits)
00:00000636 101A
00:00000638 23FC000000000008	   880:     MOVE.L  #0,BUFFER_TAIL    ; Zera BUFFER_TAIL (32 bits)
00:00000640 101E
00:00000642 33FC000000081022	   881:     MOVE.W  #0,BUFFER_COUNT   ; Opcional: zera contador (16 bits)
00:0000064A 4E75            	   882:     RTS
                            	   883: ;---------------------------------------------------------------------
                            	   884: ; MontaAddress - Lê 8 bytes (4 bits cada) e forma um uint32
                            	   885: ; Entrada: Buffer contém 8 bytes (MSB first, 4 bits úteis cada)
                            	   886: ; Saída:   D0.L = valor de 32 bits (formado pelos nibbles)
                            	   887: ;          D1.B = 0 (sucesso) ou -1 (erro, buffer vazio)
                            	   888: ;---------------------------------------------------------------------
                            	   889: MontaAddress:
00:0000064C 48E73C80        	   890:     MOVEM.L D2-D5/A0,-(SP)   ; Salva registradores
                            	   891: 
                            	   892:     ; Verifica se há pelo menos 8 bytes no buffer
00:00000650 323900081022    	   893:     MOVE.W  BUFFER_COUNT,D1
00:00000656 B27C0008        	   894:     CMP.W   #8,D1
00:0000065A 6D38            	   895:     BLT     .BufferUnderrun   ; Erro se menos que 8 bytes
                            	   896: 
00:0000065C 41F900081024    	   897:     LEA     BUFFER,A0      ; A0 = base do buffer
00:00000662 24390008101E    	   898:     MOVE.L  BUFFER_TAIL,D2    ; D2 = tail (ponteiro de leitura)
00:00000668 7000            	   899:     CLR.L   D0                ; Zera D0 (resultado final)
00:0000066A 7607            	   900:     MOVEQ   #7,D3             ; Contador (8 nibbles, MSB first)
                            	   901: 
                            	   902: .ReadLoop:
00:0000066C 18302800        	   903:     MOVE.B  (A0,D2.L),D4      ; Lê byte do buffer
00:00000670 0204000F        	   904:     ANDI.B  #$0F,D4          ; Pega apenas os 4 bits inferiores
                            	   905: 
                            	   906:     ; Desloca e insere os 4 bits em D0
00:00000674 E988            	   907:     LSL.L   #4,D0             ; Abre espaço para o novo nibble
00:00000676 8004            	   908:     OR.B    D4,D0             ; Adiciona os 4 bits no LSB
                            	   909: 
                            	   910:     ; Atualiza tail (circular)
00:00000678 5282            	   911:     ADDQ.L  #1,D2
00:0000067A 0282000000FF    	   912:     ANDI.L  #255,D2           ; Mantém entre 0-255
                            	   913: 
00:00000680 51CBFFEA        	   914:     DBRA    D3,.ReadLoop      ; Repete para todos os 8 nibbles
                            	   915: 
                            	   916:     ; Atualiza ponteiros globais
00:00000684 23C20008101E    	   917:     MOVE.L  D2,BUFFER_TAIL
00:0000068A 517900081022    	   918:     SUB.W   #8,BUFFER_COUNT
                            	   919: 
00:00000690 7200            	   920:     MOVEQ   #0,D1             ; Sucesso (D1 = 0)
00:00000692 6004            	   921:     BRA     .Exit
                            	   922: 
                            	   923: .BufferUnderrun:
00:00000694 72FF            	   924:     MOVEQ   #-1,D1            ; Erro (D1 = -1)
00:00000696 7000            	   925:     MOVEQ   #0,D0             ; Retorna 0 em D0
                            	   926: 
                            	   927: .Exit:
00:00000698 4CDF013C        	   928:     MOVEM.L (SP)+,D2-D5/A0    ; Restaura registradores
00:0000069C 4E75            	   929:     RTS
                            	   930: 
00:0000069E 4D4552444120494E	   931:     DC.B "MERDA INCIA"
00:000006A6 434941
                            	   932:     ALIGN 2
                            	   933: ; =====================================================================
                            	   934: ; XMODEM RECEIVER ROUTINE
                            	   935: ; =====================================================================
                            	   936: XMODEM_Receive:
00:000006AC 48E73FFE        	   937:                 MOVEM.L D2-D7/A0-A6,-(SP)
00:000006B0 41F9000815A4    	   938:                 LEA     xmodem_buffer,A0
                            	   939: 
                            	   940:                 ; ---- 1. INICIALIZAÇÃO ----
00:000006B6 103C0015        	   941:                 MOVE.B  #NAK,D0
00:000006BA 4EB8013A        	   942:                 JSR     UART_WriteChar      ; Solicita início
                            	   943: 
                            	   944:                 ; ---- 2. LOOP PRINCIPAL ----
                            	   945: Receive_Loop:
00:000006BE 4EB80154        	   946:                 JSR     UART_ReadChar
00:000006C2 B03C0004        	   947:                 CMP.B   #EOT,D0
00:000006C6 67000088        	   948:                 BEQ     Transfer_Complete   ; Fim da transmissão
                            	   949: 
00:000006CA B03C0001        	   950:                 CMP.B   #SOH,D0
00:000006CE 66EE            	   951:                 BNE     Receive_Loop        ; Ignora bytes inválidos
                            	   952: 
                            	   953:                 ; ---- 3. RECEBE HEADER ----
00:000006D0 4EB80154        	   954:                 JSR     UART_ReadChar       ; Block number
00:000006D4 13C000081624    	   955:                 MOVE.B  D0,block_number
00:000006DA 4EB80154        	   956:                 JSR     UART_ReadChar       ; ~Block number (complemento)
                            	   957: 
                            	   958:                 ; ---- 4. RECEBE DADOS ----
00:000006DE 323C007F        	   959:                 MOVE.W  #127,D1             ; 128 bytes (0-based)
00:000006E2 43F9000815A4    	   960:                 LEA     xmodem_buffer,A1
                            	   961: 
                            	   962: Receive_Data:
00:000006E8 4EB80154        	   963:                 JSR     UART_ReadChar
00:000006EC 12C0            	   964:                 MOVE.B  D0,(A1)+
00:000006EE 51C9FFF8        	   965:                 DBF     D1,Receive_Data
                            	   966: 
                            	   967:                 ; ---- 5. VERIFICA CHECKSUM ----
00:000006F2 4EB80154        	   968:                 JSR     UART_ReadChar       ; Checksum
00:000006F6 1400            	   969:                 MOVE.B  D0,D2
                            	   970: 
                            	   971:                 ; Calcula checksum local
00:000006F8 43F9000815A4    	   972:                 LEA     xmodem_buffer,A1
00:000006FE 323C007F        	   973:                 MOVE.W  #127,D1
00:00000702 4203            	   974:                 CLR.B   D3
                            	   975: 
                            	   976: Calc_Checksum:
00:00000704 D619            	   977:                 ADD.B   (A1)+,D3
00:00000706 51C9FFFC        	   978:                 DBF     D1,Calc_Checksum
                            	   979: 
00:0000070A B602            	   980:                 CMP.B   D2,D3
00:0000070C 6636            	   981:                 BNE     Send_NAK            ; Erro no checksum
                            	   982: 
                            	   983:                 ; ---- 6. VALIDA NÚMERO DO BLOCO ----
00:0000070E 103900081624    	   984:                 MOVE.B  block_number,D0
00:00000714 B03900081625    	   985:                 CMP.B   expected_block,D0
00:0000071A 6628            	   986:                 BNE     Send_NAK            ; Bloco fora de ordem
                            	   987: 
                            	   988:                 ; ---- 7. COPIA DADOS VÁLIDOS ----
                            	   989:                 ; (Aqui você processa os 128 bytes recebidos)
                            	   990:                 ; Exemplo: copiar para RAM/Flash
00:0000071C 43F9000815A4    	   991:                 LEA     xmodem_buffer,A1
00:00000722 247900081524    	   992:                 MOVE.L  user_buffer_ptr,A2  ; Defina isso antes de chamar
00:00000728 323C007F        	   993:                 MOVE.W  #127,D1
                            	   994: Copy_Data:
00:0000072C 14D9            	   995:                 MOVE.B  (A1)+,(A2)+
00:0000072E 51C9FFFC        	   996:                 DBF     D1,Copy_Data
                            	   997: 
                            	   998:                 ; ---- 8. CONFIMA RECEPÇÃO ----
00:00000732 523900081625    	   999:                 ADDQ.B  #1,expected_block   ; Próximo bloco
00:00000738 103C0006        	  1000:                 MOVE.B  #ACK,D0
00:0000073C 4EB8013A        	  1001:                 JSR     UART_WriteChar
00:00000740 6000FF7C        	  1002:                 BRA     Receive_Loop
                            	  1003: 
                            	  1004: Send_NAK:
00:00000744 103C0015        	  1005:                 MOVE.B  #NAK,D0
00:00000748 4EB8013A        	  1006:                 JSR     UART_WriteChar
00:0000074C 6000FF70        	  1007:                 BRA     Receive_Loop
                            	  1008: 
                            	  1009: Transfer_Complete:
00:00000750 103C0006        	  1010:                 MOVE.B  #ACK,D0             ; Confirma EOT
00:00000754 4EB8013A        	  1011:                 JSR     UART_WriteChar
00:00000758 4CDF7FFC        	  1012:                 MOVEM.L (SP)+,D2-D7/A0-A6
00:0000075C 4E75            	  1013:                 RTS
                            	  1014: 
00:0000075E 4D45524441205445	  1015:     DC.B "MERDA TERMINA"
00:00000766 524D494E41
                            	  1016:     ALIGN 2
                            	  1017: ; =====================================================================
                            	  1018: ; XMODEM RECEIVER ROUTINE
                            	  1019: ; =====================================================================
                            	  1020: 
                            	  1021: ; ----------------------------------------------------------------------
                            	  1022: ; SECTION data
                            	  1023: ;-----------------------------------------------------------------------
                            	  1024:     SECTION .rodata
                            	  1025:     SECTION .data
02:00000000 56616C6F726573  	  1026:      DC.B "Valores",0
02:00000007 00
                            	  1027: 
                            	  1028: ; ----------------------------------------------------------------------
                            	  1029: ; Strings do Sistema
                            	  1030: ; ----------------------------------------------------------------------
                            	  1031: DumpHeader:
02:00000008 4D656D6F72792044	  1032:     DC.B    "Memory Dump from :",0
02:00000010 756D702066726F6D
02:00000018 203A
02:0000001A 00
                            	  1033: DumpHeader1:
02:0000001B 4164647265737320	  1034:     DC.B    "Address   00 01 02 03 04 05 06 07 08 09 0A 0B 0C 0D 0E 0F  ASCII",13,10
02:00000023 2020303020303120
02:0000002B 3032203033203034
02:00000033 2030352030362030
02:0000003B 3720303820303920
02:00000043 3041203042203043
02:0000004B 2030442030452030
02:00000053 4620204153434949
02:0000005B 0D
02:0000005C 0A
02:0000005D 2D2D2D2D2D2D2D2D	  1035:     DC.B    "--------  -----------------------------------------------  ----------------",13,10,0
02:00000065 20202D2D2D2D2D2D
02:0000006D 2D2D2D2D2D2D2D2D
02:00000075 2D2D2D2D2D2D2D2D
02:0000007D 2D2D2D2D2D2D2D2D
02:00000085 2D2D2D2D2D2D2D2D
02:0000008D 2D2D2D2D2D2D2D2D
02:00000095 2D20202D2D2D2D2D
02:0000009D 2D2D2D2D2D2D2D2D
02:000000A5 2D2D2D
02:000000A8 0D
02:000000A9 0A
02:000000AA 00
                            	  1036: 
                            	  1037: MSGINIT:
02:000000AB 546370626F783638	  1038:     DC.B    "Tcpbox68k - copyright (C) pdsilva(pgordao).",13,10
02:000000B3 6B202D20636F7079
02:000000BB 7269676874202843
02:000000C3 2920706473696C76
02:000000CB 612870676F726461
02:000000D3 6F292E
02:000000D6 0D
02:000000D7 0A
02:000000D8 4D43363830303020	  1039:     DC.B    "MC68000 System Monitor",13,10
02:000000E0 53797374656D204D
02:000000E8 6F6E69746F72
02:000000EE 0D
02:000000EF 0A
                            	  1040:     INCLUDE "build_date.inc"

Source: "build_date.inc"
                            	     1: ;From here it is generated and pushed by update_build.sh
                            	     2: BUILD_DATE:
02:000000F0 4275696C642E3A20	     3:       DC.B "Build.: 2025-07-30 16:12:45",13,10
02:000000F8 323032352D30372D
02:00000100 33302031363A3132
02:00000108 3A3435
02:0000010B 0D
02:0000010C 0A
02:0000010D 53657269616C3A20	     4:       DC.B "Serial: 302135",0
02:00000115 333032313335
02:0000011B 00
                            	     5: ;End generated code
                            	     6: 

Source: "monitor.asm"
                            	  1041:     INCLUDE "build_counter.inc"

Source: "build_counter.inc"
02:0000011C 436F6D70696C6174	     1:       DC.B "Compilation: #12",0
02:00000124 696F6E3A20233132
02:0000012C 00
                            	     2: 

Source: "monitor.asm"
02:0000012D 2D2D2D2D2D2D2D2D	  1042:     DC.B    "-------------------------------------------",13,10,13,10,0
02:00000135 2D2D2D2D2D2D2D2D
02:0000013D 2D2D2D2D2D2D2D2D
02:00000145 2D2D2D2D2D2D2D2D
02:0000014D 2D2D2D2D2D2D2D2D
02:00000155 2D2D2D
02:00000158 0D
02:00000159 0A
02:0000015A 0D
02:0000015B 0A
02:0000015C 00
                            	  1043: 
                            	  1044: MenuText:
02:0000015D 312E2053656C6563	  1045:     DC.B    "1. Select UART",13,10
02:00000165 742055415254
02:0000016B 0D
02:0000016C 0A
02:0000016D 322E205365742042	  1046:     DC.B    "2. Set Baud Rate",13,10
02:00000175 6175642052617465
02:0000017D 0D
02:0000017E 0A
02:0000017F 332E204C6F616420	  1047:     DC.B    "3. Load Program (PC)",13,10
02:00000187 50726F6772616D20
02:0000018F 28504329
02:00000193 0D
02:00000194 0A
02:00000195 342E205772697465	  1048:     DC.B    "4. Write Program (Hex)",13,10
02:0000019D 2050726F6772616D
02:000001A5 202848657829
02:000001AB 0D
02:000001AC 0A
02:000001AD 352E2052756E2050	  1049:     DC.B    "5. Run Program",13,10
02:000001B5 726F6772616D
02:000001BB 0D
02:000001BC 0A
02:000001BD 362E204163657363	  1050:     DC.B    "6. Acescendo os LEDs",13,10
02:000001C5 656E646F206F7320
02:000001CD 4C454473
02:000001D1 0D
02:000001D2 0A
02:000001D3 372E204D656D6F72	  1051:     DC.B    "7. Memory dump from address buffer",13,10
02:000001DB 792064756D702066
02:000001E3 726F6D2061646472
02:000001EB 6573732062756666
02:000001F3 6572
02:000001F5 0D
02:000001F6 0A
02:000001F7 382E205265616420	  1052:     DC.B    "8. Read hexa value and put in address buffer",13,10
02:000001FF 686578612076616C
02:00000207 756520616E642070
02:0000020F 757420696E206164
02:00000217 6472657373206275
02:0000021F 66666572
02:00000223 0D
02:00000224 0A
02:00000225 392E2046726F6D20	  1053:     DC.B    "9. From screen to buffer E from buffer to screen",13,10
02:0000022D 73637265656E2074
02:00000235 6F20627566666572
02:0000023D 20452066726F6D20
02:00000245 6275666665722074
02:0000024D 6F2073637265656E
02:00000255 0D
02:00000256 0A
02:00000257 302E20446F206261	  1054:     DC.B    "0. Do baud divisor calculation",13,10
02:0000025F 7564206469766973
02:00000267 6F722063616C6375
02:0000026F 6C6174696F6E
02:00000275 0D
02:00000276 0A
02:00000277 3E20            	  1055:     DC.B    "> ",0
02:00000279 00
                            	  1056: UARTPrompt:
02:0000027A 5541525420416464	  1057:     DC.B    "UART Address (2000/2100/2200/2300): ",0
02:00000282 7265737320283230
02:0000028A 30302F323130302F
02:00000292 323230302F323330
02:0000029A 30293A20
02:0000029E 00
                            	  1058: BaudPrompt:
02:0000029F 4261756420526174	  1059:     DC.B    "Baud Rate Value: ",0
02:000002A7 652056616C75653A
02:000002AF 20
02:000002B0 00
                            	  1060: LoadPrompt:
02:000002B1 416775617264616E	  1061:     DC.B    "Aguardando 68ksender to initiate: ",0
02:000002B9 646F2036386B7365
02:000002C1 6E64657220746F20
02:000002C9 696E697469617465
02:000002D1 3A20
02:000002D3 00
                            	  1062: LoadPromptReady:
02:000002D4 526561647920746F	  1063:     DC.B    "Ready to receive from PC!",0
02:000002DC 2072656365697665
02:000002E4 2066726F6D205043
02:000002EC 21
02:000002ED 00
                            	  1064: LoadDoneMsg:
02:000002EE 50726F6772616D20	  1065:     DC.B    "Program loaded successfully!",13,10,0
02:000002F6 6C6F616465642073
02:000002FE 7563636573736675
02:00000306 6C6C7921
02:0000030A 0D
02:0000030B 0A
02:0000030C 00
                            	  1066: WritePrompt:
02:0000030D 5772697465204164	  1067:     DC.B    "Write Address: ",0
02:00000315 64726573733A20
02:0000031C 00
                            	  1068: WriteSizePrompt:
02:0000031D 4E756D626572206F	  1069:     DC.B    "Number of bytes: ",0
02:00000325 662062797465733A
02:0000032D 20
02:0000032E 00
                            	  1070: WriteDoneMsg:
02:0000032F 4461746120777269	  1071:     DC.B    "Data written to memory!",13,10,0
02:00000337 7474656E20746F20
02:0000033F 6D656D6F727921
02:00000346 0D
02:00000347 0A
02:00000348 00
                            	  1072: RunPrompt:
02:00000349 52756E2041646472	  1073:     DC.B    "Run Address: ",0
02:00000351 6573733A20
02:00000356 00
                            	  1074: PromptNotImplemented:
02:00000357 4E6F7420496D706C	  1075:     DC.B    "Not Implemented!",13,10,0
02:0000035F 656D656E74656421
02:00000367 0D
02:00000368 0A
02:00000369 00
                            	  1076: BufferEmpty:
02:0000036A 4F6F6F7073204275	  1077:     DC.B    "Ooops Buffer Empty!",13,10,0
02:00000372 6666657220456D70
02:0000037A 747921
02:0000037D 0D
02:0000037E 0A
02:0000037F 00
                            	  1078: TestHexInput:
02:00000380 0D              	  1079:     DC.B    13,10,"Digite um endereço de no máximo 4bytes 8 caracteres!",13,10
02:00000381 0A
02:00000382 4469676974652075
02:0000038A 6D20656E64657265
02:00000392 C3A76F206465206E
02:0000039A 6F206DC3A178696D
02:000003A2 6F20346279746573
02:000003AA 2038206361726163
02:000003B2 746572657321
02:000003B8 0D
02:000003B9 0A
02:000003BA 6D61697320717565	  1080:     DC.B    "mais que isso sera descatado os excedentes...",13,10,0
02:000003C2 206973736F207365
02:000003CA 7261206465736361
02:000003D2 7461646F206F7320
02:000003DA 6578636564656E74
02:000003E2 65732E2E2E
02:000003E7 0D
02:000003E8 0A
02:000003E9 00
                            	  1081: HitAnyKey:
02:000003EA 0D              	  1082:     DC.B    13,10,"Hit any <ENTER> to continue <ESC> to terminate: ",0
02:000003EB 0A
02:000003EC 48697420616E7920
02:000003F4 3C454E5445523E20
02:000003FC 746F20636F6E7469
02:00000404 6E7565203C455343
02:0000040C 3E20746F20746572
02:00000414 6D696E6174653A20
02:0000041C 00
                            	  1083: 
                            	  1084: ;    SECTION bss,BSS             
                            	  1085:     SECTION .bss                 
                            	  1086:     ORG     $81000               ; Área para variáveis
03:00081000 00000000        	  1087: RamBase:            DS.l 1             
03:00081004 00000000        	  1088: RamSize:            DS.L 1             
03:00081008 00000000        	  1089: CurrentUART:        DS.L 1             
03:0008100C 0000            	  1090: CurrentBaudRate:    DS.W 1             
03:0008100E 0000            	  1091: BaudDivL:           DS.W 1             
03:00081010 0000            	  1092: BaudDivH:           DS.W 1             
03:00081012 0000            	  1093: Baud1DivL:          DS.W 1             
03:00081014 0000            	  1094: Baud1DivH:          DS.W 1             
                            	  1095: ; === BUFFER CIRCULAR (256 bytes) ===             
03:00081016 00000000        	  1096: addressInHex:       DS.L 1     ; ENDEREÇO LIDO    
03:0008101A 00000000        	  1097: BUFFER_HEAD:    DS.L 1     ; Ponteiro de escrita (próxima posição livre)
03:0008101E 00000000        	  1098: BUFFER_TAIL:    DS.L 1     ; Ponteiro de leitura (próximo dado a ler)   
03:00081022 0000            	  1099: BUFFER_COUNT:   DS.W 1     ; Contador de bytes no buffer                
03:00081024 00              	  1100: BUFFER:         DS.B 256   ; Buffer de recepção                         
03:00081025 *
                            	  1101: ;=== Uart receiver
03:00081124 00              	  1102: DEST_BUFFER     DS.B   1024
03:00081125 *
03:00081524 00              	  1103: user_buffer_ptr DS.B   128
03:00081525 *
03:000815A4 00              	  1104: xmodem_buffer  DS.B    128        ; Buffer de dados
03:000815A5 *
03:00081624 00              	  1105: block_number   DS.B    1           ; Número do bloco atual
03:00081625 00              	  1106: expected_block DS.B    1           ; Próximo bloco esperado
                            	  1107: 


Symbols by name:
ACK                              E:00000006
AsciiLoop                        A:00000348
BAUD_DIV                         E:00000068
BAUD_DIV_L                       E:00000068
BAUD_DIV_U                       E:00000000
BAUD_RATE                        E:00002580
BUFFER                           A:00081024
BUFFER_COUNT                     A:00081022
BUFFER_HEAD                      A:0008101A
BUFFER_TAIL                      A:0008101E
BUILD_DATE                      02:000000F0
Baud1DivH                        A:00081014
Baud1DivL                        A:00081012
BaudDivH                         A:00081010
BaudDivL                         A:0008100E
BaudPrompt                      02:0000029F
BufferEmpty                     02:0000036A
BufferGet                        A:000005DE
BufferPut                        A:000005A6
CalcBaudDiv                      A:00000182
Calc_Checksum                    A:00000704
ClearBufferPointers              A:0000062E
ClearRAM                         A:000003D2
ClearRAM1                        A:000003E8
Copy_Data                        A:0000072C
CurrentBaudRate                  A:0008100C
CurrentUART                      A:00081008
DELAY_INIT                       A:0000004C
DEST_BUFFER                      A:00081124
DLL                              E:00000000
DLM                              E:00000002
DUMPLOOPMASTER                   A:000002F0
Div32x16                         A:00000224
DivLoop                          A:00000228
DumpHeader                      02:00000008
DumpHeader1                     02:0000001B
DumpLoop                         A:000002FA
EOT                              E:00000004
FBufferEmpty                     A:0000061A
FCR                              E:00000004
F_CPU                            E:00F42400
HitAnyKey                       02:000003EA
ISR                              E:00000004
LCR                              E:00000006
LED_INIT                         A:000000F6
LSR                              E:0000000A
LoadDoneMsg                     02:000002EE
LoadProgram                      A:00000434
LoadPrompt                      02:000002B1
LoadPromptReady                 02:000002D4
MSGINIT                         02:000000AB
MemDump                          A:000002C6
MenuLoop                         A:00000072
MenuText                        02:0000015D
MontaAddress                     A:0000064C
NAK                              E:00000015
NextAscii                        A:00000364
NoEndLine                        A:00000380
NoNewLine                        A:0000031A
NonPrintable                     A:0000035C
PISCA_LED                        A:000000D8
PrintByteHex                     A:000003B6
PrintHexAddress                  A:000003A6
PrintHexFast                     A:0000023C
PrintHexPRECISA_DE_REVISAO       A:00000266
PrintNibble                      A:000003C2
PrintWordHex                     A:000003AE
PromptNotImplemented            02:00000357
RHR                              E:00000000
RamBase                          A:00081000
RamSize                          A:00081004
Receive_Data                     A:000006E8
Receive_Loop                     A:000006BE
RunProgram                       A:0000047C
RunPrompt                       02:00000349
SCR                              E:0000000E
SOH                              E:00000001
SPR                              E:0000000E
SelectUART                       A:0000041C
Send_NAK                         A:00000744
SetBaudRate                      A:00000428
SetupDivisor                     A:000002AC
TEST_READ_IN_HEXA                A:00000558
THR                              E:00000000
TestHexInput                    02:00000380
Transfer_Complete                A:00000750
UARTPrompt                      02:0000027A
UART_BASE                        E:00002000
UART_Init                        A:00000112
UART_ReadByte                    A:0000057C
UART_ReadChar                    A:00000154
UART_ReadHex                     A:000004DC
UART_ReadHex1                    A:00000490
UART_ReadHexNibble               A:00000590
UART_ReadLong                    A:0000056A
UART_WriteChar                   A:0000013A
UART_WriteString                 A:0000016E
WriteDoneMsg                    02:0000032F
WriteProgram                     A:00000446
WritePrompt                     02:0000030D
WriteSizePrompt                 02:0000031D
XMODEM_Receive                   A:000006AC
_start                           A:00000008
addressInHex                     A:00081016
block_number                     A:00081624
expected_block                   A:00081625
new_line                         A:0000020E
user_buffer_ptr                  A:00081524
xmodem_buffer                    A:000815A4

Symbols by value:
00000000 BAUD_DIV_U
00000000 DLL
00000000 RHR
00000000 THR
00000001 SOH
00000002 DLM
00000004 EOT
00000004 FCR
00000004 ISR
00000006 ACK
00000006 LCR
00000008 DumpHeader
00000008 _start
0000000A LSR
0000000E SCR
0000000E SPR
00000015 NAK
0000001B DumpHeader1
0000004C DELAY_INIT
00000068 BAUD_DIV
00000068 BAUD_DIV_L
00000072 MenuLoop
000000AB MSGINIT
000000D8 PISCA_LED
000000F0 BUILD_DATE
000000F6 LED_INIT
00000112 UART_Init
0000013A UART_WriteChar
00000154 UART_ReadChar
0000015D MenuText
0000016E UART_WriteString
00000182 CalcBaudDiv
0000020E new_line
00000224 Div32x16
00000228 DivLoop
0000023C PrintHexFast
00000266 PrintHexPRECISA_DE_REVISAO
0000027A UARTPrompt
0000029F BaudPrompt
000002AC SetupDivisor
000002B1 LoadPrompt
000002C6 MemDump
000002D4 LoadPromptReady
000002EE LoadDoneMsg
000002F0 DUMPLOOPMASTER
000002FA DumpLoop
0000030D WritePrompt
0000031A NoNewLine
0000031D WriteSizePrompt
0000032F WriteDoneMsg
00000348 AsciiLoop
00000349 RunPrompt
00000357 PromptNotImplemented
0000035C NonPrintable
00000364 NextAscii
0000036A BufferEmpty
00000380 NoEndLine
00000380 TestHexInput
000003A6 PrintHexAddress
000003AE PrintWordHex
000003B6 PrintByteHex
000003C2 PrintNibble
000003D2 ClearRAM
000003E8 ClearRAM1
000003EA HitAnyKey
0000041C SelectUART
00000428 SetBaudRate
00000434 LoadProgram
00000446 WriteProgram
0000047C RunProgram
00000490 UART_ReadHex1
000004DC UART_ReadHex
00000558 TEST_READ_IN_HEXA
0000056A UART_ReadLong
0000057C UART_ReadByte
00000590 UART_ReadHexNibble
000005A6 BufferPut
000005DE BufferGet
0000061A FBufferEmpty
0000062E ClearBufferPointers
0000064C MontaAddress
000006AC XMODEM_Receive
000006BE Receive_Loop
000006E8 Receive_Data
00000704 Calc_Checksum
0000072C Copy_Data
00000744 Send_NAK
00000750 Transfer_Complete
00002000 UART_BASE
00002580 BAUD_RATE
00081000 RamBase
00081004 RamSize
00081008 CurrentUART
0008100C CurrentBaudRate
0008100E BaudDivL
00081010 BaudDivH
00081012 Baud1DivL
00081014 Baud1DivH
00081016 addressInHex
0008101A BUFFER_HEAD
0008101E BUFFER_TAIL
00081022 BUFFER_COUNT
00081024 BUFFER
00081124 DEST_BUFFER
00081524 user_buffer_ptr
000815A4 xmodem_buffer
00081624 block_number
00081625 expected_block
00F42400 F_CPU
