Archive member included to satisfy reference by file (symbol)

../../lib/libmc68000.a(memcpy.o)
                              keyboard.o (memcpy)

Discarded input sections

 .comment       0x00000000       0x13 ../../obj/startup.o
 .comment       0x00000000       0x13 keyboard.o
 .comment       0x00000000       0x13 ../../lib/libmc68000.a(memcpy.o)

Memory Configuration

Name             Origin             Length             Attributes
RAM              0x00008000         0x000fe000         xrw
*default*        0x00000000         0xffffffff

Linker script and memory map

                0x00000000                        . = ALIGN (0x2)

.text           0x00008000      0x4ce
                0x00008000                        . = ALIGN (0x2)
 *(.text*)
 .text          0x00008000       0x2a ../../obj/crt0.o
                0x00008000                _start
 *fill*         0x0000802a        0x2 
 .text          0x0000802c        0x6 ../../obj/startup.o
                0x0000802c                _main_wrapper
 *fill*         0x00008032        0x2 
 .text          0x00008034      0x47c keyboard.o
                0x00008034                delay
                0x0000804c                mymemset
                0x00008064                init_uart
                0x00008090                read_kbd
                0x000080a0                uart_read
                0x000080a2                write_kbd
                0x000080b6                get_0x81
                0x00008122                get_0x87
                0x00008148                set_keyboard_leds
                0x000081b6                get_0x88
                0x00008256                get_packet
                0x000082c2                reset_por_software
                0x000082ca                set_transparent_mode
                0x00008308                get_kbd_key
                0x0000843e                get_key
 .text          0x000084b0       0x1e ../../lib/libmc68000.a(memcpy.o)
                0x000084b0                memcpy
 *(.init)
                0x000084ce                        . = ALIGN (0x2)

.rodata         0x000084ce      0x286
                0x000084ce                        . = ALIGN (0x2)
 *(.rodata*)
 .rodata        0x000084ce      0x285 keyboard.o
                0x00008754                        . = ALIGN (0x2)
 *fill*         0x00008753        0x1 

.data           0x00008754        0x0
                0x00008754                        . = ALIGN (0x2)
 *(.data*)
 .data          0x00008754        0x0 ../../obj/crt0.o
 .data          0x00008754        0x0 ../../obj/startup.o
 .data          0x00008754        0x0 keyboard.o
 .data          0x00008754        0x0 ../../lib/libmc68000.a(memcpy.o)
                0x00008754                        . = ALIGN (0x2)

.bss            0x00008754       0x30
                0x00008754                        . = ALIGN (0x2)
                0x00008754                        __bss_start = .
 *(.bss*)
 .bss           0x00008754        0x0 ../../obj/crt0.o
 .bss           0x00008754        0x0 ../../obj/startup.o
 .bss           0x00008754       0x2d keyboard.o
                0x00008754                new_packet
                0x00008755                type
                0x00008756                length
                0x00008757                cmd
                0x00008758                key_bufferB
                0x00008764                key_bufferA
                0x00008770                key_buffer
                0x0000877c                _CapsFlag
                0x0000877d                modifier
                0x0000877e                alt_status
                0x0000877f                ctrl_status
                0x00008780                shift_status
 *fill*         0x00008781        0x3 
 .bss           0x00008784        0x0 ../../lib/libmc68000.a(memcpy.o)
 *(COMMON)
                0x00008784                        . = ALIGN (0x2)
                0x00008784                        __bss_end = .

.stack          0x00008784     0x1000
                0x00008784                        . = ALIGN (0x2)
                0x00008784                        _stack_start = .
                0x00009784                        . = (. + 0x1000)
 *fill*         0x00008784     0x1000 
                0x00009784                        . = ALIGN (0x2)
                0x00009784                        _stack_end = .

/DISCARD/
 *(.comment)
 *(.note*)
 *(.align*)
LOAD ../../obj/crt0.o
LOAD ../../obj/startup.o
LOAD keyboard.o
LOAD ../../lib/libmc68000.a
OUTPUT(keyboard.elf elf32-m68k)
