
There are no discarded input sections

Memory Configuration

Name             Origin             Length             Attributes
ROM              0x00000000         0x00004000         xr
RAM              0x00080000         0x00100000         xrw
*default*        0x00000000         0xffffffff

Linker script and memory map


.vectors        0x00000000       0xc0
                0x00000000                        . = ALIGN (0x2)
 *(.vectors)
 .vectors       0x00000000       0xc0 monitor.o

.jumptable      0x00000400       0x38
 *(.jumptable)
 .jumptable     0x00000400       0x38 monitor.o

.text           0x00001000      0xdec
                0x00001000                        _start = .
 *(.text .text.*)
 .text          0x00001000      0xdec monitor.o
                0x00001dec                        . = ALIGN (0x2)
                0x00001dec                        _start_end = .

.rodata         0x00001dec        0x0
 *(.rodata .rodata.*)
                0x00001dec                        . = ALIGN (0x2)

.data           0x00001dec      0x590
                0x00001dec                        __data_load = LOADADDR (.data)
                0x00001dec                        __data_start = .
 *(.data .data.*)
 .data          0x00001dec      0x590 monitor.o
                0x0000237c                        . = ALIGN (0x2)
                0x0000237c                        __data_end = .

.checksum       0x0000237c        0x4
                0x0000237c                        . = ALIGN (0x2)
                0x0000237c                        __checksum_addr = .
                0x0000237c        0x4 LONG 0x0

.bss            0x00080000     0x2550
                0x00080000                        __bss_start = .
 *(.bss .bss.*)
 .bss           0x00080000     0x2550 monitor.o
 *(COMMON)
                0x00082550                        . = ALIGN (0x2)
                0x00082550                        __bss_end = .

/DISCARD/
 *(.comment)
 *(.note.*)
LOAD monitor.o
OUTPUT(monitor.elf elf32-m68k)
