Sections:
00: "code" (0-558)
01: "data" (0-280)
02: "bss" (0-204)
03: ".bss" (0-10A)


Source: "test_ram2.asm"
                            	     1:         SECTION code,CODE
                            	     2:         ORG     $00000000
00:00000000 00100000        	     3:         DC.L    $00100000       ;SP inicial
00:00000004 00000008        	     4:         DC.L    MAIN            ;PC inicial
                            	     5: 
                            	     6: ;Term vt-102 cursor positioning \033[0;0H
                            	     7: 
                            	     8: ;# Clock frequency in Hz
                            	     9: F_CPU           equ 16000000
                            	    10: ;# Serial baud rate
                            	    11: BAUD            equ 9600
                            	    12: UART            equ $2000
                            	    13: UART_BASE       equ $2000
                            	    14: ; register offsets
                            	    15: RHR             equ 0   ; receive holding register (read)
                            	    16: THR             equ 0   ; transmit holding register (write)
                            	    17: IER             equ 2   ; interrupt enable register
                            	    18: ISR             equ 4   ; interrupt status register (read)
                            	    19: FCR             equ 4   ; FIFO control register (write)
                            	    20: LCR             equ 6   ; line control register
                            	    21: MCR             equ 8   ; modem control register
                            	    22: LSR             equ 10  ; line status register
                            	    23: MSR             equ 12  ; modem status register
                            	    24: SPR             equ 14  ; scratchpad register (reserved for system use)
                            	    25: DLL             equ 0   ; divisor latch LSB
                            	    26: DLM             equ 2   ; divisor latch MSB
                            	    27: ; aliases for register names (used by different manufacturers)cd ..
                            	    28: RBR             equ RHR ; receive buffer register
                            	    29: IIR             equ ISR ; interrupt identification register
                            	    30: SCR             equ SPR ; scratch register
                            	    31: 
                            	    32: BAUD_DIV        equ     (((F_CPU*10)/(16*BAUD))+5)/10 ; compute one extra decimal place and round
                            	    33: BAUD_DIV_L      equ     (BAUD_DIV&$FF)
                            	    34: BAUD_DIV_U      equ     ((BAUD_DIV>>8)&$FF)
                            	    35: 
                            	    36: RAM_START     EQU     $080000      ; Início da RAM disponível
                            	    37: STACK_INIT    EQU     $100000      ; Topo da pilha (ajuste conforme necessário)
                            	    38: ;Variables
                            	    39: UART_CURRENT EQU $81000
                            	    40: BAUD_TABLE   EQU $81004         ; BAUD_DIV_L em $81004  ; BAUD_DIV_U em $81006
                            	    41: RX_BUFFER    EQU $81016
                            	    42: TX_BUFFER    EQU $81124
                            	    43: 
                            	    44: 
                            	    45: MAIN:
00:00000008 007C0700        	    46:         ORI     #$0700,SR      ; Desabilita interrupções (M68K)
                            	    47: 
00:0000000C 263C0007A120    	    48:         move.l  #500000,d3
                            	    49: DELAY_INIT:
00:00000012 5383            	    50:         subq.l  #1,d3
00:00000014 66FC            	    51:         bne     DELAY_INIT
                            	    52: 
                            	    53:         ;Clear entire ram
00:00000016 4EB802EE        	    54:         JSR     ClearRAM
                            	    55: 
                            	    56: 
                            	    57:         ; Inicializa variável
00:0000001A 23FC000020000008	    58:         MOVE.L  #UART_BASE,UART_CURRENT
00:00000022 1000
                            	    59: 
                            	    60: 
00:00000024 4EB800DE        	    61:         JSR     UART_Init
                            	    62: 
00:00000028 41F900000008    	    63:         LEA     MSGINIT,A0
00:0000002E 4EB80134        	    64:         JSR     UART_WriteString
                            	    65: 
00:00000032 4EB8017A        	    66:         JSR     new_line
00:00000036 4EB8017A        	    67:         JSR     new_line
00:0000003A 4EB8017A        	    68:         JSR     new_line
00:0000003E 4EB8017A        	    69:         JSR     new_line
                            	    70: 
                            	    71: 
                            	    72: 
                            	    73: 
                            	    74: ; Loop principal do menu
                            	    75: MenuLoop:
00:00000042 41F900000111    	    76:     LEA     MenuText,A0
00:00000048 4EB80134        	    77:     JSR     UART_WriteString
                            	    78: 
                            	    79:     ; Lê seleção do usuário
00:0000004C 4EB80120        	    80:     JSR     UART_ReadChar
00:00000050 4EB80106        	    81:     JSR     UART_WriteChar
                            	    82:     ; Processa opção selecionada
00:00000054 B03C0031        	    83:     CMP.B   #'1',D0
00:00000058 670002DE        	    84:     BEQ     SelectUART
00:0000005C B03C0032        	    85:     CMP.B   #'2',D0
00:00000060 670002E2        	    86:     BEQ     SetBaudRate
00:00000064 B03C0033        	    87:     CMP.B   #'3',D0
00:00000068 670002E6        	    88:     BEQ     LoadProgram
00:0000006C B03C0034        	    89:     CMP.B   #'4',D0
00:00000070 67000324        	    90:     BEQ     WriteProgram
00:00000074 B03C0035        	    91:     CMP.B   #'5',D0
00:00000078 67000352        	    92:     BEQ     RunProgram
00:0000007C B03C0036        	    93:     CMP.B   #'6',D0
00:00000080 670A            	    94:     BEQ     PISCA_LED
00:00000082 B03C0037        	    95:     CMP.B   #'7',D0
00:00000086 67000188        	    96:     BEQ     MemDump
                            	    97: 
00:0000008A 60B6            	    98:     BRA     MenuLoop            ; Opção inválida, repete menu
                            	    99: 
                            	   100: 
                            	   101: 
                            	   102: 
                            	   103: PISCA_LED:
00:0000008C 303CFF00        	   104:         MOVE.W  #$FF00,D0
00:00000090 31C02400        	   105:         MOVE.W  D0,$2400
                            	   106: 
00:00000094 263C0007A120    	   107:         move.l  #500000,D3
                            	   108: .DELAY1:
00:0000009A 5383            	   109:         subq.l  #1,D3
00:0000009C 66FC            	   110:         bne     .DELAY1
                            	   111: 
00:0000009E 303C0000        	   112:         MOVE.W  #$0000,D0
00:000000A2 31C02400        	   113:         MOVE.W  D0,$2400
                            	   114: 
00:000000A6 609A            	   115:         BRA     MenuLoop
                            	   116: ; ----------------------------------------------------------------------
                            	   117: ; Rotinas de E/S da UART
                            	   118: ; ----------------------------------------------------------------------
                            	   119: 
                            	   120: ; Inicialização da UART
                            	   121: UART_Init0:
00:000000A8 303C2580        	   122:     MOVE.W  #9600,D0    ; Para 9600 bauds
00:000000AC 6100009A        	   123:     BSR     CalcBaudDiv
00:000000B0 227900081000    	   124:     move.l  UART_CURRENT,a1
00:000000B6 137C000D0004    	   125:     move.b  #%00001101,FCR(a1)      ; enable FIFO
00:000000BC 137C00830006    	   126:     move.b  #%10000011,LCR(a1)      ; 8 data bits, no parity, 1 stop bit, DLAB=1
00:000000C2 41F900081004    	   127:     LEA     BAUD_TABLE,A0
00:000000C8 1018            	   128:     MOVE.B  (A0)+,D0
00:000000CA 1280            	   129:     move.b  D0,DLL(a1)     ; set divisor latch low byte
00:000000CC 1010            	   130:     MOVE.B  (A0),D0
00:000000CE 13400002        	   131:     move.b  D0,DLM(a1)     ; set divisor latch high byte
00:000000D2 08A900070006    	   132:     bclr.b  #7,LCR(a1)              ; disable divisor latch
00:000000D8 4229000E        	   133:     clr.b   SCR(a1)                 ; clear the scratch register
00:000000DC 4E75            	   134:     RTS
                            	   135: 
                            	   136: 
                            	   137: UART_Init:
00:000000DE 227900081000    	   138:     move.l   UART_CURRENT,a1
00:000000E4 137C000D0004    	   139:     move.b  #%00001101,FCR(a1)      ; enable FIFO
00:000000EA 137C00830006    	   140:     move.b  #%10000011,LCR(a1)      ; 8 data bits, no parity, 1 stop bit, DLAB=1
00:000000F0 12BC0068        	   141:     move.b  #BAUD_DIV_L,DLL(a1)     ; set divisor latch low byte
00:000000F4 137C00000002    	   142:     move.b  #BAUD_DIV_U,DLM(a1)     ; set divisor latch high byte
00:000000FA 08A900070006    	   143:     bclr.b  #7,LCR(a1)              ; disable divisor latch
00:00000100 4229000E        	   144:     clr.b   SCR(a1)                 ; clear the scratch register
00:00000104 4E75            	   145:     RTS
                            	   146: 
                            	   147:     ; Escreve caractere (D0.B)
                            	   148: UART_WriteChar:
00:00000106 2F08            	   149:     MOVE.L  A0,-(SP)        ; Preserva A0
00:00000108 2F00            	   150:     MOVE.L  D0,-(SP)        ; Preserva D0
00:0000010A 207900081000    	   151:     move.l   UART_CURRENT,A0
                            	   152: .WaitTx:
00:00000110 08280005000A    	   153:     BTST.B  #5,LSR(A0)      ; wait until transmit holding register is empty
00:00000116 67F8            	   154:     BEQ     .WaitTx
00:00000118 1080            	   155:     MOVE.B  D0,THR(A0)      ; transmit byte
00:0000011A 201F            	   156:     MOVE.L  (SP)+,D0        ;Restaura D0
00:0000011C 205F            	   157:     MOVE.L  (SP)+,A0        ;Restaura A0
00:0000011E 4E75            	   158:     RTS
                            	   159: 
                            	   160: 
                            	   161: ; Lê caractere (retorna em D0)
                            	   162: UART_ReadChar:
                            	   163:     ;MOVE.L  A0,-(SP)        ; Preserva A0
00:00000120 207900081000    	   164:     move.l   UART_CURRENT,A0
                            	   165: .WaitRx:
00:00000126 08280000000A    	   166:     BTST    #0,LSR(A0)        ; RX ready?
00:0000012C 67F8            	   167:     BEQ     .WaitRx
00:0000012E 1010            	   168:     MOVE.B  RHR(A0),D0
                            	   169:    ; MOVE.L  (SP)+,A0        ;Restaura A0
00:00000130 60D4            	   170:     BRA     UART_WriteChar
00:00000132 4E75            	   171:     RTS
                            	   172: 
                            	   173: ; ----------------------------------------------------------------------
                            	   174: ; UART_WriteString - Envia string terminada em null para UART
                            	   175: ; Entrada:
                            	   176: ;   A0 = Ponteiro para a string (endereço da string)
                            	   177: ; ----------------------------------------------------------------------
                            	   178: UART_WriteString:
00:00000134 2F08            	   179:     MOVE.L  A0,-(SP)      ; Preserva D0
00:00000136 2F00            	   180:     MOVE.L  D0,-(SP)      ; Preserva D0
                            	   181: .WriteLoop:
00:00000138 1018            	   182:     MOVE.B  (A0)+,D0      ; Pega caractere
00:0000013A 6706            	   183:     BEQ     .Done
00:0000013C 4EB80106        	   184:     JSR     UART_WriteChar ; Use sua rotine existente
00:00000140 60F6            	   185:     BRA     .WriteLoop
                            	   186: .Done:
00:00000142 201F            	   187:     MOVE.L  (SP)+,D0
00:00000144 205F            	   188:     MOVE.L  (SP)+,A0
00:00000146 4E75            	   189:     RTS
                            	   190: 
                            	   191: ; ----------------------------------------------------------------------
                            	   192: ; Constantes
                            	   193: ; ----------------------------------------------------------------------
                            	   194: ;F_CPU       EQU 16000000       ; Clock do CPU (16MHz)
                            	   195: ;BAUD_TABLE  EQU $70000         ; Endereço base na RAM para armazenar divisores
                            	   196:                               ; BAUD_DIV_L em $70000
                            	   197:                               ; BAUD_DIV_U em $70001
                            	   198: 
                            	   199: ; ----------------------------------------------------------------------
                            	   200: ; Rotina: Calcula e armazena divisor de baud rate
                            	   201: ; Entrada:
                            	   202: ;   D0.W - BAUD rate desejado (ex: 9600)
                            	   203: ; Saída:
                            	   204: ;   BAUD_DIV_L e BAUD_DIV_U armazenados na RAM
                            	   205: ; ----------------------------------------------------------------------
                            	   206: CalcBaudDiv:
00:00000148 4E56FFFC        	   207:     LINK    A6,#-4            ; Cria frame de stack (4 bytes locais)
                            	   208: 
                            	   209:     ; 1. Calcula BAUD_DIV = (((F_CPU*10)/(16*BAUD))+5)/10
00:0000014C 223C00F42400    	   210:     MOVE.L  #F_CPU,D1         ; D1 = F_CPU
00:00000152 C2FC000A        	   211:     MULU.W  #10,D1            ; D1 = F_CPU*10
                            	   212: 
00:00000156 3400            	   213:     MOVE.W  D0,D2             ; D2 = BAUD
00:00000158 E94A            	   214:     LSL.W   #4,D2             ; D2 = 16*BAUD (shift left 4 bits)
                            	   215: 
00:0000015A 82C2            	   216:     DIVU.W  D2,D1             ; D1 = (F_CPU*10)/(16*BAUD)
00:0000015C 5A41            	   217:     ADD.W   #5,D1             ; +5 para arredondar
00:0000015E 82FC000A        	   218:     DIVU.W  #10,D1            ; /10
                            	   219: 
                            	   220:     ; 2. Separa em parte alta e baixa
00:00000162 3001            	   221:     MOVE.W  D1,D0             ; D0 = BAUD_DIV completo
00:00000164 024000FF        	   222:     ANDI.W  #$FF,D0           ; D0 = BAUD_DIV_L (parte baixa)
00:00000168 3401            	   223:     MOVE.W  D1,D2
00:0000016A E04A            	   224:     LSR.W   #8,D2             ; D2 = BAUD_DIV_U (parte alta)
                            	   225: 
                            	   226:     ; 3. Armazena na RAM
00:0000016C 41F900081004    	   227:     LEA     BAUD_TABLE,A0
00:00000172 10C0            	   228:     MOVE.B  D0,(A0)+          ; Armazena BAUD_DIV_L
00:00000174 1082            	   229:     MOVE.B  D2,(A0)           ; Armazena BAUD_DIV_U
                            	   230: 
00:00000176 4E5E            	   231:     UNLK    A6                ; Restaura frame de stack
00:00000178 4E75            	   232:     RTS
                            	   233: 
                            	   234: new_line:
00:0000017A 103C000A        	   235:         MOVE.B  #10,D0
00:0000017E 4EB80106        	   236:         JSR     UART_WriteChar
00:00000182 103C000D        	   237:         MOVE.B  #13,D0
00:00000186 4EB80106        	   238:         JSR     UART_WriteChar
00:0000018A 4E75            	   239:         RTS
                            	   240: 
                            	   241: ; Versão compacta sem stack frame
                            	   242: PrintHexFast:
00:0000018C 2F02            	   243:     MOVE.L  D2,-(SP)          ; Salva D2
00:0000018E 2F00            	   244:     MOVE.L  D0,-(SP)          ; Salva D0 original
00:00000190 7407            	   245:     MOVEQ   #7,D2             ; 8 dígitos (contador)
                            	   246: 
                            	   247: .Loop:
00:00000192 2017            	   248:     MOVE.L  (SP),D0           ; Recupera valor original
00:00000194 E998            	   249:     ROL.L   #4,D0             ; Pega próximo nibble
00:00000196 2E80            	   250:     MOVE.L  D0,(SP)           ; Armazena valor rotacionado
00:00000198 0200000F        	   251:     ANDI.B  #$F,D0            ; Isola nibble
                            	   252: 
00:0000019C B03C0009        	   253:     CMP.B   #9,D0
00:000001A0 6302            	   254:     BLS     .Digit
00:000001A2 5E00            	   255:     ADD.B   #7,D0             ; Ajuste para A-F
                            	   256: .Digit:
00:000001A4 D03C0030        	   257:     ADD.B   #'0',D0           ; Converte para ASCII
00:000001A8 4EB80106        	   258:     JSR     UART_WriteChar    ; Envia caractere
                            	   259: 
00:000001AC 51CAFFE4        	   260:     DBRA    D2,.Loop          ; Repete para todos dígitos
                            	   261: 
00:000001B0 588F            	   262:     ADDQ.L  #4,SP             ; Remove valor salvo
00:000001B2 241F            	   263:     MOVE.L  (SP)+,D2          ; Restaura D2
00:000001B4 4E75            	   264:     RTS
                            	   265: 
                            	   266: ; ----------------------------------------------------------------------
                            	   267: ; PrintHex - Imprime valor hexadecimal no terminal
                            	   268: ; Entrada:
                            	   269: ;   D0.L = Valor a ser impresso (32 bits)
                            	   270: ;   D1.W = Número de dígitos (1-8)
                            	   271: ; ----------------------------------------------------------------------
                            	   272: PrintHexPRECISA_DE_REVISAO:
00:000001B6 4E56FFF8        	   273:     LINK    A6,#-8            ; Reserva espaço na pilha
00:000001BA 2F02            	   274:     MOVE.L  D2,-(SP)          ; Salva D2
00:000001BC 2D40FFFC        	   275:     MOVE.L  D0,-4(A6)         ; Guarda o valor original
00:000001C0 3D41FFFA        	   276:     MOVE.W  D1,-6(A6)         ; Guarda contador de dígitos
                            	   277: 
00:000001C4 323C0008        	   278:     MOVE.W  #$0008,D1
                            	   279: 
                            	   280:     ; Ajusta para começar pelo dígito mais significativo
00:000001C8 E549            	   281:     LSL.W   #2,D1             ; Multiplica por 4 (bits por dígito)
00:000001CA 5941            	   282:     SUBQ.W  #4,D1             ; Ajuste inicial
                            	   283: 
                            	   284: .PrintLoop:
00:000001CC 202EFFFC        	   285:     MOVE.L  -4(A6),D0         ; Recupera valor
00:000001D0 3401            	   286:     MOVE.W  D1,D2             ; Posição do nibble
00:000001D2 E5B8            	   287:     ROL.L   D2,D0             ; Rola para colocar nibble nos bits 31-28
00:000001D4 02800000000F    	   288:     ANDI.L  #$F,D0            ; Isola o nibble (4 bits)
                            	   289: 
                            	   290:     ; Converte para ASCII
00:000001DA B03C0009        	   291:     CMP.B   #9,D0
00:000001DE 6302            	   292:     BLS     .Decimal
00:000001E0 5E00            	   293:     ADD.B   #7,D0             ; Ajuste para A-F
                            	   294: .Decimal:
00:000001E2 D03C0030        	   295:     ADD.B   #'0',D0           ; Converte para caractere
                            	   296: 
                            	   297:     ; Imprime caractere
00:000001E6 4EB80106        	   298:     JSR     UART_WriteChar    ; Sua rotina de envio UART
                            	   299: 
00:000001EA 5941            	   300:     SUBQ.W  #4,D1             ; Próximo nibble
00:000001EC 6ADE            	   301:     BPL     .PrintLoop        ; Repete até todos os dígitos
                            	   302: 
                            	   303:     ; Espaço final para separação
00:000001EE 103C0020        	   304:     MOVE.B  #' ',D0
00:000001F2 4EB80106        	   305:     JSR     UART_WriteChar
                            	   306: 
00:000001F6 241F            	   307:     MOVE.L  (SP)+,D2          ; Restaura D2
00:000001F8 4E5E            	   308:     UNLK    A6                ; Restaura frame
00:000001FA 4E75            	   309:     RTS
                            	   310: ; ----------------------------------------------------------------------
                            	   311: ; Exemplo de uso:
                            	   312: ; ----------------------------------------------------------------------
                            	   313: SetupDivisor:
00:000001FC 303C2580        	   314:     MOVE.W  #9600,D0          ; Configura para 9600 bauds
00:00000200 6100FF46        	   315:     BSR     CalcBaudDiv
                            	   316: 
                            	   317:     ; Agora pode acessar os valores na RAM:
00:00000204 41F900081004    	   318:     LEA     BAUD_TABLE,A0
00:0000020A 1018            	   319:     MOVE.B  (A0)+,D0          ; D0 = BAUD_DIV_L
00:0000020C 1210            	   320:     MOVE.B  (A0),D1           ; D1 = BAUD_DIV_U
                            	   321: 
                            	   322:     ; (Aqui você configuraria os registradores da UART)
00:0000020E 4E75            	   323:     RTS
                            	   324: ; ----------------------------------------------------------------------
                            	   325: ; MemDump - Imprime dump de memória formatado
                            	   326: ; Entrada:
                            	   327: ;   A0 = Endereço inicial (ex: $80000)
                            	   328: ;   D0 = Quantidade de bytes (ex: 256)
                            	   329: ; ----------------------------------------------------------------------
                            	   330: MemDump:
00:00000210 41F900081000    	   331:     LEA.L   $81000,A0
00:00000216 303C0100        	   332:     MOVE.W  #256,D0
00:0000021A 2F08            	   333:     MOVE.L  A0,-(SP)
                            	   334:     ; Cabeçalho
00:0000021C 41F900000036    	   335:     LEA     DumpHeader,A0
00:00000222 4EB80134        	   336:     JSR     UART_WriteString
                            	   337: 
                            	   338:     ; Calcula endereço final
00:00000226 205F            	   339:     MOVE.L  (SP)+,A0
00:00000228 2208            	   340:     MOVE.L  A0,D1
00:0000022A D280            	   341:     ADD.L   D0,D1             ; D1 = endereço final
00:0000022C 5381            	   342:     SUBQ.L  #1,D1
00:0000022E 223C000810FF    	   343:     MOVE.L  #$810FF,D1
                            	   344: DumpLoop:
                            	   345:     ; Nova linha a cada 16 bytes
00:00000234 2008            	   346:     MOVE.L  A0,D0
00:00000236 02800000000F    	   347:     ANDI.L  #$0000000F,D0     ; Verifica se é início de linha
00:0000023C 6616            	   348:     BNE     NoNewLine
                            	   349: 
                            	   350:     ; Imprime endereço
00:0000023E 2008            	   351:     MOVE.L  A0,D0
00:00000240 4EB802C2        	   352:     JSR     PrintHexAddress    ; Imprime 8 dígitos hex
                            	   353: 
00:00000244 103C003A        	   354:     MOVE.B  #':',D0
00:00000248 4EB80106        	   355:     JSR     UART_WriteChar
00:0000024C 103C0020        	   356:     MOVE.B  #' ',D0
00:00000250 4EB80106        	   357:     JSR     UART_WriteChar
                            	   358: 
                            	   359: NoNewLine:
                            	   360:     ; Imprime byte em hex
00:00000254 1018            	   361:     MOVE.B  (A0)+,D0
00:00000256 4EB802D2        	   362:     JSR     PrintByteHex
                            	   363: 
00:0000025A 103C0020        	   364:     MOVE.B  #' ',D0
00:0000025E 4EB80106        	   365:     JSR     UART_WriteChar
                            	   366: 
                            	   367:     ; Verifica fim da linha (16 bytes)
00:00000262 2008            	   368:     MOVE.L  A0,D0
00:00000264 02800000000F    	   369:     ANDI.L  #$0000000F,D0
00:0000026A 664E            	   370:     BNE     NoEndLine
                            	   371: 
                            	   372:     ; Imprime caracteres ASCII
00:0000026C 103C0020        	   373:     MOVE.B  #' ',D0
00:00000270 4EB80106        	   374:     JSR     UART_WriteChar
00:00000274 103C007C        	   375:     MOVE.B  #'|',D0
00:00000278 4EB80106        	   376:     JSR     UART_WriteChar
                            	   377: 
00:0000027C 43E8FFF0        	   378:     LEA     -16(A0),A1        ; Volta ao início da linha
00:00000280 740F            	   379:     MOVEQ   #15,D2            ; 16 caracteres
                            	   380: 
                            	   381: AsciiLoop:
00:00000282 1019            	   382:     MOVE.B  (A1)+,D0
00:00000284 B03C0020        	   383:     CMP.B   #32,D0            ; Verifica se é imprimível
00:00000288 6D0C            	   384:     BLT     NonPrintable
00:0000028A B03C007E        	   385:     CMP.B   #126,D0
00:0000028E 6E06            	   386:     BGT     NonPrintable
                            	   387: 
00:00000290 4EB80106        	   388:     JSR     UART_WriteChar
00:00000294 6008            	   389:     BRA     NextAscii
                            	   390: 
                            	   391: NonPrintable:
00:00000296 103C002E        	   392:     MOVE.B  #'.',D0           ; Substitui não imprimíveis
00:0000029A 4EB80106        	   393:     JSR     UART_WriteChar
                            	   394: 
                            	   395: NextAscii:
00:0000029E 51CAFFE2        	   396:     DBRA    D2,AsciiLoop
                            	   397: 
00:000002A2 103C007C        	   398:     MOVE.B  #'|',D0
00:000002A6 4EB80106        	   399:     JSR     UART_WriteChar
00:000002AA 103C000D        	   400:     MOVE.B  #13,D0            ; CR
00:000002AE 4EB80106        	   401:     JSR     UART_WriteChar
00:000002B2 103C000A        	   402:     MOVE.B  #10,D0            ; LF
00:000002B6 4EB80106        	   403:     JSR     UART_WriteChar
                            	   404: 
                            	   405: NoEndLine:
                            	   406:     ; Verifica fim do dump
00:000002BA B1C1            	   407:     CMP.L   D1,A0
00:000002BC 6300FF76        	   408:     BLS     DumpLoop
                            	   409: 
00:000002C0 4E75            	   410:     RTS
                            	   411: 
                            	   412: ; ----------------------------------------------------------------------
                            	   413: ; PrintHexAddress - Imprime endereço de 32 bits
                            	   414: ; Entrada: D0 = endereço
                            	   415: ; ----------------------------------------------------------------------
                            	   416: PrintHexAddress:
00:000002C2 4840            	   417:     SWAP    D0                ; Imprime parte alta primeiro
00:000002C4 4EB802CA        	   418:     JSR     PrintWordHex
00:000002C8 4840            	   419:     SWAP    D0                ; Parte baixa
                            	   420:     ; Continua para PrintWordHex
                            	   421: 
                            	   422: ; ----------------------------------------------------------------------
                            	   423: ; PrintWordHex - Imprime word em hex (16 bits)
                            	   424: ; Entrada: D0.w = valor
                            	   425: ; ----------------------------------------------------------------------
                            	   426: PrintWordHex:
00:000002CA E158            	   427:     ROL.W   #8,D0             ; Byte mais significativo primeiro
00:000002CC 4EB802D2        	   428:     JSR     PrintByteHex
00:000002D0 E058            	   429:     ROR.W   #8,D0             ; Byte menos significativo
                            	   430:     ; Continua para PrintByteHex
                            	   431: 
                            	   432: ; ----------------------------------------------------------------------
                            	   433: ; PrintByteHex - Imprime byte em hex (8 bits)
                            	   434: ; Entrada: D0.b = valor
                            	   435: ; ----------------------------------------------------------------------
                            	   436: PrintByteHex:
00:000002D2 1F00            	   437:     MOVE.B  D0,-(SP)          ; Salva byte original
00:000002D4 E808            	   438:     LSR.B   #4,D0             ; Nibble alto
00:000002D6 6106            	   439:     BSR     PrintNibble
00:000002D8 101F            	   440:     MOVE.B  (SP)+,D0          ; Recupera byte
00:000002DA 0200000F        	   441:     ANDI.B  #$0F,D0           ; Nibble baixo
                            	   442:     ; Continua para PrintNibble
                            	   443: 
                            	   444: ; ----------------------------------------------------------------------
                            	   445: ; PrintNibble - Imprime um nibble em hex
                            	   446: ; Entrada: D0.b bits 3-0 = nibble (0-15)
                            	   447: ; ----------------------------------------------------------------------
                            	   448: PrintNibble:
00:000002DE B03C0009        	   449:     CMP.B   #9,D0
00:000002E2 6302            	   450:     BLS     .Decimal
00:000002E4 5E00            	   451:     ADD.B   #7,D0             ; Ajuste para A-F
                            	   452: .Decimal:
00:000002E6 D03C0030        	   453:     ADD.B   #'0',D0
00:000002EA 4EF80106        	   454:     JMP     UART_WriteChar    ; Usa JMP para tail call optimization
                            	   455: 
                            	   456: ClearRAM:
00:000002EE 41F900081000    	   457:     LEA     $81000,A0
00:000002F4 43F9000820FF    	   458:     LEA     $820FF,A1
00:000002FA 7000            	   459:     MOVEQ   #0,D0
                            	   460: .ClearLoop:
00:000002FC 20C0            	   461:     MOVE.L  D0,(A0)+
00:000002FE B3C8            	   462:     CMPA.L  A0,A1
00:00000300 62FA            	   463:     BHI     .ClearLoop
00:00000302 4E75            	   464:     RTS
                            	   465: ; ----------------------------------------------------------------------
                            	   466: ; ClearRAM - Zera a RAM de 0x80000 até 0xFFFFF
                            	   467: ; ----------------------------------------------------------------------
                            	   468: ClearRAM1:
00:00000304 41F900080000    	   469:     LEA     $80000,A0        ; Endereço inicial da RAM
00:0000030A 43F900100000    	   470:     LEA     $100000,A1       ; Endereço final + 1
00:00000310 7000            	   471:     MOVEQ   #0,D0            ; Usa D0 como zero
                            	   472: 
                            	   473:     ; Calcula tamanho em bytes (já alinhado para longs)
00:00000312 2209            	   474:     MOVE.L  A1,D1
00:00000314 9288            	   475:     SUB.L   A0,D1            ; D1 = tamanho em bytes
                            	   476: 
                            	   477:     ; Otimização: escreve longs (32 bits) quando possível
00:00000316 2401            	   478:     MOVE.L  D1,D2
00:00000318 028200000003    	   479:     ANDI.L  #$00000003,D2    ; Verifica se é múltiplo de 4
00:0000031E 670C            	   480:     BEQ     .ClearLongs       ; Se for, usa escrita long
                            	   481: 
                            	   482:     ; Zera bytes residuais (1-3 bytes no início para alinhamento)
00:00000320 5382            	   483:     SUBQ.L  #1,D2            ; Ajusta contador
                            	   484: .ResidualLoop:
00:00000322 10C0            	   485:     MOVE.B  D0,(A0)+
00:00000324 51CAFFFC        	   486:     DBRA    D2,.ResidualLoop
                            	   487: 
                            	   488:     ; Atualiza tamanho restante
00:00000328 9282            	   489:     SUB.L   D2,D1
00:0000032A 5381            	   490:     SUBQ.L  #1,D1            ; Ajuste para DBRA
                            	   491: 
                            	   492: .ClearLongs:
00:0000032C E489            	   493:     LSR.L   #2,D1            ; Converte bytes para longs (divide por 4)
00:0000032E 5381            	   494:     SUBQ.L  #1,D1            ; Ajusta para DBRA
                            	   495: 
                            	   496: .LongLoop:
00:00000330 20C0            	   497:     MOVE.L  D0,(A0)+         ; Zera 4 bytes de cada vez
00:00000332 51C9FFFC        	   498:     DBRA    D1,.LongLoop
00:00000336 4E75            	   499:     RTS
                            	   500: 
                            	   501: ; ----------------------------------------------------------------------
                            	   502: ; Subrotinas do Menu
                            	   503: ; ----------------------------------------------------------------------
                            	   504: 
                            	   505: ; 1. Seleciona UART
                            	   506: SelectUART:
00:00000338 41F90000026F    	   507:     LEA     PromptNotImplemented,A0
00:0000033E 4EB80134        	   508:     JSR     UART_WriteString
                            	   509:     ;LEA     UARTPrompt,A0
                            	   510:     ;JSR     UART_WriteString
                            	   511:     ;JSR     UART_ReadHex        ; Lê endereço da UART
                            	   512:     ;MOVE.L  D0,CurrentUART      ; Atualiza UART atual
                            	   513:     ;JSR     UART_Init           ; Reinicializa UART
00:00000342 4E75            	   514:     RTS
                            	   515: 
                            	   516: ; 2. Configura Baud Rate
                            	   517: SetBaudRate:
00:00000344 41F90000026F    	   518:     LEA     PromptNotImplemented,A0
00:0000034A 4EB80134        	   519:     JSR     UART_WriteString
                            	   520:     ;LEA     BaudPrompt,A0
                            	   521:     ;JSR     UART_WriteString
                            	   522:     ;JSR     UART_ReadHex        ; Lê valor do baud rate
                            	   523:     ;MOVE.L  CurrentUART,A0
                            	   524:     ;MOVE.B  D0,(UART_BAUD,A0)   ; Configura registrador
00:0000034E 4E75            	   525:     RTS
                            	   526: 
                            	   527: ; 3. Carrega programa via serial
                            	   528: LoadProgram:
00:00000350 41F9000001C1    	   529:     LEA     LoadPrompt,A0
00:00000356 4EB80134        	   530:     JSR     UART_WriteString
00:0000035A 4EB803E0        	   531:     JSR     UART_ReadHex        ; Lê endereço de destino
00:0000035E 2240            	   532:     MOVE.L  D0,A1               ; A1 = ponteiro para RAM
                            	   533: 
00:00000360 4EB8017A        	   534:     JSR     new_line
00:00000364 4EB802C2        	   535:     JSR     PrintHexAddress
00:00000368 4EB8017A        	   536:     JSR     new_line
                            	   537: 
                            	   538:     ; Protocolo: [Tamanho(4B)][Dados...]
00:0000036C 4EB80438        	   539:     JSR     UART_ReadLong       ; Lê tamanho (32 bits)
                            	   540: 
00:00000370 41F9000001EC    	   541:     LEA     LoadPromptReady,A0
00:00000376 4EB80134        	   542:     JSR     UART_WriteString
00:0000037A 4EB8017A        	   543:     JSR     new_line
00:0000037E 2200            	   544:     MOVE.L  D0,D1               ; D1 = contador de bytes
                            	   545: 
                            	   546: .LoadLoop:
00:00000380 4EB8044A        	   547:     JSR     UART_ReadByte       ; Lê byte
00:00000384 12C0            	   548:     MOVE.B  D0,(A1)+            ; Armazena na RAM
00:00000386 5381            	   549:     SUBQ.L  #1,D1               ; Decrementa contador
00:00000388 66F6            	   550:     BNE     .LoadLoop           ; Continua até terminar
                            	   551: 
00:0000038A 41F900000206    	   552:     LEA     LoadDoneMsg,A0
00:00000390 4EB80134        	   553:     JSR     UART_WriteString
00:00000394 4E75            	   554:     RTS
                            	   555: 
                            	   556: ; 4. Grava programa manualmente (hex)
                            	   557: WriteProgram:
00:00000396 41F900000225    	   558:     LEA     WritePrompt,A0
00:0000039C 4EB80134        	   559:     JSR     UART_WriteString
00:000003A0 4EB803E0        	   560:     JSR     UART_ReadHex        ; Lê endereço
00:000003A4 2240            	   561:     MOVE.L  D0,A1               ; A1 = ponteiro
                            	   562: 
00:000003A6 41F900000235    	   563:     LEA     WriteSizePrompt,A0
00:000003AC 4EB80134        	   564:     JSR     UART_WriteString
00:000003B0 4EB803E0        	   565:     JSR     UART_ReadHex        ; Lê quantidade de bytes
00:000003B4 2200            	   566:     MOVE.L  D0,D1               ; D1 = contador
                            	   567: 
                            	   568: .WriteLoop:
00:000003B6 4EB8044A        	   569:     JSR     UART_ReadByte       ; Lê byte
00:000003BA 12C0            	   570:     MOVE.B  D0,(A1)+            ; Armazena
00:000003BC 5381            	   571:     SUBQ.L  #1,D1
00:000003BE 66F6            	   572:     BNE     .WriteLoop
                            	   573: 
00:000003C0 41F900000247    	   574:     LEA     WriteDoneMsg,A0
00:000003C6 4EB80134        	   575:     JSR     UART_WriteString
00:000003CA 4E75            	   576:     RTS
                            	   577: 
                            	   578: ; 5. Executa programa na RAM
                            	   579: RunProgram:
00:000003CC 41F900000261    	   580:     LEA     RunPrompt,A0
00:000003D2 4EB80134        	   581:     JSR     UART_WriteString
00:000003D6 4EB803E0        	   582:     JSR     UART_ReadHex        ; Lê endereço
00:000003DA 2040            	   583:     MOVE.L  D0,A0
00:000003DC 4E90            	   584:     JSR     (A0)                ; Chama subrotina
00:000003DE 4E75            	   585:     RTS
                            	   586: 
                            	   587: ; ----------------------------------------------------------------------
                            	   588: ; Rotinas Auxiliares
                            	   589: ; ----------------------------------------------------------------------
                            	   590: 
                            	   591: ; Lê número hexadecimal (retorna em D0)
                            	   592: UART_ReadHex:
00:000003E0 2F01            	   593:         MOVE.L  D1,-(SP)
00:000003E2 2F02            	   594:         MOVE.L  D2,-(SP)
                            	   595: 
00:000003E4 4EB804E8        	   596:         JSR  ClearBufferPointers
                            	   597: 
00:000003E8 7000            	   598:         MOVEQ   #0,D0
00:000003EA 7200            	   599:         MOVEQ   #0,D1            ; Máximo 8 dígitos
00:000003EC 7400            	   600:         MOVEQ   #0,D2            ; Resultado em D2
                            	   601: 
                            	   602: .Loop:
00:000003EE 4EB80120        	   603:         JSR     UART_ReadChar
00:000003F2 B03C000D        	   604:         CMP.B   #13,D0
00:000003F6 6730            	   605:         BEQ     .Done
00:000003F8 B03C000A        	   606:         CMP.B   #10,D0
00:000003FC 672A            	   607:         BEQ     .Done
                            	   608:         ;Tratando os numeros
00:000003FE B03C0030        	   609:         CMP.B   #'0',D0
00:00000402 6C14            	   610:         BGE     .isdigit
00:00000404 B03C0039        	   611:         CMP.B   #'9',D0
00:00000408 6F0E            	   612:         BLE     .isdigit
                            	   613:         ;Tratando as letras
00:0000040A B03C0041        	   614:         CMP.B   #'A',D0
00:0000040E 6C10            	   615:         BGE     .isletter
00:00000410 B03C0046        	   616:         CMP.B   #'F',D0
00:00000414 6F0A            	   617:         BLE     .isletter
00:00000416 60D6            	   618:         BRA     .Loop
                            	   619: 
                            	   620: .isdigit:
00:00000418 903C0030        	   621:         SUB.B   #'0',D0
00:0000041C 6156            	   622:         BSR     BufferPut
00:0000041E 60CE            	   623:         BRA     .Loop
                            	   624: .isletter:
00:00000420 903C0037        	   625:         SUB.B   #'A'-$0A,D0
00:00000424 614E            	   626:         BSR     BufferPut
00:00000426 60C6            	   627:         BRA     .Loop
                            	   628: 
                            	   629: .Done:
00:00000428 2002            	   630:     MOVE.L  D2,D0
00:0000042A 241F            	   631:     MOVE.L  (SP)+,D2
00:0000042C 221F            	   632:     MOVE.L  (SP)+,D1
                            	   633: 
00:0000042E 4EB80506        	   634:     JSR MontaAddress
00:00000432 4EB802C2        	   635:     JSR PrintHexAddress
00:00000436 4E75            	   636:     RTS
                            	   637: 
                            	   638: ; Lê 4 bytes (32 bits) via UART
                            	   639: UART_ReadLong:
00:00000438 7000            	   640:     MOVEQ   #0,D0
00:0000043A 7203            	   641:     MOVEQ   #3,D1            ; 4 bytes a ler
                            	   642: .Loop:
00:0000043C E188            	   643:     LSL.L   #8,D0            ; Desloca resultado atual
00:0000043E 4EB8044A        	   644:     JSR     UART_ReadByte
00:00000442 8000            	   645:     OR.B    D0,D0            ; Combina com novo byte
00:00000444 51C9FFF6        	   646:     DBF     D1,.Loop
00:00000448 4E75            	   647:     RTS
                            	   648: 
                            	   649: ; Lê byte hexadecimal (2 caracteres ASCII)
                            	   650: UART_ReadByte:
00:0000044A 2F00            	   651:     MOVE.L  D0,-(SP)        ; Preserva D0
00:0000044C 4EB8045E        	   652:     JSR     UART_ReadHexNibble
00:00000450 E908            	   653:     LSL.B   #4,D0
00:00000452 1200            	   654:     MOVE.B  D0,D1
00:00000454 4EB8045E        	   655:     JSR     UART_ReadHexNibble
00:00000458 8001            	   656:     OR.B    D1,D0
00:0000045A 201F            	   657:     MOVE.L  (SP)+,D0        ; Recupera D0
00:0000045C 4E75            	   658:     RTS
                            	   659: 
                            	   660: ; Lê meio-byte hexadecimal
                            	   661: UART_ReadHexNibble:
00:0000045E 4EB80120        	   662:     JSR     UART_ReadChar
00:00000462 B03C0041        	   663:     CMP.B   #'A',D0
00:00000466 6D02            	   664:     BLT     .Digit
00:00000468 5F00            	   665:     SUB.B   #7,D0            ; Ajuste para A-F
                            	   666: .Digit:
00:0000046A 903C0030        	   667:     SUB.B   #'0',D0
00:0000046E C03C000F        	   668:     AND.B   #$0F,D0
00:00000472 4E75            	   669:     RTS
                            	   670: 
                            	   671: ;--------------------------------------------------
                            	   672: ; BufferPut - Insere um byte no buffer (D0.B = byte)
                            	   673: ;--------------------------------------------------
                            	   674: ; Exemplo: insere 'A' no buffer
                            	   675: ;          MOVE.B  #'A',D0
                            	   676: ;          BSR     UART_BufferPut
                            	   677: 
                            	   678: BufferPut:
00:00000474 2F01            	   679:     MOVE.L  D1,-(SP)           ; Salva D1 (contador)
00:00000476 2F08            	   680:     MOVE.L  A0,-(SP)           ; Salva A0 (ponteiro)
                            	   681: 
00:00000478 41F900081016    	   682:     LEA     RX_BUFFER,A0  ; A0 = base do buffer
00:0000047E 323900000108    	   683:     MOVE.W  BUFFER_COUNT,D1 ; D1 = contador atual
                            	   684: 
                            	   685:     ; Verifica se o buffer está cheio (COUNT >= 256)
00:00000484 B27C0100        	   686:     CMP.W   #256,D1
00:00000488 6C1E            	   687:     BGE     .BufferFull        ; Se cheio, ignora o byte
                            	   688: 
                            	   689:     ; Insere o byte no buffer (em HEAD)
00:0000048A 223900000100    	   690:     MOVE.L  BUFFER_HEAD,D1
00:00000490 11801800        	   691:     MOVE.B  D0,(A0,D1.L)       ; Buffer[HEAD] = D0.B
                            	   692: 
                            	   693:     ; Atualiza HEAD (HEAD = (HEAD + 1) % 256)
00:00000494 5281            	   694:     ADDQ.L  #1,D1
00:00000496 0281000000FF    	   695:     ANDI.L  #255,D1            ; Mantém no range 0-255
00:0000049C 23C100000100    	   696:     MOVE.L  D1,BUFFER_HEAD
                            	   697: 
                            	   698:     ; Incrementa COUNT
00:000004A2 527900000108    	   699:     ADDQ.W  #1,BUFFER_COUNT
                            	   700: 
                            	   701: .BufferFull:
00:000004A8 205F            	   702:     MOVE.L  (SP)+,A0           ; Restaura A0
00:000004AA 221F            	   703:     MOVE.L  (SP)+,D1           ; Restaura D1
00:000004AC 4E75            	   704:     RTS
                            	   705: 
                            	   706: ;--------------------------------------------------
                            	   707: ; BufferGet - Pega um byte do buffer (retorna em D0.B, ou -1 se vazio)
                            	   708: ;--------------------------------------------------
                            	   709: ;Exemplo: Lendo byte do buffer
                            	   710: ;         BSR     UART_BufferGet
                            	   711: ;         CMP.B   #-1,D0          ; Buffer vazio?
                            	   712: ;         BEQ     NadaParaLer      ; Se sim, ignora
                            	   713: ;         Senão, D0 contém o byte lido!
                            	   714: BufferGet:
00:000004AE 2F01            	   715:     MOVE.L  D1,-(SP)           ; Salva D1 (contador)
00:000004B0 2F08            	   716:     MOVE.L  A0,-(SP)           ; Salva A0 (ponteiro)
                            	   717: 
                            	   718:     ; Verifica se o buffer está vazio (COUNT == 0)
00:000004B2 323900000108    	   719:     MOVE.W  BUFFER_COUNT,D1
00:000004B8 6726            	   720:     BEQ     .BufferEmpty       ; Se vazio, retorna -1
                            	   721: 
00:000004BA 41F900081016    	   722:     LEA     RX_BUFFER,A0  ; A0 = base do buffer
                            	   723: 
                            	   724:     ; Pega o byte do buffer (em TAIL)
00:000004C0 223900000104    	   725:     MOVE.L  BUFFER_TAIL,D1
00:000004C6 10301800        	   726:     MOVE.B  (A0,D1.L),D0       ; D0.B = Buffer[TAIL]
                            	   727: 
                            	   728:     ; Atualiza TAIL (TAIL = (TAIL + 1) % 256)
00:000004CA 5281            	   729:     ADDQ.L  #1,D1
00:000004CC 0281000000FF    	   730:     ANDI.L  #255,D1            ; Mantém no range 0-255
00:000004D2 23C100000104    	   731:     MOVE.L  D1,BUFFER_TAIL
                            	   732: 
                            	   733:     ; Decrementa COUNT
00:000004D8 537900000108    	   734:     SUBQ.W  #1,BUFFER_COUNT
                            	   735: 
                            	   736:     ; Retorna sucesso (D0 = byte lido)
00:000004DE 6002            	   737:     BRA     .Exit
                            	   738: 
                            	   739: .BufferEmpty:
00:000004E0 70FF            	   740:     MOVEQ   #-1,D0            ; Retorna -1 (buffer vazio)
                            	   741: 
                            	   742: .Exit:
00:000004E2 205F            	   743:     MOVE.L  (SP)+,A0          ; Restaura A0
00:000004E4 221F            	   744:     MOVE.L  (SP)+,D1          ; Restaura D1
00:000004E6 4E75            	   745:     RTS
                            	   746: 
                            	   747: ;---------------------------------------------------------------------
                            	   748: ; Zera os ponteiros do buffer circular (HEAD e TAIL) - VASM Edition
                            	   749: ;---------------------------------------------------------------------
                            	   750: ClearBufferPointers:
00:000004E8 23FC000000000000	   751:     MOVE.L  #0,BUFFER_HEAD    ; Zera BUFFER_HEAD (32 bits)
00:000004F0 0100
00:000004F2 23FC000000000000	   752:     MOVE.L  #0,BUFFER_TAIL    ; Zera BUFFER_TAIL (32 bits)
00:000004FA 0104
00:000004FC 33FC000000000108	   753:     MOVE.W  #0,BUFFER_COUNT   ; Opcional: zera contador (16 bits)
00:00000504 4E75            	   754:     RTS
                            	   755: ;---------------------------------------------------------------------
                            	   756: ; MontaAddress - Lê 8 bytes (4 bits cada) e forma um uint32
                            	   757: ; Entrada: Buffer contém 8 bytes (MSB first, 4 bits úteis cada)
                            	   758: ; Saída:   D0.L = valor de 32 bits (formado pelos nibbles)
                            	   759: ;          D1.B = 0 (sucesso) ou -1 (erro, buffer vazio)
                            	   760: ;---------------------------------------------------------------------
                            	   761: MontaAddress:
00:00000506 48E73C80        	   762:     MOVEM.L D2-D5/A0,-(SP)   ; Salva registradores
                            	   763: 
                            	   764:     ; Verifica se há pelo menos 8 bytes no buffer
00:0000050A 323900000108    	   765:     MOVE.W  BUFFER_COUNT,D1
00:00000510 B27C0008        	   766:     CMP.W   #8,D1
00:00000514 6D38            	   767:     BLT     .BufferUnderrun   ; Erro se menos que 8 bytes
                            	   768: 
00:00000516 41F900081016    	   769:     LEA     RX_BUFFER,A0 ; A0 = base do buffer
00:0000051C 243900000104    	   770:     MOVE.L  BUFFER_TAIL,D2 ; D2 = tail (ponteiro de leitura)
00:00000522 7000            	   771:     CLR.L   D0                ; Zera D0 (resultado final)
00:00000524 7607            	   772:     MOVEQ   #7,D3             ; Contador (8 nibbles, MSB first)
                            	   773: 
                            	   774: .ReadLoop:
00:00000526 18302800        	   775:     MOVE.B  (A0,D2.L),D4      ; Lê byte do buffer
00:0000052A 0204000F        	   776:     ANDI.B  #$0F,D4          ; Pega apenas os 4 bits inferiores
                            	   777: 
                            	   778:     ; Desloca e insere os 4 bits em D0
00:0000052E E988            	   779:     LSL.L   #4,D0             ; Abre espaço para o novo nibble
00:00000530 8004            	   780:     OR.B    D4,D0             ; Adiciona os 4 bits no LSB
                            	   781: 
                            	   782:     ; Atualiza tail (circular)
00:00000532 5282            	   783:     ADDQ.L  #1,D2
00:00000534 0282000000FF    	   784:     ANDI.L  #255,D2           ; Mantém entre 0-255
                            	   785: 
00:0000053A 51CBFFEA        	   786:     DBRA    D3,.ReadLoop      ; Repete para todos os 8 nibbles
                            	   787: 
                            	   788:     ; Atualiza ponteiros globais
00:0000053E 23C200000104    	   789:     MOVE.L  D2,BUFFER_TAIL
00:00000544 517900000108    	   790:     SUB.W   #8,BUFFER_COUNT
                            	   791: 
00:0000054A 7200            	   792:     MOVEQ   #0,D1             ; Sucesso (D1 = 0)
00:0000054C 6004            	   793:     BRA     .Exit
                            	   794: 
                            	   795: .BufferUnderrun:
00:0000054E 72FF            	   796:     MOVEQ   #-1,D1            ; Erro (D1 = -1)
00:00000550 7000            	   797:     MOVEQ   #0,D0             ; Retorna 0 em D0
                            	   798: 
                            	   799: .Exit:
00:00000552 4CDF013C        	   800:     MOVEM.L (SP)+,D2-D5/A0    ; Restaura registradores
00:00000556 4E75            	   801:     RTS
                            	   802: 
                            	   803: ; ----------------------------------------------------------------------
                            	   804: ; SECTION data
                            	   805: ;-----------------------------------------------------------------------
                            	   806: 
                            	   807:     SECTION data,DATA
01:00000000 56616C6F726573  	   808:      DC.B "Valores",0
01:00000007 00
                            	   809: ; ----------------------------------------------------------------------
                            	   810: ; Strings
                            	   811: ; ----------------------------------------------------------------------
                            	   812: MSGINIT:
01:00000008 546370626F783638	   813:     DC.B    "Tcpbox68k - copyright (C) pdsilva(pgordao).",13,10,0
01:00000010 6B202D20636F7079
01:00000018 7269676874202843
01:00000020 2920706473696C76
01:00000028 612870676F726461
01:00000030 6F292E
01:00000033 0D
01:00000034 0A
01:00000035 00
                            	   814: 
                            	   815: DumpHeader:
01:00000036 4D656D6F72792044	   816:     DC.B    "Memory Dump from 0x80000:",13,10
01:0000003E 756D702066726F6D
01:00000046 2030783830303030
01:0000004E 3A
01:0000004F 0D
01:00000050 0A
01:00000051 4164647265737320	   817:     DC.B    "Address  00 01 02 03 04 05 06 07 08 09 0A 0B 0C 0D 0E 0F  ASCII",13,10
01:00000059 2030302030312030
01:00000061 3220303320303420
01:00000069 3035203036203037
01:00000071 2030382030392030
01:00000079 4120304220304320
01:00000081 3044203045203046
01:00000089 20204153434949
01:00000090 0D
01:00000091 0A
01:00000092 2D2D2D2D2D2D2D2D	   818:     DC.B    "-------- -----------------------------------------------  ----------------",13,10,0
01:0000009A 202D2D2D2D2D2D2D
01:000000A2 2D2D2D2D2D2D2D2D
01:000000AA 2D2D2D2D2D2D2D2D
01:000000B2 2D2D2D2D2D2D2D2D
01:000000BA 2D2D2D2D2D2D2D2D
01:000000C2 2D2D2D2D2D2D2D2D
01:000000CA 20202D2D2D2D2D2D
01:000000D2 2D2D2D2D2D2D2D2D
01:000000DA 2D2D
01:000000DC 0D
01:000000DD 0A
01:000000DE 00
                            	   819: 
                            	   820: ; ----------------------------------------------------------------------
                            	   821: ; Strings do Sistema
                            	   822: ; ----------------------------------------------------------------------
                            	   823: WelcomeMsg:
01:000000DF 4D43363830303020	   824:     DC.B    "MC68000 System Monitor",13,10
01:000000E7 53797374656D204D
01:000000EF 6F6E69746F72
01:000000F5 0D
01:000000F6 0A
01:000000F7 2D2D2D2D2D2D2D2D	   825:     DC.B    "---------------------",13,10,13,10,0
01:000000FF 2D2D2D2D2D2D2D2D
01:00000107 2D2D2D2D2D
01:0000010C 0D
01:0000010D 0A
01:0000010E 0D
01:0000010F 0A
01:00000110 00
                            	   826: 
                            	   827: MenuText:
01:00000111 312E2053656C6563	   828:     DC.B    "1. Select UART",13,10
01:00000119 742055415254
01:0000011F 0D
01:00000120 0A
01:00000121 322E205365742042	   829:     DC.B    "2. Set Baud Rate",13,10
01:00000129 6175642052617465
01:00000131 0D
01:00000132 0A
01:00000133 332E204C6F616420	   830:     DC.B    "3. Load Program (PC)",13,10
01:0000013B 50726F6772616D20
01:00000143 28504329
01:00000147 0D
01:00000148 0A
01:00000149 342E205772697465	   831:     DC.B    "4. Write Program (Hex)",13,10
01:00000151 2050726F6772616D
01:00000159 202848657829
01:0000015F 0D
01:00000160 0A
01:00000161 352E2052756E2050	   832:     DC.B    "5. Run Program",13,10
01:00000169 726F6772616D
01:0000016F 0D
01:00000170 0A
01:00000171 362E204163657363	   833:     DC.B    "6. Acescendo os LEDs",13,10
01:00000179 656E646F206F7320
01:00000181 4C454473
01:00000185 0D
01:00000186 0A
01:00000187 3E20            	   834:     DC.B    "> ",0
01:00000189 00
                            	   835: UARTPrompt:
01:0000018A 5541525420416464	   836:     DC.B    "UART Address (2000/2100/2200/2300): ",0
01:00000192 7265737320283230
01:0000019A 30302F323130302F
01:000001A2 323230302F323330
01:000001AA 30293A20
01:000001AE 00
                            	   837: BaudPrompt:
01:000001AF 4261756420526174	   838:     DC.B    "Baud Rate Value: ",0
01:000001B7 652056616C75653A
01:000001BF 20
01:000001C0 00
                            	   839: LoadPrompt:
01:000001C1 4C6F616420416464	   840:     DC.B    "Load Address format 8 bytes hex 01234567: ",0
01:000001C9 7265737320666F72
01:000001D1 6D61742038206279
01:000001D9 7465732068657820
01:000001E1 3031323334353637
01:000001E9 3A20
01:000001EB 00
                            	   841: LoadPromptReady:
01:000001EC 526561647920746F	   842:     DC.B    "Ready to receive from PC!",0
01:000001F4 2072656365697665
01:000001FC 2066726F6D205043
01:00000204 21
01:00000205 00
                            	   843: LoadDoneMsg:
01:00000206 50726F6772616D20	   844:     DC.B    "Program loaded successfully!",13,10,0
01:0000020E 6C6F616465642073
01:00000216 7563636573736675
01:0000021E 6C6C7921
01:00000222 0D
01:00000223 0A
01:00000224 00
                            	   845: WritePrompt:
01:00000225 5772697465204164	   846:     DC.B    "Write Address: ",0
01:0000022D 64726573733A20
01:00000234 00
                            	   847: WriteSizePrompt:
01:00000235 4E756D626572206F	   848:     DC.B    "Number of bytes: ",0
01:0000023D 662062797465733A
01:00000245 20
01:00000246 00
                            	   849: WriteDoneMsg:
01:00000247 4461746120777269	   850:     DC.B    "Data written to memory!",13,10,0
01:0000024F 7474656E20746F20
01:00000257 6D656D6F727921
01:0000025E 0D
01:0000025F 0A
01:00000260 00
                            	   851: RunPrompt:
01:00000261 52756E2041646472	   852:     DC.B    "Run Address: ",0
01:00000269 6573733A20
01:0000026E 00
                            	   853: PromptNotImplemented:
01:0000026F 4E6F7420496D706C	   854:     DC.B    "Not Implemented!",0
01:00000277 656D656E74656421
01:0000027F 00
                            	   855: 
                            	   856: 
                            	   857: 
                            	   858:     SECTION bss,BSS
                            	   859:     ORG     $81010               ; Área para variáveis
02:00081010 00000000        	   860: CurrentUART:   DS.L 1
02:00081014 00              	   861: RxBuffer:      DS.B 256
02:00081015 *
02:00081114 00              	   862: TxBuffer:      DS.B 256
02:00081115 *
                            	   863:     ; === BUFFER CIRCULAR (256 bytes) ===
                            	   864:     SECTION .bss
03:00000000 00              	   865: BUFFER:      DS.B 256   ; Buffer de recepção
03:00000001 *
03:00000100 00000000        	   866: BUFFER_HEAD:    DS.L 1     ; Ponteiro de escrita (próxima posição livre)
03:00000104 00000000        	   867: BUFFER_TAIL:    DS.L 1     ; Ponteiro de leitura (próximo dado a ler)
03:00000108 0000            	   868: BUFFER_COUNT:   DS.W 1     ; Contador de bytes no buffer
                            	   869: 


Symbols by name:
AsciiLoop                        A:00000282
BAUD                             E:00002580
BAUD_DIV                         E:00000068
BAUD_DIV_L                       E:00000068
BAUD_DIV_U                       E:00000000
BAUD_TABLE                       E:00081004
BUFFER                          03:00000000
BUFFER_COUNT                    03:00000108
BUFFER_HEAD                     03:00000100
BUFFER_TAIL                     03:00000104
BaudPrompt                      01:000001AF
BufferGet                        A:000004AE
BufferPut                        A:00000474
CalcBaudDiv                      A:00000148
ClearBufferPointers              A:000004E8
ClearRAM                         A:000002EE
ClearRAM1                        A:00000304
CurrentUART                      A:00081010
DELAY_INIT                       A:00000012
DLL                              E:00000000
DLM                              E:00000002
DumpHeader                      01:00000036
DumpLoop                         A:00000234
FCR                              E:00000004
F_CPU                            E:00F42400
ISR                              E:00000004
LCR                              E:00000006
LSR                              E:0000000A
LoadDoneMsg                     01:00000206
LoadProgram                      A:00000350
LoadPrompt                      01:000001C1
LoadPromptReady                 01:000001EC
MAIN                             A:00000008
MSGINIT                         01:00000008
MemDump                          A:00000210
MenuLoop                         A:00000042
MenuText                        01:00000111
MontaAddress                     A:00000506
NextAscii                        A:0000029E
NoEndLine                        A:000002BA
NoNewLine                        A:00000254
NonPrintable                     A:00000296
PISCA_LED                        A:0000008C
PrintByteHex                     A:000002D2
PrintHexAddress                  A:000002C2
PrintHexFast                     A:0000018C
PrintHexPRECISA_DE_REVISAO       A:000001B6
PrintNibble                      A:000002DE
PrintWordHex                     A:000002CA
PromptNotImplemented            01:0000026F
RHR                              E:00000000
RX_BUFFER                        E:00081016
RunProgram                       A:000003CC
RunPrompt                       01:00000261
RxBuffer                         A:00081014
SCR                              E:0000000E
SPR                              E:0000000E
SelectUART                       A:00000338
SetBaudRate                      A:00000344
SetupDivisor                     A:000001FC
THR                              E:00000000
TxBuffer                         A:00081114
UARTPrompt                      01:0000018A
UART_BASE                        E:00002000
UART_CURRENT                     E:00081000
UART_Init                        A:000000DE
UART_Init0                       A:000000A8
UART_ReadByte                    A:0000044A
UART_ReadChar                    A:00000120
UART_ReadHex                     A:000003E0
UART_ReadHexNibble               A:0000045E
UART_ReadLong                    A:00000438
UART_WriteChar                   A:00000106
UART_WriteString                 A:00000134
WelcomeMsg                      01:000000DF
WriteDoneMsg                    01:00000247
WriteProgram                     A:00000396
WritePrompt                     01:00000225
WriteSizePrompt                 01:00000235
new_line                         A:0000017A

Symbols by value:
00000000 BAUD_DIV_U
00000000 BUFFER
00000000 DLL
00000000 RHR
00000000 THR
00000002 DLM
00000004 FCR
00000004 ISR
00000006 LCR
00000008 MAIN
00000008 MSGINIT
0000000A LSR
0000000E SCR
0000000E SPR
00000012 DELAY_INIT
00000036 DumpHeader
00000042 MenuLoop
00000068 BAUD_DIV
00000068 BAUD_DIV_L
0000008C PISCA_LED
000000A8 UART_Init0
000000DE UART_Init
000000DF WelcomeMsg
00000100 BUFFER_HEAD
00000104 BUFFER_TAIL
00000106 UART_WriteChar
00000108 BUFFER_COUNT
00000111 MenuText
00000120 UART_ReadChar
00000134 UART_WriteString
00000148 CalcBaudDiv
0000017A new_line
0000018A UARTPrompt
0000018C PrintHexFast
000001AF BaudPrompt
000001B6 PrintHexPRECISA_DE_REVISAO
000001C1 LoadPrompt
000001EC LoadPromptReady
000001FC SetupDivisor
00000206 LoadDoneMsg
00000210 MemDump
00000225 WritePrompt
00000234 DumpLoop
00000235 WriteSizePrompt
00000247 WriteDoneMsg
00000254 NoNewLine
00000261 RunPrompt
0000026F PromptNotImplemented
00000282 AsciiLoop
00000296 NonPrintable
0000029E NextAscii
000002BA NoEndLine
000002C2 PrintHexAddress
000002CA PrintWordHex
000002D2 PrintByteHex
000002DE PrintNibble
000002EE ClearRAM
00000304 ClearRAM1
00000338 SelectUART
00000344 SetBaudRate
00000350 LoadProgram
00000396 WriteProgram
000003CC RunProgram
000003E0 UART_ReadHex
00000438 UART_ReadLong
0000044A UART_ReadByte
0000045E UART_ReadHexNibble
00000474 BufferPut
000004AE BufferGet
000004E8 ClearBufferPointers
00000506 MontaAddress
00002000 UART_BASE
00002580 BAUD
00081000 UART_CURRENT
00081004 BAUD_TABLE
00081010 CurrentUART
00081014 RxBuffer
00081016 RX_BUFFER
00081114 TxBuffer
00F42400 F_CPU
