   1               	#NO_APP
   2               		.file	"TinyBasicPlus.c"
   3               		.text
   4               		.align	2
   6               	ignore_blanks:
   7 0000 2079 0000 		move.l txtpos,%a0
   7      0000 
   8 0006 4200      		clr.b %d0
   9               	.L2:
  10 0008 2248      		move.l %a0,%a1
  11 000a 1218      		move.b (%a0)+,%d1
  12 000c 0C01 0020 		cmp.b #32,%d1
  13 0010 6712      		jeq .L6
  14 0012 0C01 0009 		cmp.b #9,%d1
  15 0016 670C      		jeq .L6
  16 0018 4A00      		tst.b %d0
  17 001a 6706      		jeq .L1
  18 001c 23C9 0000 		move.l %a1,txtpos
  18      0000 
  19               	.L1:
  20 0022 4E75      		rts
  21               	.L6:
  22 0024 7001      		moveq #1,%d0
  23 0026 60E0      		jra .L2
  25               		.align	2
  27               	scantable:
  28 0028 48E7 2030 		movem.l #8240,-(%sp)
  29 002c 246F 0010 		move.l 16(%sp),%a2
  30 0030 4239 0000 		clr.b table_index
  30      0000 
  31 0036 7200      		moveq #0,%d1
  32 0038 47FA FFC6 		lea ignore_blanks,%a3
  33               	.L11:
  34 003c 1412      		move.b (%a2),%d2
  35 003e 674A      		jeq .L10
  36 0040 2079 0000 		move.l txtpos,%a0
  36      0000 
  37 0046 1030 1800 		move.b (%a0,%d1.l),%d0
  38 004a B002      		cmp.b %d2,%d0
  39 004c 6606      		jne .L13
  40 004e 5281      		addq.l #1,%d1
  41 0050 528A      		addq.l #1,%a2
  42 0052 60E8      		jra .L11
  43               	.L13:
  44 0054 0280 0000 		and.l #255,%d0
  44      00FF 
  45 005a 0680 0000 		add.l #128,%d0
  45      0080 
  46 0060 0282 0000 		and.l #255,%d2
  46      00FF 
  47 0066 B480      		cmp.l %d0,%d2
  48 0068 6610      		jne .L15
  49 006a 41F0 1801 		lea 1(%a0,%d1.l),%a0
  50 006e 23C8 0000 		move.l %a0,txtpos
  50      0000 
  51 0074 4CDF 0C04 		movem.l (%sp)+,#3076
  52 0078 6086      		jra ignore_blanks
  53               	.L15:
  54 007a 4A1A      		tst.b (%a2)+
  55 007c 6CFC      		jge .L15
  56 007e 5239 0000 		addq.b #1,table_index
  56      0000 
  57 0084 4E93      		jsr (%a3)
  58 0086 7200      		moveq #0,%d1
  59 0088 60B2      		jra .L11
  60               	.L10:
  61 008a 4CDF 0C04 		movem.l (%sp)+,#3076
  62 008e 4E75      		rts
  64               		.align	2
  66               	testnum:
  67 0090 2F02      		move.l %d2,-(%sp)
  68 0092 4EBA FF6C 		jsr ignore_blanks
  69 0096 2079 0000 		move.l txtpos,%a0
  69      0000 
  70 009c 4201      		clr.b %d1
  71 009e 4240      		clr.w %d0
  72               	.L19:
  73 00a0 1410      		move.b (%a0),%d2
  74 00a2 3242      		move.w %d2,%a1
  75 00a4 0602 FFD0 		add.b #-48,%d2
  76 00a8 0C02 0009 		cmp.b #9,%d2
  77 00ac 630C      		jls .L23
  78 00ae 4A01      		tst.b %d1
  79 00b0 671A      		jeq .L18
  80 00b2 23C8 0000 		move.l %a0,txtpos
  80      0000 
  81 00b8 6012      		jra .L18
  82               	.L23:
  83 00ba 0C40 1998 		cmp.w #6552,%d0
  84 00be 6310      		jls .L20
  85 00c0 4A01      		tst.b %d1
  86 00c2 6706      		jeq .L21
  87 00c4 23C8 0000 		move.l %a0,txtpos
  87      0000 
  88               	.L21:
  89 00ca 70FF      		moveq #-1,%d0
  90               	.L18:
  91 00cc 241F      		move.l (%sp)+,%d2
  92 00ce 4E75      		rts
  93               	.L20:
  94 00d0 5288      		addq.l #1,%a0
  95 00d2 3200      		move.w %d0,%d1
  96 00d4 D240      		add.w %d0,%d1
  97 00d6 D241      		add.w %d1,%d1
  98 00d8 D240      		add.w %d0,%d1
  99 00da D241      		add.w %d1,%d1
 100 00dc 0641 FFD0 		add.w #-48,%d1
 101 00e0 3409      		move.w %a1,%d2
 102 00e2 4240      		clr.w %d0
 103 00e4 1002      		move.b %d2,%d0
 104 00e6 D041      		add.w %d1,%d0
 105 00e8 7201      		moveq #1,%d1
 106 00ea 60B4      		jra .L19
 108               		.align	2
 110               	findline:
 111 00ec 2079 0000 		move.l program_start,%a0
 111      0000 
 112 00f2 2239 0000 		move.l program_end,%d1
 112      0000 
 113 00f8 3279 0000 		move.w linenum,%a1
 113      0000 
 114               	.L33:
 115 00fe B1C1      		cmp.l %d1,%a0
 116 0100 6710      		jeq .L31
 117 0102 3009      		move.w %a1,%d0
 118 0104 B050      		cmp.w (%a0),%d0
 119 0106 630A      		jls .L31
 120 0108 7000      		moveq #0,%d0
 121 010a 1028 0002 		move.b 2(%a0),%d0
 122 010e D1C0      		add.l %d0,%a0
 123 0110 60EC      		jra .L33
 124               	.L31:
 125 0112 2008      		move.l %a0,%d0
 126 0114 4E75      		rts
 128               		.align	2
 130               	toUppercaseBuffer:
 131 0116 2079 0000 		move.l program_end,%a0
 131      0000 
 132 011c 5488      		addq.l #2,%a0
 133 011e 4201      		clr.b %d1
 134               	.L35:
 135 0120 1010      		move.b (%a0),%d0
 136 0122 0C00 000A 		cmp.b #10,%d0
 137 0126 6602      		jne .L39
 138 0128 4E75      		rts
 139               	.L39:
 140 012a 5288      		addq.l #1,%a0
 141 012c B200      		cmp.b %d0,%d1
 142 012e 671C      		jeq .L36
 143 0130 0C00 0022 		cmp.b #34,%d0
 144 0134 6718      		jeq .L37
 145 0136 0C00 0027 		cmp.b #39,%d0
 146 013a 6712      		jeq .L37
 147 013c 4A01      		tst.b %d1
 148 013e 661C      		jne .L40
 149 0140 1200      		move.b %d0,%d1
 150 0142 0601 FF9F 		add.b #-97,%d1
 151 0146 0C01 0019 		cmp.b #25,%d1
 152 014a 6306      		jls .L38
 153               	.L36:
 154 014c 4200      		clr.b %d0
 155               	.L37:
 156 014e 1200      		move.b %d0,%d1
 157 0150 60CE      		jra .L35
 158               	.L38:
 159 0152 0600 FFE0 		add.b #-32,%d0
 160 0156 1140 FFFF 		move.b %d0,-1(%a0)
 161 015a 60F0      		jra .L36
 162               	.L40:
 163 015c 1001      		move.b %d1,%d0
 164 015e 60EE      		jra .L37
 166               		.align	2
 168               	line_terminator:
 169 0160 2F0A      		move.l %a2,-(%sp)
 170 0162 4878 000A 		pea 10.w
 171 0166 45F9 0000 		lea outchar,%a2
 171      0000 
 172 016c 4E92      		jsr (%a2)
 173 016e 4878 000D 		pea 13.w
 174 0172 4E92      		jsr (%a2)
 175 0174 508F      		addq.l #8,%sp
 176 0176 245F      		move.l (%sp)+,%a2
 177 0178 4E75      		rts
 179               		.section	.rodata.str1.1,"aMS",@progbits,1
 180               	.LC0:
 181 0000 5748 494C 		.string	"WHILE"
 181      4500 
 182               	.LC1:
 183 0006 5745 4E44 		.string	"WEND"
 183      00
 184               		.text
 185               		.align	2
 187               	find_wend.0:
 188 017a 598F      		subq.l #4,%sp
 189 017c 48E7 3830 		movem.l #14384,-(%sp)
 190 0180 2839 0000 		move.l txtpos,%d4
 190      0000 
 191 0186 2F79 0000 		move.l current_line,20(%sp)
 191      0000 0014 
 192 018e 2444      		move.l %d4,%a2
 193 0190 263C 0000 		move.l #1000,%d3
 193      03E8 
 194 0196 7401      		moveq #1,%d2
 195 0198 47F9 0000 		lea strncmp,%a3
 195      0000 
 196               	.L55:
 197 019e 1012      		move.b (%a2),%d0
 198 01a0 0C00 000A 		cmp.b #10,%d0
 199 01a4 6744      		jeq .L53
 200 01a6 4A00      		tst.b %d0
 201 01a8 6604      		jne .L54
 202               	.L58:
 203 01aa 4240      		clr.w %d0
 204 01ac 604A      		jra .L52
 205               	.L54:
 206 01ae 4878 0005 		pea 5.w
 207 01b2 4879 0000 		pea .LC0
 207      0000 
 208 01b8 2F0A      		move.l %a2,-(%sp)
 209 01ba 4E93      		jsr (%a3)
 210 01bc 4FEF 000C 		lea (12,%sp),%sp
 211 01c0 4A80      		tst.l %d0
 212 01c2 6608      		jne .L50
 213 01c4 5282      		addq.l #1,%d2
 214 01c6 588A      		addq.l #4,%a2
 215               	.L51:
 216 01c8 528A      		addq.l #1,%a2
 217 01ca 60D2      		jra .L55
 218               	.L50:
 219 01cc 4878 0004 		pea 4.w
 220 01d0 4879 0000 		pea .LC1
 220      0000 
 221 01d6 2F0A      		move.l %a2,-(%sp)
 222 01d8 4E93      		jsr (%a3)
 223 01da 4FEF 000C 		lea (12,%sp),%sp
 224 01de 4A80      		tst.l %d0
 225 01e0 66E6      		jne .L51
 226 01e2 5382      		subq.l #1,%d2
 227 01e4 6710      		jeq .L56
 228 01e6 568A      		addq.l #3,%a2
 229 01e8 60DE      		jra .L51
 230               	.L53:
 231 01ea 4A82      		tst.l %d2
 232 01ec 6FBC      		jle .L58
 233 01ee 528A      		addq.l #1,%a2
 234 01f0 5383      		subq.l #1,%d3
 235 01f2 66AA      		jne .L55
 236 01f4 60B4      		jra .L58
 237               	.L56:
 238 01f6 7001      		moveq #1,%d0
 239               	.L52:
 240 01f8 23C4 0000 		move.l %d4,txtpos
 240      0000 
 241 01fe 23EF 0014 		move.l 20(%sp),current_line
 241      0000 0000 
 242 0206 4CDF 0C1C 		movem.l (%sp)+,#3100
 243 020a 588F      		addq.l #4,%sp
 244 020c 4E75      		rts
 246               		.align	2
 248               	isValidFnChar:
 249 020e 202F 0004 		move.l 4(%sp),%d0
 250 0212 1200      		move.b %d0,%d1
 251 0214 0601 FFD0 		add.b #-48,%d1
 252 0218 0C01 0009 		cmp.b #9,%d1
 253 021c 6330      		jls .L65
 254 021e 1200      		move.b %d0,%d1
 255 0220 0201 FFDF 		and.b #-33,%d1
 256 0224 0601 FFBF 		add.b #-65,%d1
 257 0228 0C01 0019 		cmp.b #25,%d1
 258 022c 6320      		jls .L65
 259 022e 0C00 005F 		cmp.b #95,%d0
 260 0232 671A      		jeq .L65
 261 0234 0C00 002B 		cmp.b #43,%d0
 262 0238 6714      		jeq .L65
 263 023a 0C00 002E 		cmp.b #46,%d0
 264 023e 670E      		jeq .L65
 265 0240 0C00 007E 		cmp.b #126,%d0
 266 0244 57C0      		seq %d0
 267 0246 4880      		ext.w %d0
 268 0248 48C0      		ext.l %d0
 269 024a 4480      		neg.l %d0
 270               	.L59:
 271 024c 4E75      		rts
 272               	.L65:
 273 024e 7001      		moveq #1,%d0
 274 0250 60FA      		jra .L59
 276               		.align	2
 277               		.globl	srand
 279               	srand:
 280 0252 23EF 0004 		move.l 4(%sp),rand_seed
 280      0000 0000 
 281 025a 4E75      		rts
 283               		.align	2
 284               		.globl	rand
 286               	rand:
 287 025c 2F3C 41C6 		move.l #1103515245,-(%sp)
 287      4E6D 
 288 0262 2F39 0000 		move.l rand_seed,-(%sp)
 288      0000 
 289 0268 4EB9 0000 		jsr __mulsi3
 289      0000 
 290 026e 508F      		addq.l #8,%sp
 291 0270 0680 0000 		add.l #12345,%d0
 291      3039 
 292 0276 0880 001F 		bclr #31,%d0
 293 027a 23C0 0000 		move.l %d0,rand_seed
 293      0000 
 294 0280 4240      		clr.w %d0
 295 0282 4840      		swap %d0
 296 0284 4E75      		rts
 298               		.align	2
 300               	expr4:
 301 0286 48E7 3020 		movem.l #12320,-(%sp)
 302 028a 7401      		moveq #1,%d2
 303 028c 45FA FD72 		lea ignore_blanks,%a2
 304               	.L70:
 305 0290 4E92      		jsr (%a2)
 306 0292 2239 0000 		move.l txtpos,%d1
 306      0000 
 307 0298 2041      		move.l %d1,%a0
 308 029a 1010      		move.b (%a0),%d0
 309 029c 0C00 002D 		cmp.b #45,%d0
 310 02a0 660C      		jne .L69
 311 02a2 5281      		addq.l #1,%d1
 312 02a4 23C1 0000 		move.l %d1,txtpos
 312      0000 
 313 02aa 4482      		neg.l %d2
 314 02ac 60E2      		jra .L70
 315               	.L69:
 316 02ae 0C00 0030 		cmp.b #48,%d0
 317 02b2 660C      		jne .L71
 318 02b4 5281      		addq.l #1,%d1
 319 02b6 23C1 0000 		move.l %d1,txtpos
 319      0000 
 320               	.L72:
 321 02bc 95CA      		sub.l %a2,%a2
 322 02be 603C      		jra .L75
 323               	.L71:
 324 02c0 1600      		move.b %d0,%d3
 325 02c2 0603 FFCF 		add.b #-49,%d3
 326 02c6 0C03 0008 		cmp.b #8,%d3
 327 02ca 6242      		jhi .L73
 328 02cc 95CA      		sub.l %a2,%a2
 329               	.L74:
 330 02ce 41F2 A800 		lea (%a2,%a2.l),%a0
 331 02d2 D1C8      		add.l %a0,%a0
 332 02d4 45F0 A800 		lea (%a0,%a2.l),%a2
 333 02d8 D5CA      		add.l %a2,%a2
 334 02da 0280 0000 		and.l #255,%d0
 334      00FF 
 335 02e0 45F2 08D0 		lea -48(%a2,%d0.l),%a2
 336 02e4 5281      		addq.l #1,%d1
 337 02e6 2041      		move.l %d1,%a0
 338 02e8 1010      		move.b (%a0),%d0
 339 02ea 1600      		move.b %d0,%d3
 340 02ec 0603 FFD0 		add.b #-48,%d3
 341 02f0 0C03 0009 		cmp.b #9,%d3
 342 02f4 63D8      		jls .L74
 343               	.L88:
 344 02f6 23C1 0000 		move.l %d1,txtpos
 344      0000 
 345               	.L75:
 346 02fc 2F0A      		move.l %a2,-(%sp)
 347 02fe 2F02      		move.l %d2,-(%sp)
 348 0300 4EB9 0000 		jsr __mulsi3
 348      0000 
 349 0306 508F      		addq.l #8,%sp
 350 0308 4CDF 040C 		movem.l (%sp)+,#1036
 351 030c 4E75      		rts
 352               	.L73:
 353 030e 1600      		move.b %d0,%d3
 354 0310 0603 FFBF 		add.b #-65,%d3
 355 0314 0C03 0019 		cmp.b #25,%d3
 356 0318 6200 00A8 		jhi .L76
 357 031c 1628 0001 		move.b 1(%a0),%d3
 358 0320 0603 FFBF 		add.b #-65,%d3
 359 0324 0C03 0019 		cmp.b #25,%d3
 360 0328 631C      		jls .L77
 361 032a 0280 0000 		and.l #255,%d0
 361      00FF 
 362 0330 0680 7FFF 		add.l #2147483583,%d0
 362      FFBF 
 363 0336 D080      		add.l %d0,%d0
 364 0338 2079 0000 		move.l variables_begin,%a0
 364      0000 
 365 033e 3470 0800 		move.w (%a0,%d0.l),%a2
 366 0342 5281      		addq.l #1,%d1
 367 0344 60B0      		jra .L88
 368               	.L77:
 369 0346 4879 0000 		pea func_tab
 369      0000 
 370 034c 4EBA FCDA 		jsr scantable
 371 0350 1639 0000 		move.b table_index,%d3
 371      0000 
 372 0356 588F      		addq.l #4,%sp
 373 0358 0C03 0005 		cmp.b #5,%d3
 374 035c 6700 0094 		jeq .L78
 375 0360 2039 0000 		move.l txtpos,%d0
 375      0000 
 376 0366 2040      		move.l %d0,%a0
 377 0368 0C10 0028 		cmp.b #40,(%a0)
 378 036c 6600 0084 		jne .L78
 379 0370 5280      		addq.l #1,%d0
 380 0372 23C0 0000 		move.l %d0,txtpos
 380      0000 
 381 0378 4EBA 0150 		jsr expression
 382 037c 2440      		move.l %d0,%a2
 383 037e 2079 0000 		move.l txtpos,%a0
 383      0000 
 384 0384 0C10 0029 		cmp.b #41,(%a0)
 385 0388 6668      		jne .L78
 386 038a 2208      		move.l %a0,%d1
 387 038c 5281      		addq.l #1,%d1
 388 038e 23C1 0000 		move.l %d1,txtpos
 388      0000 
 389 0394 0C03 0001 		cmp.b #1,%d3
 390 0398 6700 FF62 		jeq .L75
 391 039c 0C03 0004 		cmp.b #4,%d3
 392 03a0 670E      		jeq .L79
 393 03a2 4A03      		tst.b %d3
 394 03a4 661C      		jne .L76
 395 03a6 7000      		moveq #0,%d0
 396 03a8 1012      		move.b (%a2),%d0
 397               	.L87:
 398 03aa 2440      		move.l %d0,%a2
 399 03ac 6000 FF4E 		jra .L75
 400               	.L79:
 401 03b0 4EBA FEAA 		jsr rand
 402 03b4 2F0A      		move.l %a2,-(%sp)
 403 03b6 2F00      		move.l %d0,-(%sp)
 404 03b8 4EB9 0000 		jsr __umodsi3
 404      0000 
 405 03be 508F      		addq.l #8,%sp
 406 03c0 60E8      		jra .L87
 407               	.L76:
 408 03c2 2041      		move.l %d1,%a0
 409 03c4 0C10 0028 		cmp.b #40,(%a0)
 410 03c8 6628      		jne .L78
 411 03ca 5281      		addq.l #1,%d1
 412 03cc 23C1 0000 		move.l %d1,txtpos
 412      0000 
 413 03d2 4EBA 00F6 		jsr expression
 414 03d6 2440      		move.l %d0,%a2
 415 03d8 2039 0000 		move.l txtpos,%d0
 415      0000 
 416 03de 2040      		move.l %d0,%a0
 417 03e0 0C10 0029 		cmp.b #41,(%a0)
 418 03e4 660C      		jne .L78
 419 03e6 5280      		addq.l #1,%d0
 420 03e8 23C0 0000 		move.l %d0,txtpos
 420      0000 
 421 03ee 6000 FF0C 		jra .L75
 422               	.L78:
 423 03f2 13FC 0001 		move.b #1,expression_error
 423      0000 0000 
 424 03fa 6000 FEC0 		jra .L72
 426               		.align	2
 428               	expr3:
 429 03fe 48E7 2038 		movem.l #8248,-(%sp)
 430 0402 45FA FE82 		lea expr4,%a2
 431 0406 4E92      		jsr (%a2)
 432 0408 2400      		move.l %d0,%d2
 433 040a 4EBA FBF4 		jsr ignore_blanks
 434               	.L90:
 435 040e 2039 0000 		move.l txtpos,%d0
 435      0000 
 436 0414 2040      		move.l %d0,%a0
 437 0416 1210      		move.b (%a0),%d1
 438 0418 0C01 002A 		cmp.b #42,%d1
 439 041c 661A      		jne .L91
 440 041e 5280      		addq.l #1,%d0
 441 0420 23C0 0000 		move.l %d0,txtpos
 441      0000 
 442 0426 4E92      		jsr (%a2)
 443 0428 2F00      		move.l %d0,-(%sp)
 444 042a 2F02      		move.l %d2,-(%sp)
 445 042c 4EB9 0000 		jsr __mulsi3
 445      0000 
 446               	.L95:
 447 0432 508F      		addq.l #8,%sp
 448 0434 2400      		move.l %d0,%d2
 449 0436 60D6      		jra .L90
 450               	.L91:
 451 0438 0C01 002F 		cmp.b #47,%d1
 452 043c 6624      		jne .L89
 453 043e 5280      		addq.l #1,%d0
 454 0440 23C0 0000 		move.l %d0,txtpos
 454      0000 
 455 0446 4E92      		jsr (%a2)
 456 0448 4A80      		tst.l %d0
 457 044a 670C      		jeq .L94
 458 044c 2F00      		move.l %d0,-(%sp)
 459 044e 2F02      		move.l %d2,-(%sp)
 460 0450 4EB9 0000 		jsr __udivsi3
 460      0000 
 461 0456 60DA      		jra .L95
 462               	.L94:
 463 0458 13FC 0001 		move.b #1,expression_error
 463      0000 0000 
 464 0460 60AC      		jra .L90
 465               	.L89:
 466 0462 2002      		move.l %d2,%d0
 467 0464 4CDF 1C04 		movem.l (%sp)+,#7172
 468 0468 4E75      		rts
 470               		.align	2
 472               	expr2:
 473 046a 2F0A      		move.l %a2,-(%sp)
 474 046c 2F02      		move.l %d2,-(%sp)
 475 046e 2079 0000 		move.l txtpos,%a0
 475      0000 
 476 0474 1010      		move.b (%a0),%d0
 477 0476 0C00 002D 		cmp.b #45,%d0
 478 047a 672E      		jeq .L103
 479 047c 0C00 002B 		cmp.b #43,%d0
 480 0480 6728      		jeq .L103
 481 0482 4EBA FF7A 		jsr expr3
 482 0486 2400      		move.l %d0,%d2
 483               	.L97:
 484 0488 45FA FF74 		lea expr3,%a2
 485               	.L98:
 486 048c 2039 0000 		move.l txtpos,%d0
 486      0000 
 487 0492 2040      		move.l %d0,%a0
 488 0494 1210      		move.b (%a0),%d1
 489 0496 0C01 002D 		cmp.b #45,%d1
 490 049a 6612      		jne .L99
 491 049c 5280      		addq.l #1,%d0
 492 049e 23C0 0000 		move.l %d0,txtpos
 492      0000 
 493 04a4 4E92      		jsr (%a2)
 494 04a6 9480      		sub.l %d0,%d2
 495 04a8 60E2      		jra .L98
 496               	.L103:
 497 04aa 7400      		moveq #0,%d2
 498 04ac 60DA      		jra .L97
 499               	.L99:
 500 04ae 0C01 002B 		cmp.b #43,%d1
 501 04b2 660E      		jne .L96
 502 04b4 5280      		addq.l #1,%d0
 503 04b6 23C0 0000 		move.l %d0,txtpos
 503      0000 
 504 04bc 4E92      		jsr (%a2)
 505 04be D480      		add.l %d0,%d2
 506 04c0 60CA      		jra .L98
 507               	.L96:
 508 04c2 2002      		move.l %d2,%d0
 509 04c4 241F      		move.l (%sp)+,%d2
 510 04c6 245F      		move.l (%sp)+,%a2
 511 04c8 4E75      		rts
 513               		.align	2
 515               	expression:
 516 04ca 2F0A      		move.l %a2,-(%sp)
 517 04cc 2F02      		move.l %d2,-(%sp)
 518 04ce 45FA FF9A 		lea expr2,%a2
 519 04d2 4E92      		jsr (%a2)
 520 04d4 2400      		move.l %d0,%d2
 521 04d6 4A39 0000 		tst.b expression_error.l
 521      0000 
 522 04dc 664A      		jne .L104
 523 04de 4879 0000 		pea relop_tab
 523      0000 
 524 04e4 4EBA FB42 		jsr scantable
 525 04e8 1039 0000 		move.b table_index,%d0
 525      0000 
 526 04ee 588F      		addq.l #4,%sp
 527 04f0 0C00 0007 		cmp.b #7,%d0
 528 04f4 6732      		jeq .L104
 529 04f6 0C00 0006 		cmp.b #6,%d0
 530 04fa 625C      		jhi .L115
 531 04fc 0280 0000 		and.l #255,%d0
 531      00FF 
 532 0502 D080      		add.l %d0,%d0
 533 0504 303B 0806 		move.w .L109(%pc,%d0.l),%d0
 534 0508 4EFB 0002 		jmp %pc@(2,%d0:w)
 535               		.balignw 2,0x284c
 536               		.swbeg	&7
 537               	.L109:
 538 050c 000E      		.word .L114-.L109
 539 050e 0024      		.word .L108-.L109
 540 0510 002C      		.word .L113-.L109
 541 0512 0034      		.word .L112-.L109
 542 0514 003C      		.word .L111-.L109
 543 0516 0044      		.word .L110-.L109
 544 0518 0024      		.word .L108-.L109
 545               	.L114:
 546 051a 4E92      		jsr (%a2)
 547 051c B082      		cmp.l %d2,%d0
 548 051e 53C0      		sls %d0
 549               	.L116:
 550 0520 4880      		ext.w %d0
 551 0522 48C0      		ext.l %d0
 552 0524 2400      		move.l %d0,%d2
 553 0526 4482      		neg.l %d2
 554               	.L104:
 555 0528 2002      		move.l %d2,%d0
 556 052a 241F      		move.l (%sp)+,%d2
 557 052c 245F      		move.l (%sp)+,%a2
 558 052e 4E75      		rts
 559               	.L108:
 560 0530 4E92      		jsr (%a2)
 561 0532 B082      		cmp.l %d2,%d0
 562 0534 56C0      		sne %d0
 563 0536 60E8      		jra .L116
 564               	.L113:
 565 0538 4E92      		jsr (%a2)
 566 053a B082      		cmp.l %d2,%d0
 567 053c 55C0      		scs %d0
 568 053e 60E0      		jra .L116
 569               	.L112:
 570 0540 4E92      		jsr (%a2)
 571 0542 B082      		cmp.l %d2,%d0
 572 0544 57C0      		seq %d0
 573 0546 60D8      		jra .L116
 574               	.L111:
 575 0548 4E92      		jsr (%a2)
 576 054a B082      		cmp.l %d2,%d0
 577 054c 54C0      		scc %d0
 578 054e 60D0      		jra .L116
 579               	.L110:
 580 0550 4E92      		jsr (%a2)
 581 0552 B082      		cmp.l %d2,%d0
 582 0554 52C0      		shi %d0
 583 0556 60C8      		jra .L116
 584               	.L115:
 585 0558 7400      		moveq #0,%d2
 586 055a 60CC      		jra .L104
 588               		.align	2
 589               		.globl	printnum
 591               	printnum:
 592 055c 48E7 3838 		movem.l #14392,-(%sp)
 593 0560 242F 001C 		move.l 28(%sp),%d2
 594 0564 6A0E      		jpl .L118
 595 0566 4482      		neg.l %d2
 596 0568 4878 002D 		pea 45.w
 597 056c 4EB9 0000 		jsr outchar
 597      0000 
 598 0572 588F      		addq.l #4,%sp
 599               	.L118:
 600 0574 2639 0000 		move.l sp,%d3
 600      0000 
 601 057a 2443      		move.l %d3,%a2
 602               	.L119:
 603 057c 4878 000A 		pea 10.w
 604 0580 2F02      		move.l %d2,-(%sp)
 605 0582 4EB9 0000 		jsr __modsi3
 605      0000 
 606 0588 508F      		addq.l #8,%sp
 607 058a 0600 0030 		add.b #48,%d0
 608 058e 1500      		move.b %d0,-(%a2)
 609 0590 2802      		move.l %d2,%d4
 610 0592 4878 000A 		pea 10.w
 611 0596 2F02      		move.l %d2,-(%sp)
 612 0598 4EB9 0000 		jsr __divsi3
 612      0000 
 613 059e 508F      		addq.l #8,%sp
 614 05a0 2400      		move.l %d0,%d2
 615 05a2 7009      		moveq #9,%d0
 616 05a4 B084      		cmp.l %d4,%d0
 617 05a6 6DD4      		jlt .L119
 618 05a8 968A      		sub.l %a2,%d3
 619 05aa 23CA 0000 		move.l %a2,sp
 619      0000 
 620 05b0 45F9 0000 		lea outchar,%a2
 620      0000 
 621               	.L120:
 622 05b6 2239 0000 		move.l sp,%d1
 622      0000 
 623 05bc 5281      		addq.l #1,%d1
 624 05be 2079 0000 		move.l sp,%a0
 624      0000 
 625 05c4 23C1 0000 		move.l %d1,sp
 625      0000 
 626 05ca 7000      		moveq #0,%d0
 627 05cc 1010      		move.b (%a0),%d0
 628 05ce 2F00      		move.l %d0,-(%sp)
 629 05d0 4E92      		jsr (%a2)
 630 05d2 5383      		subq.l #1,%d3
 631 05d4 588F      		addq.l #4,%sp
 632 05d6 66DE      		jne .L120
 633 05d8 4CDF 1C1C 		movem.l (%sp)+,#7196
 634 05dc 4E75      		rts
 636               		.align	2
 637               		.globl	printUnum
 639               	printUnum:
 640 05de 48E7 3038 		movem.l #12344,-(%sp)
 641 05e2 2439 0000 		move.l sp,%d2
 641      0000 
 642 05e8 2442      		move.l %d2,%a2
 643               	.L124:
 644 05ea 4878 000A 		pea 10.w
 645 05ee 2F2F 001C 		move.l 28(%sp),-(%sp)
 646 05f2 4EB9 0000 		jsr __umodsi3
 646      0000 
 647 05f8 508F      		addq.l #8,%sp
 648 05fa 0600 0030 		add.b #48,%d0
 649 05fe 1500      		move.b %d0,-(%a2)
 650 0600 262F 0018 		move.l 24(%sp),%d3
 651 0604 4878 000A 		pea 10.w
 652 0608 2F03      		move.l %d3,-(%sp)
 653 060a 4EB9 0000 		jsr __udivsi3
 653      0000 
 654 0610 508F      		addq.l #8,%sp
 655 0612 2F40 0018 		move.l %d0,24(%sp)
 656 0616 7009      		moveq #9,%d0
 657 0618 B083      		cmp.l %d3,%d0
 658 061a 65CE      		jcs .L124
 659 061c 948A      		sub.l %a2,%d2
 660 061e 23CA 0000 		move.l %a2,sp
 660      0000 
 661 0624 45F9 0000 		lea outchar,%a2
 661      0000 
 662               	.L125:
 663 062a 2239 0000 		move.l sp,%d1
 663      0000 
 664 0630 5281      		addq.l #1,%d1
 665 0632 2079 0000 		move.l sp,%a0
 665      0000 
 666 0638 23C1 0000 		move.l %d1,sp
 666      0000 
 667 063e 7000      		moveq #0,%d0
 668 0640 1010      		move.b (%a0),%d0
 669 0642 2F00      		move.l %d0,-(%sp)
 670 0644 4E92      		jsr (%a2)
 671 0646 5382      		subq.l #1,%d2
 672 0648 588F      		addq.l #4,%sp
 673 064a 66DE      		jne .L125
 674 064c 4CDF 1C0C 		movem.l (%sp)+,#7180
 675 0650 4E75      		rts
 677               		.align	2
 678               		.globl	printmsgNoNL
 680               	printmsgNoNL:
 681 0652 2F0B      		move.l %a3,-(%sp)
 682 0654 2F0A      		move.l %a2,-(%sp)
 683 0656 246F 000C 		move.l 12(%sp),%a2
 684 065a 47F9 0000 		lea outchar,%a3
 684      0000 
 685               	.L129:
 686 0660 1012      		move.b (%a2),%d0
 687 0662 6606      		jne .L130
 688 0664 245F      		move.l (%sp)+,%a2
 689 0666 265F      		move.l (%sp)+,%a3
 690 0668 4E75      		rts
 691               	.L130:
 692 066a 528A      		addq.l #1,%a2
 693 066c 0280 0000 		and.l #255,%d0
 693      00FF 
 694 0672 2F00      		move.l %d0,-(%sp)
 695 0674 4E93      		jsr (%a3)
 696 0676 588F      		addq.l #4,%sp
 697 0678 60E6      		jra .L129
 699               		.align	2
 700               		.globl	printmsg
 702               	printmsg:
 703 067a 2F2F 0004 		move.l 4(%sp),-(%sp)
 704 067e 4EBA FFD2 		jsr printmsgNoNL
 705 0682 588F      		addq.l #4,%sp
 706 0684 6000 FADA 		jra line_terminator
 708               		.align	2
 710               	getln:
 711 0688 2F0B      		move.l %a3,-(%sp)
 712 068a 2F0A      		move.l %a2,-(%sp)
 713 068c 102F 000F 		move.b 15(%sp),%d0
 714 0690 4880      		ext.w %d0
 715 0692 3040      		move.w %d0,%a0
 716 0694 2F08      		move.l %a0,-(%sp)
 717 0696 45F9 0000 		lea outchar,%a2
 717      0000 
 718 069c 4E92      		jsr (%a2)
 719 069e 2039 0000 		move.l program_end,%d0
 719      0000 
 720 06a4 5480      		addq.l #2,%d0
 721 06a6 23C0 0000 		move.l %d0,txtpos
 721      0000 
 722               	.L146:
 723 06ac 588F      		addq.l #4,%sp
 724               	.L133:
 725 06ae 4EB9 0000 		jsr getchar
 725      0000 
 726 06b4 720A      		moveq #10,%d1
 727 06b6 B280      		cmp.l %d0,%d1
 728 06b8 6718      		jeq .L134
 729 06ba 0C00 0008 		cmp.b #8,%d0
 730 06be 6726      		jeq .L135
 731 06c0 0C00 0007 		cmp.b #7,%d0
 732 06c4 6F42      		jle .L136
 733 06c6 0C00 000A 		cmp.b #10,%d0
 734 06ca 6706      		jeq .L134
 735 06cc 0C00 000D 		cmp.b #13,%d0
 736 06d0 6636      		jne .L136
 737               	.L134:
 738 06d2 4EBA FA8C 		jsr line_terminator
 739 06d6 2079 0000 		move.l txtpos,%a0
 739      0000 
 740 06dc 10BC 000A 		move.b #10,(%a0)
 741 06e0 245F      		move.l (%sp)+,%a2
 742 06e2 265F      		move.l (%sp)+,%a3
 743 06e4 4E75      		rts
 744               	.L135:
 745 06e6 2039 0000 		move.l txtpos,%d0
 745      0000 
 746 06ec B0B9 0000 		cmp.l program_end.l,%d0
 746      0000 
 747 06f2 67BA      		jeq .L133
 748 06f4 5380      		subq.l #1,%d0
 749 06f6 23C0 0000 		move.l %d0,txtpos
 749      0000 
 750 06fc 4879 0000 		pea backspacemsg
 750      0000 
 751 0702 4EBA FF76 		jsr printmsg
 752 0706 60A4      		jra .L146
 753               	.L136:
 754 0708 2239 0000 		move.l txtpos,%d1
 754      0000 
 755 070e 2079 0000 		move.l variables_begin,%a0
 755      0000 
 756 0714 5588      		subq.l #2,%a0
 757 0716 B1C1      		cmp.l %d1,%a0
 758 0718 6608      		jne .L138
 759 071a 4878 0008 		pea 8.w
 760               	.L147:
 761 071e 4E92      		jsr (%a2)
 762 0720 608A      		jra .L146
 763               	.L138:
 764 0722 2041      		move.l %d1,%a0
 765 0724 1080      		move.b %d0,(%a0)
 766 0726 5281      		addq.l #1,%d1
 767 0728 23C1 0000 		move.l %d1,txtpos
 767      0000 
 768 072e 7200      		moveq #0,%d1
 769 0730 4601      		not.b %d1
 770 0732 C280      		and.l %d0,%d1
 771 0734 2F01      		move.l %d1,-(%sp)
 772 0736 60E6      		jra .L147
 774               		.align	2
 775               		.globl	printline
 777               	printline:
 778 0738 2F0A      		move.l %a2,-(%sp)
 779 073a 2F02      		move.l %d2,-(%sp)
 780 073c 2239 0000 		move.l list_line,%d1
 780      0000 
 781 0742 5681      		addq.l #3,%d1
 782 0744 2079 0000 		move.l list_line,%a0
 782      0000 
 783 074a 23C1 0000 		move.l %d1,list_line
 783      0000 
 784 0750 7000      		moveq #0,%d0
 785 0752 3010      		move.w (%a0),%d0
 786 0754 2F00      		move.l %d0,-(%sp)
 787 0756 4EBA FE04 		jsr printnum
 788 075a 4878 0020 		pea 32.w
 789 075e 45F9 0000 		lea outchar,%a2
 789      0000 
 790 0764 4E92      		jsr (%a2)
 791 0766 508F      		addq.l #8,%sp
 792               	.L149:
 793 0768 2079 0000 		move.l list_line,%a0
 793      0000 
 794 076e 1010      		move.b (%a0),%d0
 795 0770 0C00 000A 		cmp.b #10,%d0
 796 0774 6620      		jne .L150
 797 0776 2208      		move.l %a0,%d1
 798 0778 5281      		addq.l #1,%d1
 799 077a 2008      		move.l %a0,%d0
 800 077c 5480      		addq.l #2,%d0
 801 077e 74FE      		moveq #-2,%d2
 802 0780 C480      		and.l %d0,%d2
 803 0782 B481      		cmp.l %d1,%d2
 804 0784 6602      		jne .L151
 805 0786 2001      		move.l %d1,%d0
 806               	.L151:
 807 0788 23C0 0000 		move.l %d0,list_line
 807      0000 
 808 078e 241F      		move.l (%sp)+,%d2
 809 0790 245F      		move.l (%sp)+,%a2
 810 0792 6000 F9CC 		jra line_terminator
 811               	.L150:
 812 0796 0280 0000 		and.l #255,%d0
 812      00FF 
 813 079c 2F00      		move.l %d0,-(%sp)
 814 079e 4E92      		jsr (%a2)
 815 07a0 52B9 0000 		addq.l #1,list_line
 815      0000 
 816 07a6 588F      		addq.l #4,%sp
 817 07a8 60BE      		jra .L149
 819               		.section	.rodata.str1.1
 820               	.LC2:
 821 000b 0A00      		.string	"\n"
 822               	.LC3:
 823 000d 2530 3258 		.string	"%02X"
 823      00
 824               	.LC4:
 825 0012 2534 5800 		.string	"%4X"
 826               	.LC5:
 827 0016 2538 5800 		.string	"%8X"
 828               	.LC6:
 829 001a 2530 3258 		.string	"%02X\n"
 829      0A00 
 830               	.LC7:
 831 0020 506F 6B65 		.string	"Poke %x data %i\n"
 831      2025 7820 
 831      6461 7461 
 831      2025 690A 
 831      00
 832               		.text
 833               		.align	2
 834               		.globl	loop
 836               	loop:
 837 07aa 598F      		subq.l #4,%sp
 838 07ac 48E7 383E 		movem.l #14398,-(%sp)
 839 07b0 23FC 0000 		move.l #program,program_start
 839      0000 0000 
 839      0000 
 840 07ba 23FC 0000 		move.l #program,program_end
 840      0000 0000 
 840      0000 
 841 07c4 23FC 0000 		move.l #program+65536,sp
 841      0000 0000 
 841      0000 
 842 07ce 203C 0000 		move.l #program+65466,%d0
 842      0000 
 843 07d4 0240 FFFE 		and.w #65534,%d0
 844 07d8 23C0 0000 		move.l %d0,stack_limit
 844      0000 
 845 07de 72CA      		moveq #-54,%d1
 846 07e0 D280      		add.l %d0,%d1
 847 07e2 23C1 0000 		move.l %d1,variables_begin
 847      0000 
 848 07e8 0480 0000 		sub.l #program+54,%d0
 848      0000 
 849 07ee 2F00      		move.l %d0,-(%sp)
 850 07f0 47FA FD6A 		lea printnum,%a3
 851 07f4 4E93      		jsr (%a3)
 852 07f6 4879 0000 		pea memorymsg
 852      0000 
 853 07fc 45FA FE7C 		lea printmsg,%a2
 854 0800 4E92      		jsr (%a2)
 855 0802 508F      		addq.l #8,%sp
 856 0804 49FA F822 		lea scantable,%a4
 857               	.L153:
 858 0808 42B9 0000 		clr.l current_line
 858      0000 
 859 080e 23FC 0000 		move.l #program+65536,sp
 859      0000 0000 
 859      0000 
 860 0818 4879 0000 		pea okmsg
 860      0000 
 861               	.L361:
 862 081e 4E92      		jsr (%a2)
 863 0820 588F      		addq.l #4,%sp
 864 0822 6000 0184 		jra .L156
 865               	.L251:
 866 0826 4A01      		tst.b %d1
 867 0828 67DE      		jeq .L153
 868 082a 23C8 0000 		move.l %a0,tempsp
 868      0000 
 869 0830 60D6      		jra .L153
 870               	.L160:
 871 0832 4879 0000 		pea .LC2
 871      0000 
 872 0838 4EB9 0000 		jsr printf
 872      0000 
 873 083e 4878 003E 		pea 62.w
 874 0842 4EBA FE44 		jsr getln
 875 0846 4EBA F8CE 		jsr toUppercaseBuffer
 876 084a 2C79 0000 		move.l program_end,%a6
 876      0000 
 877 0850 240E      		move.l %a6,%d2
 878 0852 5482      		addq.l #2,%d2
 879 0854 508F      		addq.l #8,%sp
 880 0856 2042      		move.l %d2,%a0
 881 0858 4201      		clr.b %d1
 882               	.L162:
 883 085a 2008      		move.l %a0,%d0
 884 085c 0C18 000A 		cmp.b #10,(%a0)+
 885 0860 661E      		jne .L277
 886 0862 4A01      		tst.b %d1
 887 0864 6602      		jne .L163
 888 0866 2002      		move.l %d2,%d0
 889               	.L163:
 890 0868 2239 0000 		move.l variables_begin,%d1
 890      0000 
 891 086e 5381      		subq.l #1,%d1
 892 0870 2040      		move.l %d0,%a0
 893 0872 2241      		move.l %d1,%a1
 894               	.L165:
 895 0874 1290      		move.b (%a0),(%a1)
 896 0876 B1C2      		cmp.l %d2,%a0
 897 0878 670A      		jeq .L164
 898 087a 5389      		subq.l #1,%a1
 899 087c 5388      		subq.l #1,%a0
 900 087e 60F4      		jra .L165
 901               	.L277:
 902 0880 7201      		moveq #1,%d1
 903 0882 60D6      		jra .L162
 904               	.L164:
 905 0884 D282      		add.l %d2,%d1
 906 0886 9280      		sub.l %d0,%d1
 907 0888 23C1 0000 		move.l %d1,txtpos
 907      0000 
 908 088e 4EBA F800 		jsr testnum
 909 0892 3600      		move.w %d0,%d3
 910 0894 33C0 0000 		move.w %d0,linenum
 910      0000 
 911 089a 4EBA F764 		jsr ignore_blanks
 912 089e 4A43      		tst.w %d3
 913 08a0 6678      		jne .L166
 914 08a2 23C2 0000 		move.l %d2,txtpos
 914      0000 
 915 08a8 0C2E 000A 		cmp.b #10,2(%a6)
 915      0002 
 916 08ae 6700 00F8 		jeq .L156
 917               	.L234:
 918 08b2 4879 0000 		pea keywords
 918      0000 
 919 08b8 4E94      		jsr (%a4)
 920 08ba 1439 0000 		move.b table_index,%d2
 920      0000 
 921 08c0 588F      		addq.l #4,%sp
 922 08c2 0C02 0020 		cmp.b #32,%d2
 923 08c6 6200 01C6 		jhi .L194
 924 08ca 7000      		moveq #0,%d0
 925 08cc 1002      		move.b %d2,%d0
 926 08ce D080      		add.l %d0,%d0
 927 08d0 303B 0806 		move.w .L196(%pc,%d0.l),%d0
 928 08d4 4EFB 0002 		jmp %pc@(2,%d0:w)
 929               		.balignw 2,0x284c
 930               		.swbeg	&33
 931               	.L196:
 932 08d8 01D8      		.word .L217-.L196
 933 08da 01B6      		.word .L194-.L196
 934 08dc 0238      		.word .L216-.L196
 935 08de 00E0      		.word .L215-.L196
 936 08e0 01B6      		.word .L194-.L196
 937 08e2 0254      		.word .L214-.L196
 938 08e4 08D6      		.word .L195-.L196
 939 08e6 02BC      		.word .L213-.L196
 940 08e8 02E4      		.word .L212-.L196
 941 08ea 0310      		.word .L211-.L196
 942 08ec 028E      		.word .L210-.L196
 943 08ee 01B6      		.word .L194-.L196
 944 08f0 03F4      		.word .L209-.L196
 945 08f2 0524      		.word .L208-.L196
 946 08f4 05C8      		.word .L204-.L196
 947 08f6 05E6      		.word .L207-.L196
 948 08f8 066E      		.word .L202-.L196
 949 08fa 0A4C      		.word .L152-.L196
 950 08fc 01B6      		.word .L194-.L196
 951 08fe 0212      		.word .L205-.L196
 952 0900 05C8      		.word .L204-.L196
 953 0902 01B6      		.word .L194-.L196
 954 0904 01B6      		.word .L194-.L196
 955 0906 01B6      		.word .L194-.L196
 956 0908 01CE      		.word .L203-.L196
 957 090a 066E      		.word .L202-.L196
 958 090c 0686      		.word .L201-.L196
 959 090e 01B6      		.word .L194-.L196
 960 0910 0368      		.word .L200-.L196
 961 0912 03C4      		.word .L199-.L196
 962 0914 069E      		.word .L198-.L196
 963 0916 06E2      		.word .L197-.L196
 964 0918 08D6      		.word .L195-.L196
 965               	.L166:
 966 091a 0C43 FFFF 		cmp.w #-1,%d3
 967 091e 6700 026A 		jeq .L170
 968 0922 2079 0000 		move.l txtpos,%a0
 968      0000 
 969 0928 4202      		clr.b %d2
 970               	.L171:
 971 092a 7000      		moveq #0,%d0
 972 092c 1002      		move.b %d2,%d0
 973 092e 0C30 000A 		cmp.b #10,(%a0,%d0.l)
 973      0800 
 974 0934 6600 00A4 		jne .L172
 975 0938 4BE8 FFFD 		lea (-3,%a0),%a5
 976 093c 2008      		move.l %a0,%d0
 977 093e 0800 0000 		btst #0,%d0
 978 0942 6700 009C 		jeq .L173
 979 0946 5802      		addq.b #4,%d2
 980 0948 23CD 0000 		move.l %a5,txtpos
 980      0000 
 981               	.L174:
 982 094e 3A83      		move.w %d3,(%a5)
 983 0950 1B42 0002 		move.b %d2,2(%a5)
 984 0954 4EBA F796 		jsr findline
 985 0958 2040      		move.l %d0,%a0
 986 095a B08E      		cmp.l %a6,%d0
 987 095c 6720      		jeq .L177
 988 095e B650      		cmp.w (%a0),%d3
 989 0960 661C      		jne .L177
 990 0962 7000      		moveq #0,%d0
 991 0964 1028 0002 		move.b 2(%a0),%d0
 992 0968 43F0 0800 		lea (%a0,%d0.l),%a1
 993 096c 9DC9      		sub.l %a1,%a6
 994 096e 7000      		moveq #0,%d0
 995               	.L178:
 996 0970 B08E      		cmp.l %a6,%d0
 997 0972 6600 0090 		jne .L179
 998 0976 DDC8      		add.l %a0,%a6
 999 0978 23CE 0000 		move.l %a6,program_end
 999      0000 
 1000               	.L177:
 1001 097e 0C2D 000A 		cmp.b #10,3(%a5)
 1001      0003 
 1002 0984 6722      		jeq .L156
 1003 0986 2279 0000 		move.l program_end,%a1
 1003      0000 
 1004 098c 4204      		clr.b %d4
 1005 098e 4200      		clr.b %d0
 1006               	.L180:
 1007 0990 4A02      		tst.b %d2
 1008 0992 667C      		jne .L186
 1009 0994 4A04      		tst.b %d4
 1010 0996 6706      		jeq .L157
 1011 0998 23CD 0000 		move.l %a5,txtpos
 1011      0000 
 1012               	.L157:
 1013 099e 4A00      		tst.b %d0
 1014 09a0 6706      		jeq .L156
 1015 09a2 23C9 0000 		move.l %a1,program_end
 1015      0000 
 1016               	.L156:
 1017 09a8 4AB9 0000 		tst.l triggerRun
 1017      0000 
 1018 09ae 6700 FE82 		jeq .L160
 1019 09b2 42B9 0000 		clr.l triggerRun
 1019      0000 
 1020               	.L215:
 1021 09b8 2039 0000 		move.l program_start,%d0
 1021      0000 
 1022               	.L161:
 1023 09be 23C0 0000 		move.l %d0,current_line
 1023      0000 
 1024 09c4 B0B9 0000 		cmp.l program_end.l,%d0
 1024      0000 
 1025 09ca 6700 FE3C 		jeq .L153
 1026 09ce 5680      		addq.l #3,%d0
 1027 09d0 23C0 0000 		move.l %d0,txtpos
 1027      0000 
 1028 09d6 6000 FEDA 		jra .L234
 1029               	.L172:
 1030 09da 5202      		addq.b #1,%d2
 1031 09dc 6000 FF4C 		jra .L171
 1032               	.L173:
 1033 09e0 4BE8 FFFC 		lea (-4,%a0),%a5
 1034 09e4 23CD 0000 		move.l %a5,txtpos
 1034      0000 
 1035 09ea 5A02      		addq.b #5,%d2
 1036 09ec 5388      		subq.l #1,%a0
 1037 09ee 7000      		moveq #0,%d0
 1038 09f0 1002      		move.b %d2,%d0
 1039 09f2 43F5 08FF 		lea -1(%a5,%d0.l),%a1
 1040               	.L175:
 1041 09f6 B3C8      		cmp.l %a0,%a1
 1042 09f8 6300 FF54 		jls .L174
 1043 09fc 10A8 0001 		move.b 1(%a0),(%a0)
 1044 0a00 5288      		addq.l #1,%a0
 1045 0a02 60F2      		jra .L175
 1046               	.L179:
 1047 0a04 11B1 0800 		move.b (%a1,%d0.l),(%a0,%d0.l)
 1047      0800 
 1048 0a0a 5280      		addq.l #1,%d0
 1049 0a0c 6000 FF62 		jra .L178
 1050               	.L186:
 1051 0a10 7200      		moveq #0,%d1
 1052 0a12 1202      		move.b %d2,%d1
 1053 0a14 200D      		move.l %a5,%d0
 1054 0a16 9089      		sub.l %a1,%d0
 1055 0a18 B280      		cmp.l %d0,%d1
 1056 0a1a 6402      		jcc .L181
 1057 0a1c 2001      		move.l %d1,%d0
 1058               	.L181:
 1059 0a1e 4DF1 0800 		lea (%a1,%d0.l),%a6
 1060 0a22 2609      		move.l %a1,%d3
 1061 0a24 9688      		sub.l %a0,%d3
 1062 0a26 4683      		not.l %d3
 1063 0a28 7200      		moveq #0,%d1
 1064               	.L182:
 1065 0a2a 5381      		subq.l #1,%d1
 1066 0a2c B283      		cmp.l %d3,%d1
 1067 0a2e 6614      		jne .L183
 1068 0a30 7200      		moveq #0,%d1
 1069               	.L184:
 1070 0a32 B280      		cmp.l %d0,%d1
 1071 0a34 6616      		jne .L185
 1072 0a36 DBC0      		add.l %d0,%a5
 1073 0a38 9400      		sub.b %d0,%d2
 1074 0a3a D1C0      		add.l %d0,%a0
 1075 0a3c 224E      		move.l %a6,%a1
 1076 0a3e 7001      		moveq #1,%d0
 1077 0a40 6000 FF4E 		jra .L180
 1078               	.L183:
 1079 0a44 1DB1 1800 		move.b (%a1,%d1.l),(%a6,%d1.l)
 1079      1800 
 1080 0a4a 60DE      		jra .L182
 1081               	.L185:
 1082 0a4c 11B5 1800 		move.b (%a5,%d1.l),(%a0,%d1.l)
 1082      1800 
 1083 0a52 5281      		addq.l #1,%d1
 1084 0a54 7801      		moveq #1,%d4
 1085 0a56 60DA      		jra .L184
 1086               	.L248:
 1087 0a58 4879 0000 		pea sorrymsg
 1087      0000 
 1088 0a5e 4E92      		jsr (%a2)
 1089 0a60 588F      		addq.l #4,%sp
 1090 0a62 6000 FDA4 		jra .L153
 1091               	.L279:
 1092 0a66 7201      		moveq #1,%d1
 1093               	.L191:
 1094 0a68 2040      		move.l %d0,%a0
 1095 0a6a 5280      		addq.l #1,%d0
 1096 0a6c 0C10 003A 		cmp.b #58,(%a0)
 1097 0a70 67F4      		jeq .L279
 1098 0a72 4A01      		tst.b %d1
 1099 0a74 6706      		jeq .L192
 1100 0a76 23C8 0000 		move.l %a0,txtpos
 1100      0000 
 1101               	.L192:
 1102 0a7c 4EBA F582 		jsr ignore_blanks
 1103 0a80 2079 0000 		move.l txtpos,%a0
 1103      0000 
 1104 0a86 0C10 000A 		cmp.b #10,(%a0)
 1105 0a8a 6600 FE26 		jne .L234
 1106               	.L194:
 1107 0a8e 2039 0000 		move.l current_line,%d0
 1107      0000 
 1108 0a94 6700 FF12 		jeq .L156
 1109 0a98 2040      		move.l %d0,%a0
 1110 0a9a 7200      		moveq #0,%d1
 1111 0a9c 1228 0002 		move.b 2(%a0),%d1
 1112 0aa0 D081      		add.l %d1,%d0
 1113 0aa2 6000 FF1A 		jra .L161
 1114               	.L203:
 1115 0aa6 4879 0000 		pea unimplimentedmsg
 1115      0000 
 1116 0aac 6000 FD70 		jra .L361
 1117               	.L217:
 1118 0ab0 4EBA F5DE 		jsr testnum
 1119 0ab4 33C0 0000 		move.w %d0,linenum
 1119      0000 
 1120 0aba 2079 0000 		move.l txtpos,%a0
 1120      0000 
 1121 0ac0 0C10 000A 		cmp.b #10,(%a0)
 1122 0ac4 6600 0196 		jne .L218
 1123 0ac8 4EBA F622 		jsr findline
 1124 0acc 23C0 0000 		move.l %d0,list_line
 1124      0000 
 1125 0ad2 4BFA FC64 		lea printline,%a5
 1126               	.L263:
 1127 0ad6 2239 0000 		move.l list_line,%d1
 1127      0000 
 1128 0adc B2B9 0000 		cmp.l program_end.l,%d1
 1128      0000 
 1129 0ae2 6700 FD24 		jeq .L153
 1130 0ae6 4E95      		jsr (%a5)
 1131 0ae8 60EC      		jra .L263
 1132               	.L205:
 1133 0aea 2239 0000 		move.l variables_begin,%d1
 1133      0000 
 1134 0af0 92B9 0000 		sub.l program_end,%d1
 1134      0000 
 1135 0af6 2F01      		move.l %d1,-(%sp)
 1136 0af8 4E93      		jsr (%a3)
 1137 0afa 4879 0000 		pea memorymsg
 1137      0000 
 1138 0b00 4E92      		jsr (%a2)
 1139 0b02 508F      		addq.l #8,%sp
 1140               	.L220:
 1141 0b04 2039 0000 		move.l txtpos,%d0
 1141      0000 
 1142 0b0a 4201      		clr.b %d1
 1143 0b0c 6000 FF5A 		jra .L191
 1144               	.L216:
 1145 0b10 2079 0000 		move.l txtpos,%a0
 1145      0000 
 1146 0b16 0C10 000A 		cmp.b #10,(%a0)
 1147 0b1a 6600 0140 		jne .L218
 1148 0b1e 23F9 0000 		move.l program_start,program_end
 1148      0000 0000 
 1148      0000 
 1149 0b28 6000 FE7E 		jra .L156
 1150               	.L214:
 1151 0b2c 4BFA F4D2 		lea ignore_blanks,%a5
 1152 0b30 4E95      		jsr (%a5)
 1153 0b32 2039 0000 		move.l txtpos,%d0
 1153      0000 
 1154 0b38 2040      		move.l %d0,%a0
 1155 0b3a 1210      		move.b (%a0),%d1
 1156 0b3c 0601 FFBF 		add.b #-65,%d1
 1157 0b40 0C01 0019 		cmp.b #25,%d1
 1158 0b44 6244      		jhi .L170
 1159 0b46 5280      		addq.l #1,%d0
 1160 0b48 23C0 0000 		move.l %d0,txtpos
 1160      0000 
 1161 0b4e 4E95      		jsr (%a5)
 1162 0b50 2079 0000 		move.l txtpos,%a0
 1162      0000 
 1163 0b56 1010      		move.b (%a0),%d0
 1164 0b58 0C00 003A 		cmp.b #58,%d0
 1165 0b5c 6708      		jeq .L210
 1166 0b5e 0C00 000A 		cmp.b #10,%d0
 1167 0b62 6600 00F8 		jne .L218
 1168               	.L210:
 1169 0b66 2639 0000 		move.l sp,%d3
 1169      0000 
 1170 0b6c 23C3 0000 		move.l %d3,tempsp
 1170      0000 
 1171 0b72 2043      		move.l %d3,%a0
 1172 0b74 4201      		clr.b %d1
 1173               	.L249:
 1174 0b76 B1FC 0000 		cmp.l #program+65535,%a0
 1174      0000 
 1175 0b7c 6500 0568 		jcs .L260
 1176 0b80 4A01      		tst.b %d1
 1177 0b82 6706      		jeq .L170
 1178 0b84 23C8 0000 		move.l %a0,tempsp
 1178      0000 
 1179               	.L170:
 1180 0b8a 4879 0000 		pea howmsg
 1180      0000 
 1181 0b90 6000 FC8C 		jra .L361
 1182               	.L213:
 1183 0b94 4239 0000 		clr.b expression_error
 1183      0000 
 1184 0b9a 4EBA F92E 		jsr expression
 1185 0b9e 4A39 0000 		tst.b expression_error.l
 1185      0000 
 1186 0ba4 66E4      		jne .L170
 1187 0ba6 2079 0000 		move.l txtpos,%a0
 1187      0000 
 1188 0bac 0C10 000A 		cmp.b #10,(%a0)
 1189 0bb0 67D8      		jeq .L170
 1190 0bb2 4A40      		tst.w %d0
 1191 0bb4 6600 FCFC 		jne .L234
 1192 0bb8 6000 FED4 		jra .L194
 1193               	.L212:
 1194 0bbc 4239 0000 		clr.b expression_error
 1194      0000 
 1195 0bc2 4EBA F906 		jsr expression
 1196 0bc6 33C0 0000 		move.w %d0,linenum
 1196      0000 
 1197 0bcc 4A39 0000 		tst.b expression_error.l
 1197      0000 
 1198 0bd2 66B6      		jne .L170
 1199 0bd4 2079 0000 		move.l txtpos,%a0
 1199      0000 
 1200 0bda 0C10 000A 		cmp.b #10,(%a0)
 1201 0bde 66AA      		jne .L170
 1202               	.L363:
 1203 0be0 4EBA F50A 		jsr findline
 1204 0be4 6000 FDD8 		jra .L161
 1205               	.L211:
 1206 0be8 4239 0000 		clr.b expression_error
 1206      0000 
 1207 0bee 4EBA F8DA 		jsr expression
 1208 0bf2 33C0 0000 		move.w %d0,linenum
 1208      0000 
 1209 0bf8 4A39 0000 		tst.b expression_error.l
 1209      0000 
 1210 0bfe 668A      		jne .L170
 1211 0c00 2279 0000 		move.l txtpos,%a1
 1211      0000 
 1212 0c06 0C11 000A 		cmp.b #10,(%a1)
 1213 0c0a 6600 FF7E 		jne .L170
 1214 0c0e 2079 0000 		move.l sp,%a0
 1214      0000 
 1215 0c14 4BE8 000A 		lea (10,%a0),%a5
 1216 0c18 BBF9 0000 		cmp.l stack_limit.l,%a5
 1216      0000 
 1217 0c1e 6500 FE38 		jcs .L248
 1218 0c22 4BE8 FFF6 		lea (-10,%a0),%a5
 1219 0c26 23CD 0000 		move.l %a5,sp
 1219      0000 
 1220 0c2c 117C 0047 		move.b #71,-10(%a0)
 1220      FFF6 
 1221 0c32 2149 FFFC 		move.l %a1,-4(%a0)
 1222 0c36 2179 0000 		move.l current_line,-8(%a0)
 1222      0000 FFF8 
 1223 0c3e 60A0      		jra .L363
 1224               	.L200:
 1225 0c40 2639 0000 		move.l txtpos,%d3
 1225      0000 
 1226 0c46 4239 0000 		clr.b expression_error
 1226      0000 
 1227 0c4c 4EBA F87C 		jsr expression
 1228 0c50 2400      		move.l %d0,%d2
 1229 0c52 4A39 0000 		tst.b expression_error.l
 1229      0000 
 1230 0c58 6700 03C4 		jeq .L355
 1231               	.L218:
 1232 0c5c 4879 0000 		pea whatmsg
 1232      0000 
 1233 0c62 4EBA F9EE 		jsr printmsgNoNL
 1234 0c66 2039 0000 		move.l current_line,%d0
 1234      0000 
 1235 0c6c 588F      		addq.l #4,%sp
 1236 0c6e 6724      		jeq .L189
 1237 0c70 2079 0000 		move.l txtpos,%a0
 1237      0000 
 1238 0c76 1410      		move.b (%a0),%d2
 1239 0c78 0C02 000A 		cmp.b #10,%d2
 1240 0c7c 6704      		jeq .L190
 1241 0c7e 10BC 005E 		move.b #94,(%a0)
 1242               	.L190:
 1243 0c82 23C0 0000 		move.l %d0,list_line
 1243      0000 
 1244 0c88 4EBA FAAE 		jsr printline
 1245 0c8c 2079 0000 		move.l txtpos,%a0
 1245      0000 
 1246 0c92 1082      		move.b %d2,(%a0)
 1247               	.L189:
 1248 0c94 4EBA F4CA 		jsr line_terminator
 1249 0c98 6000 FD0E 		jra .L156
 1250               	.L199:
 1251 0c9c 2439 0000 		move.l sp,%d2
 1251      0000 
 1252 0ca2 2039 0000 		move.l stack_limit,%d0
 1252      0000 
 1253 0ca8 2202      		move.l %d2,%d1
 1254 0caa 0681 0000 		add.l #154,%d1
 1254      009A 
 1255 0cb0 2A42      		move.l %d2,%a5
 1256               	.L225:
 1257 0cb2 BBC0      		cmp.l %d0,%a5
 1258 0cb4 6510      		jcs .L243
 1259 0cb6 0C15 0057 		cmp.b #87,(%a5)
 1260 0cba 6700 03DA 		jeq .L242
 1261 0cbe 4BED 000E 		lea (14,%a5),%a5
 1262 0cc2 BBC1      		cmp.l %d1,%a5
 1263 0cc4 66EC      		jne .L225
 1264               	.L243:
 1265 0cc6 2038 0002 		move.l 2.w,%d0
 1266 0cca 4E47      		trap #7
 1267               	.L209:
 1268 0ccc 43FA F332 		lea ignore_blanks,%a1
 1269 0cd0 4E91      		jsr (%a1)
 1270 0cd2 2039 0000 		move.l txtpos,%d0
 1270      0000 
 1271 0cd8 2A40      		move.l %d0,%a5
 1272 0cda 1415      		move.b (%a5),%d2
 1273 0cdc 1202      		move.b %d2,%d1
 1274 0cde 0601 FFBF 		add.b #-65,%d1
 1275 0ce2 0C01 0019 		cmp.b #25,%d1
 1276 0ce6 6200 FF74 		jhi .L218
 1277 0cea 5280      		addq.l #1,%d0
 1278 0cec 23C0 0000 		move.l %d0,txtpos
 1278      0000 
 1279 0cf2 41FA F30C 		lea ignore_blanks,%a0
 1280 0cf6 4E90      		jsr (%a0)
 1281 0cf8 2039 0000 		move.l txtpos,%d0
 1281      0000 
 1282 0cfe 2240      		move.l %d0,%a1
 1283 0d00 0C11 003D 		cmp.b #61,(%a1)
 1284 0d04 6600 FF56 		jne .L218
 1285 0d08 5280      		addq.l #1,%d0
 1286 0d0a 23C0 0000 		move.l %d0,txtpos
 1286      0000 
 1287 0d10 4BFA F2EE 		lea ignore_blanks,%a5
 1288 0d14 4E95      		jsr (%a5)
 1289 0d16 4239 0000 		clr.b expression_error
 1289      0000 
 1290 0d1c 4BFA F7AC 		lea expression,%a5
 1291 0d20 4E95      		jsr (%a5)
 1292 0d22 2C40      		move.l %d0,%a6
 1293 0d24 4A39 0000 		tst.b expression_error.l
 1293      0000 
 1294 0d2a 6600 FF30 		jne .L218
 1295 0d2e 4879 0000 		pea to_tab
 1295      0000 
 1296 0d34 4E94      		jsr (%a4)
 1297 0d36 588F      		addq.l #4,%sp
 1298 0d38 4A39 0000 		tst.b table_index.l
 1298      0000 
 1299 0d3e 6600 FF1C 		jne .L218
 1300 0d42 4E95      		jsr (%a5)
 1301 0d44 2F40 0020 		move.l %d0,32(%sp)
 1302 0d48 4A39 0000 		tst.b expression_error.l
 1302      0000 
 1303 0d4e 6600 FF0C 		jne .L218
 1304 0d52 4879 0000 		pea step_tab
 1304      0000 
 1305 0d58 4E94      		jsr (%a4)
 1306 0d5a 588F      		addq.l #4,%sp
 1307 0d5c 4A39 0000 		tst.b table_index.l
 1307      0000 
 1308 0d62 6600 037C 		jne .L280
 1309 0d66 4E95      		jsr (%a5)
 1310 0d68 4A39 0000 		tst.b expression_error.l
 1310      0000 
 1311 0d6e 6600 FEEC 		jne .L218
 1312 0d72 3800      		move.w %d0,%d4
 1313               	.L246:
 1314 0d74 41FA F28A 		lea ignore_blanks,%a0
 1315 0d78 4E90      		jsr (%a0)
 1316 0d7a 2639 0000 		move.l txtpos,%d3
 1316      0000 
 1317 0d80 2243      		move.l %d3,%a1
 1318 0d82 1211      		move.b (%a1),%d1
 1319 0d84 0C01 000A 		cmp.b #10,%d1
 1320 0d88 6708      		jeq .L247
 1321 0d8a 0C01 003A 		cmp.b #58,%d1
 1322 0d8e 6600 FECC 		jne .L218
 1323               	.L247:
 1324 0d92 4A39 0000 		tst.b expression_error.l
 1324      0000 
 1325 0d98 6600 FDF0 		jne .L170
 1326 0d9c 0C01 000A 		cmp.b #10,%d1
 1327 0da0 6600 FDE8 		jne .L170
 1328 0da4 2079 0000 		move.l sp,%a0
 1328      0000 
 1329 0daa 43E8 000E 		lea (14,%a0),%a1
 1330 0dae B3F9 0000 		cmp.l stack_limit.l,%a1
 1330      0000 
 1331 0db4 6500 FCA2 		jcs .L248
 1332 0db8 4BE8 FFF2 		lea (-14,%a0),%a5
 1333 0dbc 23CD 0000 		move.l %a5,sp
 1333      0000 
 1334 0dc2 7200      		moveq #0,%d1
 1335 0dc4 1202      		move.b %d2,%d1
 1336 0dc6 0681 7FFF 		add.l #2147483583,%d1
 1336      FFBF 
 1337 0dcc D281      		add.l %d1,%d1
 1338 0dce 2279 0000 		move.l variables_begin,%a1
 1338      0000 
 1339 0dd4 338E 1800 		move.w %a6,(%a1,%d1.l)
 1340 0dd8 117C 0046 		move.b #70,-14(%a0)
 1340      FFF2 
 1341 0dde 1142 FFF3 		move.b %d2,-13(%a0)
 1342 0de2 316F 0022 		move.w 34(%sp),-12(%a0)
 1342      FFF4 
 1343 0de8 3144 FFF6 		move.w %d4,-10(%a0)
 1344 0dec 2143 FFFC 		move.l %d3,-4(%a0)
 1345 0df0 2179 0000 		move.l current_line,-8(%a0)
 1345      0000 FFF8 
 1346 0df8 6000 FD0A 		jra .L220
 1347               	.L208:
 1348 0dfc 4BFA F202 		lea ignore_blanks,%a5
 1349 0e00 4E95      		jsr (%a5)
 1350 0e02 2039 0000 		move.l txtpos,%d0
 1350      0000 
 1351 0e08 2040      		move.l %d0,%a0
 1352 0e0a 1410      		move.b (%a0),%d2
 1353 0e0c 1202      		move.b %d2,%d1
 1354 0e0e 0601 FFBF 		add.b #-65,%d1
 1355 0e12 0C01 0019 		cmp.b #25,%d1
 1356 0e16 6200 FE44 		jhi .L218
 1357 0e1a 5280      		addq.l #1,%d0
 1358 0e1c 23C0 0000 		move.l %d0,txtpos
 1358      0000 
 1359 0e22 4E95      		jsr (%a5)
 1360 0e24 2079 0000 		move.l txtpos,%a0
 1360      0000 
 1361 0e2a 1010      		move.b (%a0),%d0
 1362 0e2c 0C00 000A 		cmp.b #10,%d0
 1363 0e30 6708      		jeq .L235
 1364 0e32 0C00 003A 		cmp.b #58,%d0
 1365 0e36 6600 FE24 		jne .L218
 1366               	.L235:
 1367 0e3a 4DFA F68E 		lea expression,%a6
 1368               	.L236:
 1369 0e3e 23F9 0000 		move.l txtpos,tmptxtpos
 1369      0000 0000 
 1369      0000 
 1370 0e48 4878 003F 		pea 63.w
 1371 0e4c 43FA F83A 		lea getln,%a1
 1372 0e50 4E91      		jsr (%a1)
 1373 0e52 41FA F2C2 		lea toUppercaseBuffer,%a0
 1374 0e56 4E90      		jsr (%a0)
 1375 0e58 2039 0000 		move.l program_end,%d0
 1375      0000 
 1376 0e5e 5480      		addq.l #2,%d0
 1377 0e60 23C0 0000 		move.l %d0,txtpos
 1377      0000 
 1378 0e66 4E95      		jsr (%a5)
 1379 0e68 4239 0000 		clr.b expression_error
 1379      0000 
 1380 0e6e 4E96      		jsr (%a6)
 1381 0e70 588F      		addq.l #4,%sp
 1382 0e72 4A39 0000 		tst.b expression_error.l
 1382      0000 
 1383 0e78 66C4      		jne .L236
 1384 0e7a 0282 0000 		and.l #255,%d2
 1384      00FF 
 1385 0e80 0682 7FFF 		add.l #2147483583,%d2
 1385      FFBF 
 1386 0e86 D482      		add.l %d2,%d2
 1387 0e88 2079 0000 		move.l variables_begin,%a0
 1387      0000 
 1388 0e8e 3180 2800 		move.w %d0,(%a0,%d2.l)
 1389 0e92 23F9 0000 		move.l tmptxtpos,txtpos
 1389      0000 0000 
 1389      0000 
 1390 0e9c 6000 FC66 		jra .L220
 1391               	.L204:
 1392 0ea0 2079 0000 		move.l txtpos,%a0
 1392      0000 
 1393 0ea6 1010      		move.b (%a0),%d0
 1394 0ea8 0C00 003A 		cmp.b #58,%d0
 1395 0eac 6600 0386 		jne .L358
 1396 0eb0 4EBA F2AE 		jsr line_terminator
 1397 0eb4 52B9 0000 		addq.l #1,txtpos
 1397      0000 
 1398 0eba 6000 FC48 		jra .L220
 1399               	.L207:
 1400 0ebe 4239 0000 		clr.b expression_error
 1400      0000 
 1401 0ec4 4DFA F604 		lea expression,%a6
 1402 0ec8 4E96      		jsr (%a6)
 1403 0eca 2A40      		move.l %d0,%a5
 1404 0ecc 4A39 0000 		tst.b expression_error.l
 1404      0000 
 1405 0ed2 6600 FD88 		jne .L218
 1406 0ed6 41FA F128 		lea ignore_blanks,%a0
 1407 0eda 4E90      		jsr (%a0)
 1408 0edc 2039 0000 		move.l txtpos,%d0
 1408      0000 
 1409 0ee2 2240      		move.l %d0,%a1
 1410 0ee4 0C11 002C 		cmp.b #44,(%a1)
 1411 0ee8 6600 FD72 		jne .L218
 1412 0eec 5280      		addq.l #1,%d0
 1413 0eee 23C0 0000 		move.l %d0,txtpos
 1413      0000 
 1414 0ef4 41FA F10A 		lea ignore_blanks,%a0
 1415 0ef8 4E90      		jsr (%a0)
 1416 0efa 4239 0000 		clr.b expression_error
 1416      0000 
 1417 0f00 4E96      		jsr (%a6)
 1418 0f02 2400      		move.l %d0,%d2
 1419 0f04 4A39 0000 		tst.b expression_error.l
 1419      0000 
 1420 0f0a 6600 FD50 		jne .L218
 1421 0f0e 7000      		moveq #0,%d0
 1422 0f10 4600      		not.b %d0
 1423 0f12 C082      		and.l %d2,%d0
 1424 0f14 2F00      		move.l %d0,-(%sp)
 1425 0f16 2F0D      		move.l %a5,-(%sp)
 1426 0f18 4879 0000 		pea .LC7
 1426      0000 
 1427 0f1e 4EB9 0000 		jsr printf
 1427      0000 
 1428 0f24 1A82      		move.b %d2,(%a5)
 1429 0f26 2079 0000 		move.l txtpos,%a0
 1429      0000 
 1430 0f2c 1010      		move.b (%a0),%d0
 1431 0f2e 4FEF 000C 		lea (12,%sp),%sp
 1432 0f32 0C00 000A 		cmp.b #10,%d0
 1433 0f36 6700 FBCC 		jeq .L220
 1434 0f3a 0C00 003A 		cmp.b #58,%d0
 1435 0f3e 6700 FBC4 		jeq .L220
 1436 0f42 6000 FD18 		jra .L218
 1437               	.L202:
 1438 0f46 2079 0000 		move.l txtpos,%a0
 1438      0000 
 1439 0f4c 0C10 000A 		cmp.b #10,(%a0)
 1440 0f50 6600 FD0A 		jne .L218
 1441 0f54 2039 0000 		move.l program_end,%d0
 1441      0000 
 1442 0f5a 6000 FA62 		jra .L161
 1443               	.L201:
 1444 0f5e 4239 0000 		clr.b expression_error
 1444      0000 
 1445 0f64 4EBA F564 		jsr expression
 1446 0f68 4A39 0000 		tst.b expression_error.l
 1446      0000 
 1447 0f6e 6700 FB94 		jeq .L220
 1448 0f72 6000 FCE8 		jra .L218
 1449               	.L198:
 1450 0f76 4239 0000 		clr.b expression_error
 1450      0000 
 1451 0f7c 4EBA F54C 		jsr expression
 1452 0f80 41F9 0000 		lea printf,%a0
 1452      0000 
 1453 0f86 0C80 0000 		cmp.l #254,%d0
 1453      00FE 
 1454 0f8c 6210      		jhi .L231
 1455 0f8e 2F00      		move.l %d0,-(%sp)
 1456 0f90 4879 0000 		pea .LC3
 1456      0000 
 1457               	.L365:
 1458 0f96 4E90      		jsr (%a0)
 1459               	.L362:
 1460 0f98 508F      		addq.l #8,%sp
 1461 0f9a 6000 FAF2 		jra .L194
 1462               	.L231:
 1463 0f9e 0C80 0000 		cmp.l #65534,%d0
 1463      FFFE 
 1464 0fa4 620A      		jhi .L232
 1465 0fa6 2F00      		move.l %d0,-(%sp)
 1466 0fa8 4879 0000 		pea .LC4
 1466      0000 
 1467 0fae 60E6      		jra .L365
 1468               	.L232:
 1469 0fb0 2F00      		move.l %d0,-(%sp)
 1470 0fb2 4879 0000 		pea .LC5
 1470      0000 
 1471 0fb8 60DC      		jra .L365
 1472               	.L197:
 1473 0fba 4BFA F044 		lea ignore_blanks,%a5
 1474 0fbe 4E95      		jsr (%a5)
 1475 0fc0 2039 0000 		move.l txtpos,%d0
 1475      0000 
 1476 0fc6 2240      		move.l %d0,%a1
 1477 0fc8 0C11 0028 		cmp.b #40,(%a1)
 1478 0fcc 6600 FC8E 		jne .L218
 1479 0fd0 5280      		addq.l #1,%d0
 1480 0fd2 23C0 0000 		move.l %d0,txtpos
 1480      0000 
 1481 0fd8 4239 0000 		clr.b expression_error
 1481      0000 
 1482 0fde 4EBA F4EA 		jsr expression
 1483 0fe2 2C40      		move.l %d0,%a6
 1484 0fe4 4A39 0000 		tst.b expression_error.l
 1484      0000 
 1485 0fea 6600 FC70 		jne .L218
 1486 0fee 4E95      		jsr (%a5)
 1487 0ff0 2239 0000 		move.l txtpos,%d1
 1487      0000 
 1488 0ff6 2A41      		move.l %d1,%a5
 1489 0ff8 0C15 0029 		cmp.b #41,(%a5)
 1490 0ffc 6600 FC5E 		jne .L218
 1491 1000 5281      		addq.l #1,%d1
 1492 1002 23C1 0000 		move.l %d1,txtpos
 1492      0000 
 1493 1008 7000      		moveq #0,%d0
 1494 100a 1016      		move.b (%a6),%d0
 1495 100c 2F00      		move.l %d0,-(%sp)
 1496 100e 4879 0000 		pea .LC6
 1496      0000 
 1497 1014 4EB9 0000 		jsr printf
 1497      0000 
 1498 101a 6000 FF7C 		jra .L362
 1499               	.L355:
 1500 101e 4EBA EFE0 		jsr ignore_blanks
 1501 1022 2279 0000 		move.l txtpos,%a1
 1501      0000 
 1502 1028 1211      		move.b (%a1),%d1
 1503 102a 0C01 000A 		cmp.b #10,%d1
 1504 102e 6708      		jeq .L237
 1505 1030 0C01 003A 		cmp.b #58,%d1
 1506 1034 6600 FC26 		jne .L218
 1507               	.L237:
 1508 1038 2079 0000 		move.l sp,%a0
 1508      0000 
 1509 103e 4BE8 FFF2 		lea (-14,%a0),%a5
 1510 1042 BBF9 0000 		cmp.l stack_limit.l,%a5
 1510      0000 
 1511 1048 640E      		jcc .L238
 1512 104a 4879 0000 		pea stackmsg
 1512      0000 
 1513               	.L364:
 1514 1050 4E92      		jsr (%a2)
 1515 1052 588F      		addq.l #4,%sp
 1516 1054 6000 FAAE 		jra .L220
 1517               	.L238:
 1518 1058 23CD 0000 		move.l %a5,sp
 1518      0000 
 1519 105e 117C 0057 		move.b #87,-14(%a0)
 1519      FFF2 
 1520 1064 2143 FFF4 		move.l %d3,-12(%a0)
 1521 1068 2149 FFF8 		move.l %a1,-8(%a0)
 1522 106c 2179 0000 		move.l current_line,-4(%a0)
 1522      0000 FFFC 
 1523 1074 4A42      		tst.w %d2
 1524 1076 6600 FA8C 		jne .L220
 1525 107a 4BFA F0FE 		lea (find_wend.0),%a5
 1526 107e 4E95      		jsr (%a5)
 1527 1080 4A40      		tst.w %d0
 1528 1082 6608      		jne .L240
 1529               	.L241:
 1530 1084 4879 0000 		pea nowend_msg
 1530      0000 
 1531 108a 60C4      		jra .L364
 1532               	.L240:
 1533 108c 4E95      		jsr (%a5)
 1534 108e 4A40      		tst.w %d0
 1535 1090 6600 FA72 		jne .L220
 1536 1094 60EE      		jra .L241
 1537               	.L242:
 1538 1096 23ED 0002 		move.l 2(%a5),txtpos
 1538      0000 0000 
 1539 109e 4239 0000 		clr.b expression_error
 1539      0000 
 1540 10a4 4DFA F424 		lea expression,%a6
 1541 10a8 4E96      		jsr (%a6)
 1542 10aa 23ED 0002 		move.l 2(%a5),txtpos
 1542      0000 0000 
 1543 10b2 4239 0000 		clr.b expression_error
 1543      0000 
 1544 10b8 4E96      		jsr (%a6)
 1545 10ba 4A40      		tst.w %d0
 1546 10bc 6714      		jeq .L245
 1547 10be 23ED 0006 		move.l 6(%a5),txtpos
 1547      0000 0000 
 1548 10c6 23ED 000A 		move.l 10(%a5),current_line
 1548      0000 0000 
 1549 10ce 6000 FA34 		jra .L220
 1550               	.L245:
 1551 10d2 720E      		moveq #14,%d1
 1552 10d4 D282      		add.l %d2,%d1
 1553 10d6 23C1 0000 		move.l %d1,sp
 1553      0000 
 1554 10dc 6000 FA26 		jra .L220
 1555               	.L280:
 1556 10e0 7801      		moveq #1,%d4
 1557 10e2 6000 FC90 		jra .L246
 1558               	.L260:
 1559 10e6 1010      		move.b (%a0),%d0
 1560 10e8 0C00 0046 		cmp.b #70,%d0
 1561 10ec 6740      		jeq .L250
 1562 10ee 0C00 0047 		cmp.b #71,%d0
 1563 10f2 6600 F732 		jne .L251
 1564 10f6 0C02 000A 		cmp.b #10,%d2
 1565 10fa 6628      		jne .L252
 1566 10fc 4A01      		tst.b %d1
 1567 10fe 6706      		jeq .L253
 1568 1100 23C8 0000 		move.l %a0,tempsp
 1568      0000 
 1569               	.L253:
 1570 1106 23E8 0002 		move.l 2(%a0),current_line
 1570      0000 0000 
 1571 110e 23E8 0006 		move.l 6(%a0),txtpos
 1571      0000 0000 
 1572 1116 700A      		moveq #10,%d0
 1573 1118 D083      		add.l %d3,%d0
 1574 111a 23C0 0000 		move.l %d0,sp
 1574      0000 
 1575 1120 6000 F9E2 		jra .L220
 1576               	.L252:
 1577 1124 41E8 000A 		lea (10,%a0),%a0
 1578               	.L254:
 1579 1128 7201      		moveq #1,%d1
 1580 112a 6000 FA4A 		jra .L249
 1581               	.L250:
 1582 112e 0C02 0005 		cmp.b #5,%d2
 1583 1132 6672      		jne .L255
 1584 1134 2279 0000 		move.l txtpos,%a1
 1584      0000 
 1585 113a 7000      		moveq #0,%d0
 1586 113c 1029 FFFF 		move.b -1(%a1),%d0
 1587 1140 1828 0001 		move.b 1(%a0),%d4
 1588 1144 4884      		ext.w %d4
 1589 1146 3244      		move.w %d4,%a1
 1590 1148 B3C0      		cmp.l %d0,%a1
 1591 114a 665A      		jne .L255
 1592 114c 4A01      		tst.b %d1
 1593 114e 6706      		jeq .L256
 1594 1150 23C8 0000 		move.l %a0,tempsp
 1594      0000 
 1595               	.L256:
 1596 1156 2240      		move.l %d0,%a1
 1597 1158 D3FC 7FFF 		add.l #2147483583,%a1
 1597      FFBF 
 1598 115e D3C9      		add.l %a1,%a1
 1599 1160 D3F9 0000 		add.l variables_begin,%a1
 1599      0000 
 1600 1166 3011      		move.w (%a1),%d0
 1601 1168 D068 0004 		add.w 4(%a0),%d0
 1602 116c 3280      		move.w %d0,(%a1)
 1603 116e 3228 0004 		move.w 4(%a0),%d1
 1604 1172 6F1A      		jle .L257
 1605 1174 B068 0002 		cmp.w 2(%a0),%d0
 1606 1178 6E1E      		jgt .L259
 1607               	.L258:
 1608 117a 23E8 000A 		move.l 10(%a0),txtpos
 1608      0000 0000 
 1609 1182 23E8 0006 		move.l 6(%a0),current_line
 1609      0000 0000 
 1610 118a 6000 F978 		jra .L220
 1611               	.L257:
 1612 118e 4A41      		tst.w %d1
 1613 1190 6706      		jeq .L259
 1614 1192 B068 0002 		cmp.w 2(%a0),%d0
 1615 1196 6CE2      		jge .L258
 1616               	.L259:
 1617 1198 41E8 000E 		lea (14,%a0),%a0
 1618 119c 23C8 0000 		move.l %a0,sp
 1618      0000 
 1619 11a2 6000 F960 		jra .L220
 1620               	.L255:
 1621 11a6 41E8 000E 		lea (14,%a0),%a0
 1622 11aa 6000 FF7C 		jra .L254
 1623               	.L195:
 1624 11ae 2039 0000 		move.l txtpos,%d0
 1624      0000 
 1625 11b4 2040      		move.l %d0,%a0
 1626 11b6 1410      		move.b (%a0),%d2
 1627 11b8 1202      		move.b %d2,%d1
 1628 11ba 0601 FFBF 		add.b #-65,%d1
 1629 11be 0C01 0019 		cmp.b #25,%d1
 1630 11c2 6200 F9C6 		jhi .L170
 1631 11c6 2C79 0000 		move.l variables_begin,%a6
 1631      0000 
 1632 11cc 5280      		addq.l #1,%d0
 1633 11ce 23C0 0000 		move.l %d0,txtpos
 1633      0000 
 1634 11d4 4BFA EE2A 		lea ignore_blanks,%a5
 1635 11d8 4E95      		jsr (%a5)
 1636 11da 2039 0000 		move.l txtpos,%d0
 1636      0000 
 1637 11e0 2240      		move.l %d0,%a1
 1638 11e2 0C11 003D 		cmp.b #61,(%a1)
 1639 11e6 6600 FA74 		jne .L218
 1640 11ea 5280      		addq.l #1,%d0
 1641 11ec 23C0 0000 		move.l %d0,txtpos
 1641      0000 
 1642 11f2 4E95      		jsr (%a5)
 1643 11f4 4239 0000 		clr.b expression_error
 1643      0000 
 1644 11fa 4EBA F2CE 		jsr expression
 1645 11fe 4A39 0000 		tst.b expression_error.l
 1645      0000 
 1646 1204 6600 FA56 		jne .L218
 1647 1208 2079 0000 		move.l txtpos,%a0
 1647      0000 
 1648 120e 1210      		move.b (%a0),%d1
 1649 1210 0C01 000A 		cmp.b #10,%d1
 1650 1214 6708      		jeq .L262
 1651 1216 0C01 003A 		cmp.b #58,%d1
 1652 121a 6600 FA40 		jne .L218
 1653               	.L262:
 1654 121e 0282 0000 		and.l #255,%d2
 1654      00FF 
 1655 1224 0682 7FFF 		add.l #2147483583,%d2
 1655      FFBF 
 1656 122a D482      		add.l %d2,%d2
 1657 122c 3D80 2800 		move.w %d0,(%a6,%d2.l)
 1658 1230 6000 F8D2 		jra .L220
 1659               	.L358:
 1660 1234 0C00 000A 		cmp.b #10,%d0
 1661 1238 6700 F854 		jeq .L194
 1662 123c 4BFA EDC2 		lea ignore_blanks,%a5
 1663 1240 4DFA F288 		lea expression,%a6
 1664               	.L273:
 1665 1244 4E95      		jsr (%a5)
 1666 1246 2079 0000 		move.l txtpos,%a0
 1666      0000 
 1667 124c 1610      		move.b (%a0),%d3
 1668 124e 0C03 0022 		cmp.b #34,%d3
 1669 1252 6706      		jeq .L265
 1670 1254 0C03 0027 		cmp.b #39,%d3
 1671 1258 6640      		jne .L266
 1672               	.L265:
 1673 125a 5288      		addq.l #1,%a0
 1674 125c 23C8 0000 		move.l %a0,txtpos
 1674      0000 
 1675 1262 2248      		move.l %a0,%a1
 1676               	.L267:
 1677 1264 1011      		move.b (%a1),%d0
 1678 1266 B003      		cmp.b %d3,%d0
 1679 1268 6628      		jne .L268
 1680               	.L269:
 1681 126a 1010      		move.b (%a0),%d0
 1682 126c B003      		cmp.b %d3,%d0
 1683 126e 6658      		jne .L270
 1684 1270 5288      		addq.l #1,%a0
 1685 1272 23C8 0000 		move.l %a0,txtpos
 1685      0000 
 1686               	.L271:
 1687 1278 2239 0000 		move.l txtpos,%d1
 1687      0000 
 1688 127e 2041      		move.l %d1,%a0
 1689 1280 1010      		move.b (%a0),%d0
 1690 1282 0C00 002C 		cmp.b #44,%d0
 1691 1286 6662      		jne .L272
 1692 1288 5281      		addq.l #1,%d1
 1693 128a 23C1 0000 		move.l %d1,txtpos
 1693      0000 
 1694 1290 60B2      		jra .L273
 1695               	.L268:
 1696 1292 5289      		addq.l #1,%a1
 1697 1294 0C00 000A 		cmp.b #10,%d0
 1698 1298 66CA      		jne .L267
 1699               	.L266:
 1700 129a 1010      		move.b (%a0),%d0
 1701 129c 0C00 0022 		cmp.b #34,%d0
 1702 12a0 6700 F9BA 		jeq .L218
 1703 12a4 0C00 0027 		cmp.b #39,%d0
 1704 12a8 6700 F9B2 		jeq .L218
 1705 12ac 4239 0000 		clr.b expression_error
 1705      0000 
 1706 12b2 4E96      		jsr (%a6)
 1707 12b4 4A39 0000 		tst.b expression_error.l
 1707      0000 
 1708 12ba 6600 F9A0 		jne .L218
 1709 12be 3240      		move.w %d0,%a1
 1710 12c0 2F09      		move.l %a1,-(%sp)
 1711 12c2 4E93      		jsr (%a3)
 1712 12c4 588F      		addq.l #4,%sp
 1713 12c6 60B0      		jra .L271
 1714               	.L270:
 1715 12c8 0280 0000 		and.l #255,%d0
 1715      00FF 
 1716 12ce 2F00      		move.l %d0,-(%sp)
 1717 12d0 41F9 0000 		lea outchar,%a0
 1717      0000 
 1718 12d6 4E90      		jsr (%a0)
 1719 12d8 2079 0000 		move.l txtpos,%a0
 1719      0000 
 1720 12de 5288      		addq.l #1,%a0
 1721 12e0 23C8 0000 		move.l %a0,txtpos
 1721      0000 
 1722 12e6 588F      		addq.l #4,%sp
 1723 12e8 6080      		jra .L269
 1724               	.L272:
 1725 12ea 0C00 003B 		cmp.b #59,%d0
 1726 12ee 661E      		jne .L274
 1727 12f0 1028 0001 		move.b 1(%a0),%d0
 1728 12f4 0C00 000A 		cmp.b #10,%d0
 1729 12f8 6708      		jeq .L275
 1730 12fa 0C00 003A 		cmp.b #58,%d0
 1731 12fe 6600 F95C 		jne .L218
 1732               	.L275:
 1733 1302 5281      		addq.l #1,%d1
 1734 1304 23C1 0000 		move.l %d1,txtpos
 1734      0000 
 1735 130a 6000 F7F8 		jra .L220
 1736               	.L274:
 1737 130e 0C00 000A 		cmp.b #10,%d0
 1738 1312 6708      		jeq .L276
 1739 1314 0C00 003A 		cmp.b #58,%d0
 1740 1318 6600 F942 		jne .L218
 1741               	.L276:
 1742 131c 4EBA EE42 		jsr line_terminator
 1743 1320 6000 F7E2 		jra .L220
 1744               	.L152:
 1745 1324 4CDF 7C1C 		movem.l (%sp)+,#31772
 1746 1328 588F      		addq.l #4,%sp
 1747 132a 4E75      		rts
 1749               		.align	2
 1750               		.globl	filenameWord
 1752               	filenameWord:
 1753 132c 48E7 3038 		movem.l #12344,-(%sp)
 1754 1330 4239 0000 		clr.b expression_error
 1754      0000 
 1755 1336 2479 0000 		move.l txtpos,%a2
 1755      0000 
 1756 133c 97CB      		sub.l %a3,%a3
 1757 133e 49FA EECE 		lea isValidFnChar,%a4
 1758               	.L367:
 1759 1342 240A      		move.l %a2,%d2
 1760 1344 161A      		move.b (%a2)+,%d3
 1761 1346 1003      		move.b %d3,%d0
 1762 1348 4880      		ext.w %d0
 1763 134a 3040      		move.w %d0,%a0
 1764 134c 2F08      		move.l %a0,-(%sp)
 1765 134e 4E94      		jsr (%a4)
 1766 1350 588F      		addq.l #4,%sp
 1767 1352 4A80      		tst.l %d0
 1768 1354 6720      		jeq .L376
 1769 1356 300B      		move.w %a3,%d0
 1770 1358 4A00      		tst.b %d0
 1771 135a 6706      		jeq .L368
 1772 135c 23C2 0000 		move.l %d2,txtpos
 1772      0000 
 1773               	.L368:
 1774 1362 4A03      		tst.b %d3
 1775 1364 6616      		jne .L369
 1776               	.L374:
 1777 1366 13FC 0001 		move.b #1,expression_error
 1777      0000 0000 
 1778               	.L366:
 1779 136e 2002      		move.l %d2,%d0
 1780 1370 4CDF 1C0C 		movem.l (%sp)+,#7180
 1781 1374 4E75      		rts
 1782               	.L376:
 1783 1376 367C 0001 		move.w #1,%a3
 1784 137a 60C6      		jra .L367
 1785               	.L369:
 1786 137c 2002      		move.l %d2,%d0
 1787 137e 5280      		addq.l #1,%d0
 1788 1380 23C0 0000 		move.l %d0,txtpos
 1788      0000 
 1789 1386 4203      		clr.b %d3
 1790               	.L371:
 1791 1388 264A      		move.l %a2,%a3
 1792 138a 101A      		move.b (%a2)+,%d0
 1793 138c 4880      		ext.w %d0
 1794 138e 3040      		move.w %d0,%a0
 1795 1390 2F08      		move.l %a0,-(%sp)
 1796 1392 4E94      		jsr (%a4)
 1797 1394 588F      		addq.l #4,%sp
 1798 1396 4A80      		tst.l %d0
 1799 1398 6618      		jne .L377
 1800 139a 4A03      		tst.b %d3
 1801 139c 6706      		jeq .L372
 1802 139e 23CB 0000 		move.l %a3,txtpos
 1802      0000 
 1803               	.L372:
 1804 13a4 B48B      		cmp.l %a3,%d2
 1805 13a6 67C6      		jeq .L366
 1806 13a8 4213      		clr.b (%a3)
 1807 13aa 2042      		move.l %d2,%a0
 1808 13ac 4A10      		tst.b (%a0)
 1809 13ae 67B6      		jeq .L374
 1810 13b0 60BC      		jra .L366
 1811               	.L377:
 1812 13b2 7601      		moveq #1,%d3
 1813 13b4 60D2      		jra .L371
 1815               		.align	2
 1816               		.globl	setup
 1818               	setup:
 1819 13b6 4E75      		rts
 1821               		.data
 1822               		.align	2
 1825               	rand_seed:
 1826 0000 0000 0001 		.long	1
 1827               		.globl	nowend_msg
 1828               		.section	.rodata
 1831               	nowend_msg:
 1832 0000 4E4F 2057 		.string	"NO WEND"
 1832      454E 4400 
 1833               		.globl	nowhile_msg
 1836               	nowhile_msg:
 1837 0008 4E4F 2057 		.string	"NO WHILE"
 1837      4849 4C45 
 1837      00
 1838               		.globl	stackmsg
 1841               	stackmsg:
 1842 0011 5354 4143 		.string	"STACK FULL"
 1842      4B20 4655 
 1842      4C4C 00
 1845               	backspacemsg:
 1846 001c 0820 0800 		.string	"\b \b"
 1849               	unimplimentedmsg:
 1850 0020 556E 696D 		.string	"Unimplemented"
 1850      706C 656D 
 1850      656E 7465 
 1850      6400 
 1853               	memorymsg:
 1854 002e 2062 7974 		.string	" bytes free."
 1854      6573 2066 
 1854      7265 652E 
 1854      00
 1857               	sorrymsg:
 1858 003b 536F 7272 		.string	"Sorry!"
 1858      7921 00
 1861               	howmsg:
 1862 0042 486F 773F 		.string	"How?"
 1862      00
 1865               	whatmsg:
 1866 0047 5768 6174 		.string	"What? "
 1866      3F20 00
 1869               	okmsg:
 1870 004e 4F4B 00   		.string	"OK"
 1871               		.local	linenum
 1872               		.comm	linenum,2,2
 1873               		.local	table_index
 1874               		.comm	table_index,1,1
 1875               		.local	sp
 1876               		.comm	sp,4,2
 1877               		.local	current_line
 1878               		.comm	current_line,4,2
 1879               		.local	variables_begin
 1880               		.comm	variables_begin,4,2
 1881               		.local	program_end
 1882               		.comm	program_end,4,2
 1883               		.local	program_start
 1884               		.comm	program_start,4,2
 1885               		.local	stack_limit
 1886               		.comm	stack_limit,4,2
 1889               	relop_tab:
 1890 0051 3EBD 3CBE 		.base64	"Pr08vr69PL28Ib0A"
 1890      BEBD 3CBD 
 1890      BC21 BD00 
 1893               	step_tab:
 1894 005d 5354 45D0 		.string	"STE\320"
 1894      00
 1897               	to_tab:
 1898 0062 54CF 00   		.base64	"VM8A"
 1901               	func_tab:
 1902 0065 5045 45CB 		.base64	"UEVFy0FC00FSRUHERFJFQcRSTsQA"
 1902      4142 D341 
 1902      5245 41C4 
 1902      4452 4541 
 1902      C452 4EC4 
 1905               	keywords:
 1906 007a 4C49 53D4 		.base64	"TElT1ExPQcRORddSVc5TQVbFTkVY1ExF1EnGR09Uz0dPU1XCUkVUVVLOUkXNRk/SSU5QVdRQUklO1FBPS8VTVE/QQ
 1906      4C4F 41C4 
 1906      4E45 D752 
 1906      55CE 5341 
 1906      56C5 4E45 
 1907               		.local	tempsp
 1908               		.comm	tempsp,4,2
 1909               		.local	expression_error
 1910               		.comm	expression_error,1,1
 1911               		.local	tmptxtpos
 1912               		.comm	tmptxtpos,4,2
 1913               		.local	list_line
 1914               		.comm	list_line,4,2
 1915               		.local	txtpos
 1916               		.comm	txtpos,4,2
 1917               		.local	program
 1918               		.comm	program,65536,1
 1919               		.local	triggerRun
 1920               		.comm	triggerRun,4,2
 1921               		.globl	__divsi3
 1922               		.globl	__modsi3
 1923               		.globl	__udivsi3
 1924               		.globl	__umodsi3
 1925               		.globl	__mulsi3
 1926               		.ident	"GCC: (GNU) 15.1.0"
